============================= test session starts =============================
platform win32 -- Python 3.13.5, pytest-8.4.1, pluggy-1.6.0
rootdir: C:\Users\shawng\CascadeProjects\PlasmaProject v1-1-7
plugins: cov-6.2.1
collected 14 items

tests\test_app_factory.py ....                                           [ 28%]
tests\test_models.py .EFEFE                                              [ 50%]
tests\test_routes_main.py EEEE                                           [ 78%]
tests\test_utils.py s.sE                                                 [100%]

=================================== ERRORS ====================================
_____________________ ERROR at teardown of test_user_crud _____________________

db = <SQLAlchemy>, app = <Flask 'app'>

    @pytest.fixture(scope='function')
    def session(db, app):
>       with app.app_context():
             ^^^^^^^^^^^^^^^^^

tests\conftest.py:79: 
_ _ _ _ _ _ _ _ _ _ _ _ _ _ _ _ _ _ _ _ _ _ _ _ _ _ _ _ _ _ _ _ _ _ _ _ _ _ _ _
..\..\AppData\Local\Programs\Python\Python313\Lib\site-packages\flask\ctx.py:284: in __exit__
    self.pop(exc_value)
..\..\AppData\Local\Programs\Python\Python313\Lib\site-packages\flask\ctx.py:262: in pop
    self.app.do_teardown_appcontext(exc)
..\..\AppData\Local\Programs\Python\Python313\Lib\site-packages\flask\app.py:1382: in do_teardown_appcontext
    self.ensure_sync(func)(exc)
_ _ _ _ _ _ _ _ _ _ _ _ _ _ _ _ _ _ _ _ _ _ _ _ _ _ _ _ _ _ _ _ _ _ _ _ _ _ _ _

self = <SQLAlchemy>, exc = None

    def _teardown_session(self, exc: BaseException | None) -> None:
        """Remove the current session at the end of the request.
    
        :meta private:
    
        .. versionadded:: 3.0
        """
>       self.session.remove()
        ^^^^^^^^^^^^^^^^^^^
E       AttributeError: 'Session' object has no attribute 'remove'

..\..\AppData\Local\Programs\Python\Python313\Lib\site-packages\flask_sqlalchemy\extension.py:448: AttributeError
---------------------------- Captured stderr setup ----------------------------
2025-07-03 14:41:40,059 - INFO - UPLOAD_FOLDER set to C:\Users\shawng\CascadeProjects\PlasmaProject v1-1-7\instance\uploads
2025-07-03 14:41:40,060 - INFO - UPLOAD_FOLDER is writable: C:\Users\shawng\CascadeProjects\PlasmaProject v1-1-7\instance\uploads
----------------------------- Captured log setup ------------------------------
INFO     root:__init__.py:74 UPLOAD_FOLDER set to C:\Users\shawng\CascadeProjects\PlasmaProject v1-1-7\instance\uploads
INFO     root:__init__.py:81 UPLOAD_FOLDER is writable: C:\Users\shawng\CascadeProjects\PlasmaProject v1-1-7\instance\uploads
________________ ERROR at teardown of test_order_relationships ________________

db = <SQLAlchemy>, app = <Flask 'app'>

    @pytest.fixture(scope='function')
    def session(db, app):
>       with app.app_context():
             ^^^^^^^^^^^^^^^^^

tests\conftest.py:79: 
_ _ _ _ _ _ _ _ _ _ _ _ _ _ _ _ _ _ _ _ _ _ _ _ _ _ _ _ _ _ _ _ _ _ _ _ _ _ _ _
..\..\AppData\Local\Programs\Python\Python313\Lib\site-packages\flask\ctx.py:284: in __exit__
    self.pop(exc_value)
..\..\AppData\Local\Programs\Python\Python313\Lib\site-packages\flask\ctx.py:262: in pop
    self.app.do_teardown_appcontext(exc)
..\..\AppData\Local\Programs\Python\Python313\Lib\site-packages\flask\app.py:1382: in do_teardown_appcontext
    self.ensure_sync(func)(exc)
_ _ _ _ _ _ _ _ _ _ _ _ _ _ _ _ _ _ _ _ _ _ _ _ _ _ _ _ _ _ _ _ _ _ _ _ _ _ _ _

self = <SQLAlchemy>, exc = None

    def _teardown_session(self, exc: BaseException | None) -> None:
        """Remove the current session at the end of the request.
    
        :meta private:
    
        .. versionadded:: 3.0
        """
>       self.session.remove()
        ^^^^^^^^^^^^^^^^^^^
E       AttributeError: 'Session' object has no attribute 'remove'

..\..\AppData\Local\Programs\Python\Python313\Lib\site-packages\flask_sqlalchemy\extension.py:448: AttributeError
-------------------------- Captured stderr teardown ---------------------------
2025-07-03 14:41:41,474 - ERROR - Test tests/test_models.py::test_order_relationships FAILED
Captured output:

Captured stderr:

2025-07-03 14:41:41,476 - ERROR - Failure traceback for tests/test_models.py::test_order_relationships:
self = <sqlalchemy.engine.base.Connection object at 0x000002A76A9E34D0>
dialect = <sqlalchemy.dialects.sqlite.pysqlite.SQLiteDialect_pysqlite object at 0x000002A76AA00510>
context = <sqlalchemy.dialects.sqlite.base.SQLiteExecutionContext object at 0x000002A76AAFE510>
statement = <sqlalchemy.dialects.sqlite.base.SQLiteCompiler object at 0x000002A76A568590>
parameters = [('order@test.com', None, 'Order', 'Tester', '1234567890', 'scrypt:32768:8:1$5zAYTsCDEVC5Gzkb$5142c6651002a6307adaf3680ff7c9858f3f74e68da5c080075c6a5fc0f38095eb378796ad9872398959060c1f858d36bf179e0d94fcd6a9150a9f871c25da1c', ...)]

    def _exec_single_context(
        self,
        dialect: Dialect,
        context: ExecutionContext,
        statement: Union[str, Compiled],
        parameters: Optional[_AnyMultiExecuteParams],
    ) -> CursorResult[Any]:
        """continue the _execute_context() method for a single DBAPI
        cursor.execute() or cursor.executemany() call.
    
        """
        if dialect.bind_typing is BindTyping.SETINPUTSIZES:
            generic_setinputsizes = context._prepare_set_input_sizes()
    
            if generic_setinputsizes:
                try:
                    dialect.do_set_input_sizes(
                        context.cursor, generic_setinputsizes, context
                    )
                except BaseException as e:
                    self._handle_dbapi_exception(
                        e, str(statement), parameters, None, context
                    )
    
        cursor, str_statement, parameters = (
            context.cursor,
            context.statement,
            context.parameters,
        )
    
        effective_parameters: Optional[_AnyExecuteParams]
    
        if not context.executemany:
            effective_parameters = parameters[0]
        else:
            effective_parameters = parameters
    
        if self._has_events or self.engine._has_events:
            for fn in self.dispatch.before_cursor_execute:
                str_statement, effective_parameters = fn(
                    self,
                    cursor,
                    str_statement,
                    effective_parameters,
                    context,
                    context.executemany,
                )
    
        if self._echo:
            self._log_info(str_statement)
    
            stats = context._get_cache_stats()
    
            if not self.engine.hide_parameters:
                self._log_info(
                    "[%s] %r",
                    stats,
                    sql_util._repr_params(
                        effective_parameters,
                        batches=10,
                        ismulti=context.executemany,
                    ),
                )
            else:
                self._log_info(
                    "[%s] [SQL parameters hidden due to hide_parameters=True]",
                    stats,
                )
    
        evt_handled: bool = False
        try:
            if context.execute_style is ExecuteStyle.EXECUTEMANY:
                effective_parameters = cast(
                    "_CoreMultiExecuteParams", effective_parameters
                )
                if self.dialect._has_events:
                    for fn in self.dialect.dispatch.do_executemany:
                        if fn(
                            cursor,
                            str_statement,
                            effective_parameters,
                            context,
                        ):
                            evt_handled = True
                            break
                if not evt_handled:
                    self.dialect.do_executemany(
                        cursor,
                        str_statement,
                        effective_parameters,
                        context,
                    )
            elif not effective_parameters and context.no_parameters:
                if self.dialect._has_events:
                    for fn in self.dialect.dispatch.do_execute_no_params:
                        if fn(cursor, str_statement, context):
                            evt_handled = True
                            break
                if not evt_handled:
                    self.dialect.do_execute_no_params(
                        cursor, str_statement, context
                    )
            else:
                effective_parameters = cast(
                    "_CoreSingleExecuteParams", effective_parameters
                )
                if self.dialect._has_events:
                    for fn in self.dialect.dispatch.do_execute:
                        if fn(
                            cursor,
                            str_statement,
                            effective_parameters,
                            context,
                        ):
                            evt_handled = True
                            break
                if not evt_handled:
>                   self.dialect.do_execute(
                        cursor, str_statement, effective_parameters, context
                    )

..\..\AppData\Local\Programs\Python\Python313\Lib\site-packages\sqlalchemy\engine\base.py:1963: 
_ _ _ _ _ _ _ _ _ _ _ _ _ _ _ _ _ _ _ _ _ _ _ _ _ _ _ _ _ _ _ _ _ _ _ _ _ _ _ _

self = <sqlalchemy.dialects.sqlite.pysqlite.SQLiteDialect_pysqlite object at 0x000002A76AA00510>
cursor = <sqlite3.Cursor object at 0x000002A76A9D0D40>
statement = 'INSERT INTO user (email, company, first_name, last_name, phone, password_hash, password_reset_token) VALUES (?, ?, ?, ?, ?, ?, ?)'
parameters = ('order@test.com', None, 'Order', 'Tester', '1234567890', 'scrypt:32768:8:1$5zAYTsCDEVC5Gzkb$5142c6651002a6307adaf3680ff7c9858f3f74e68da5c080075c6a5fc0f38095eb378796ad9872398959060c1f858d36bf179e0d94fcd6a9150a9f871c25da1c', ...)
context = <sqlalchemy.dialects.sqlite.base.SQLiteExecutionContext object at 0x000002A76AAFE510>

    def do_execute(self, cursor, statement, parameters, context=None):
>       cursor.execute(statement, parameters)
E       sqlite3.IntegrityError: UNIQUE constraint failed: user.email

..\..\AppData\Local\Programs\Python\Python313\Lib\site-packages\sqlalchemy\engine\default.py:943: IntegrityError

The above exception was the direct cause of the following exception:

session = <sqlalchemy.orm.session.Session object at 0x000002A76A97F890>

    def test_order_relationships(session):
        user = User(email="order@test.com", first_name="Order", last_name="Tester", phone="1234567890")
        user.set_password("pw")
        session.add(user)
        order = Order(id="ORD1", user=user, total=100.0)
        session.add(order)
        item = OrderItem(order=order, part_number="PN1", quantity=2, material="Steel", thickness=0.25)
        session.add(item)
        session.commit()
        fetched_order = session.query(Order).filter_by(id="ORD1").one()
        assert fetched_order.user.email == "order@test.com"
        assert fetched_order.items[0].part_number == "PN1"
        user = User(email="order@test.com", first_name="Order", last_name="Tester", phone="1234567890")
        user.set_password("pw")
        session.add(user)
        order = Order(id="ORD1", user=user, total=100.0)
        session.add(order)
        item = OrderItem(order=order, part_number="PN1", quantity=2, material="Steel", thickness=0.25)
        session.add(item)
>       session.commit()

tests\test_models.py:68: 
_ _ _ _ _ _ _ _ _ _ _ _ _ _ _ _ _ _ _ _ _ _ _ _ _ _ _ _ _ _ _ _ _ _ _ _ _ _ _ _
..\..\AppData\Local\Programs\Python\Python313\Lib\site-packages\sqlalchemy\orm\session.py:2032: in commit
    trans.commit(_to_root=True)
<string>:2: in commit
    ???
..\..\AppData\Local\Programs\Python\Python313\Lib\site-packages\sqlalchemy\orm\state_changes.py:139: in _go
    ret_value = fn(self, *arg, **kw)
                ^^^^^^^^^^^^^^^^^^^^
..\..\AppData\Local\Programs\Python\Python313\Lib\site-packages\sqlalchemy\orm\session.py:1313: in commit
    self._prepare_impl()
<string>:2: in _prepare_impl
    ???
..\..\AppData\Local\Programs\Python\Python313\Lib\site-packages\sqlalchemy\orm\state_changes.py:139: in _go
    ret_value = fn(self, *arg, **kw)
                ^^^^^^^^^^^^^^^^^^^^
..\..\AppData\Local\Programs\Python\Python313\Lib\site-packages\sqlalchemy\orm\session.py:1288: in _prepare_impl
    self.session.flush()
..\..\AppData\Local\Programs\Python\Python313\Lib\site-packages\sqlalchemy\orm\session.py:4345: in flush
    self._flush(objects)
..\..\AppData\Local\Programs\Python\Python313\Lib\site-packages\sqlalchemy\orm\session.py:4480: in _flush
    with util.safe_reraise():
         ^^^^^^^^^^^^^^^^^^^
..\..\AppData\Local\Programs\Python\Python313\Lib\site-packages\sqlalchemy\util\langhelpers.py:224: in __exit__
    raise exc_value.with_traceback(exc_tb)
..\..\AppData\Local\Programs\Python\Python313\Lib\site-packages\sqlalchemy\orm\session.py:4441: in _flush
    flush_context.execute()
..\..\AppData\Local\Programs\Python\Python313\Lib\site-packages\sqlalchemy\orm\unitofwork.py:466: in execute
    rec.execute(self)
..\..\AppData\Local\Programs\Python\Python313\Lib\site-packages\sqlalchemy\orm\unitofwork.py:642: in execute
    util.preloaded.orm_persistence.save_obj(
..\..\AppData\Local\Programs\Python\Python313\Lib\site-packages\sqlalchemy\orm\persistence.py:93: in save_obj
    _emit_insert_statements(
..\..\AppData\Local\Programs\Python\Python313\Lib\site-packages\sqlalchemy\orm\persistence.py:1233: in _emit_insert_statements
    result = connection.execute(
..\..\AppData\Local\Programs\Python\Python313\Lib\site-packages\sqlalchemy\engine\base.py:1415: in execute
    return meth(
..\..\AppData\Local\Programs\Python\Python313\Lib\site-packages\sqlalchemy\sql\elements.py:523: in _execute_on_connection
    return connection._execute_clauseelement(
..\..\AppData\Local\Programs\Python\Python313\Lib\site-packages\sqlalchemy\engine\base.py:1637: in _execute_clauseelement
    ret = self._execute_context(
..\..\AppData\Local\Programs\Python\Python313\Lib\site-packages\sqlalchemy\engine\base.py:1842: in _execute_context
    return self._exec_single_context(
..\..\AppData\Local\Programs\Python\Python313\Lib\site-packages\sqlalchemy\engine\base.py:1982: in _exec_single_context
    self._handle_dbapi_exception(
..\..\AppData\Local\Programs\Python\Python313\Lib\site-packages\sqlalchemy\engine\base.py:2351: in _handle_dbapi_exception
    raise sqlalchemy_exception.with_traceback(exc_info[2]) from e
..\..\AppData\Local\Programs\Python\Python313\Lib\site-packages\sqlalchemy\engine\base.py:1963: in _exec_single_context
    self.dialect.do_execute(
_ _ _ _ _ _ _ _ _ _ _ _ _ _ _ _ _ _ _ _ _ _ _ _ _ _ _ _ _ _ _ _ _ _ _ _ _ _ _ _

self = <sqlalchemy.dialects.sqlite.pysqlite.SQLiteDialect_pysqlite object at 0x000002A76AA00510>
cursor = <sqlite3.Cursor object at 0x000002A76A9D0D40>
statement = 'INSERT INTO user (email, company, first_name, last_name, phone, password_hash, password_reset_token) VALUES (?, ?, ?, ?, ?, ?, ?)'
parameters = ('order@test.com', None, 'Order', 'Tester', '1234567890', 'scrypt:32768:8:1$5zAYTsCDEVC5Gzkb$5142c6651002a6307adaf3680ff7c9858f3f74e68da5c080075c6a5fc0f38095eb378796ad9872398959060c1f858d36bf179e0d94fcd6a9150a9f871c25da1c', ...)
context = <sqlalchemy.dialects.sqlite.base.SQLiteExecutionContext object at 0x000002A76AAFE510>

    def do_execute(self, cursor, statement, parameters, context=None):
>       cursor.execute(statement, parameters)
E       sqlalchemy.exc.IntegrityError: (sqlite3.IntegrityError) UNIQUE constraint failed: user.email
E       [SQL: INSERT INTO user (email, company, first_name, last_name, phone, password_hash, password_reset_token) VALUES (?, ?, ?, ?, ?, ?, ?)]
E       [parameters: ('order@test.com', None, 'Order', 'Tester', '1234567890', 'scrypt:32768:8:1$5zAYTsCDEVC5Gzkb$5142c6651002a6307adaf3680ff7c9858f3f74e68da5c080075c6a5fc0f38095eb378796ad9872398959060c1f858d36bf179e0d94fcd6a9150a9f871c25da1c', None)]
E       (Background on this error at: https://sqlalche.me/e/20/gkpj)

..\..\AppData\Local\Programs\Python\Python313\Lib\site-packages\sqlalchemy\engine\default.py:943: IntegrityError
_________________ ERROR at teardown of test_dev_model_summary _________________

db = <SQLAlchemy>, app = <Flask 'app'>

    @pytest.fixture(scope='function')
    def session(db, app):
>       with app.app_context():
             ^^^^^^^^^^^^^^^^^

tests\conftest.py:79: 
_ _ _ _ _ _ _ _ _ _ _ _ _ _ _ _ _ _ _ _ _ _ _ _ _ _ _ _ _ _ _ _ _ _ _ _ _ _ _ _
..\..\AppData\Local\Programs\Python\Python313\Lib\site-packages\flask\ctx.py:284: in __exit__
    self.pop(exc_value)
..\..\AppData\Local\Programs\Python\Python313\Lib\site-packages\flask\ctx.py:262: in pop
    self.app.do_teardown_appcontext(exc)
..\..\AppData\Local\Programs\Python\Python313\Lib\site-packages\flask\app.py:1382: in do_teardown_appcontext
    self.ensure_sync(func)(exc)
_ _ _ _ _ _ _ _ _ _ _ _ _ _ _ _ _ _ _ _ _ _ _ _ _ _ _ _ _ _ _ _ _ _ _ _ _ _ _ _

self = <SQLAlchemy>, exc = None

    def _teardown_session(self, exc: BaseException | None) -> None:
        """Remove the current session at the end of the request.
    
        :meta private:
    
        .. versionadded:: 3.0
        """
>       self.session.remove()
        ^^^^^^^^^^^^^^^^^^^
E       AttributeError: 'Session' object has no attribute 'remove'

..\..\AppData\Local\Programs\Python\Python313\Lib\site-packages\flask_sqlalchemy\extension.py:448: AttributeError
-------------------------- Captured stderr teardown ---------------------------
2025-07-03 14:41:42,163 - ERROR - Test tests/test_models.py::test_dev_model_summary FAILED
Captured output:

Captured stderr:

2025-07-03 14:41:42,164 - ERROR - Failure traceback for tests/test_models.py::test_dev_model_summary:
self = <sqlalchemy.engine.base.Connection object at 0x000002A76A9D7380>
dialect = <sqlalchemy.dialects.sqlite.pysqlite.SQLiteDialect_pysqlite object at 0x000002A76AA00510>
context = <sqlalchemy.dialects.sqlite.base.SQLiteExecutionContext object at 0x000002A76AAFF350>
statement = <sqlalchemy.dialects.sqlite.base.SQLiteCompiler object at 0x000002A76A568590>
parameters = [('dev@dev.com', None, 'Dev', 'Test', '1234567890', 'scrypt:32768:8:1$oSqPxT9XXM4It0F8$12b14e1a0be3124f3b50c67a33eaed67d9554c9b5fa5244a9c15593bbd1edaeb3b03665ac4ff251ce3d59a7294b2e265bc17d4d6689a05395ba581610a234ee1', ...)]

    def _exec_single_context(
        self,
        dialect: Dialect,
        context: ExecutionContext,
        statement: Union[str, Compiled],
        parameters: Optional[_AnyMultiExecuteParams],
    ) -> CursorResult[Any]:
        """continue the _execute_context() method for a single DBAPI
        cursor.execute() or cursor.executemany() call.
    
        """
        if dialect.bind_typing is BindTyping.SETINPUTSIZES:
            generic_setinputsizes = context._prepare_set_input_sizes()
    
            if generic_setinputsizes:
                try:
                    dialect.do_set_input_sizes(
                        context.cursor, generic_setinputsizes, context
                    )
                except BaseException as e:
                    self._handle_dbapi_exception(
                        e, str(statement), parameters, None, context
                    )
    
        cursor, str_statement, parameters = (
            context.cursor,
            context.statement,
            context.parameters,
        )
    
        effective_parameters: Optional[_AnyExecuteParams]
    
        if not context.executemany:
            effective_parameters = parameters[0]
        else:
            effective_parameters = parameters
    
        if self._has_events or self.engine._has_events:
            for fn in self.dispatch.before_cursor_execute:
                str_statement, effective_parameters = fn(
                    self,
                    cursor,
                    str_statement,
                    effective_parameters,
                    context,
                    context.executemany,
                )
    
        if self._echo:
            self._log_info(str_statement)
    
            stats = context._get_cache_stats()
    
            if not self.engine.hide_parameters:
                self._log_info(
                    "[%s] %r",
                    stats,
                    sql_util._repr_params(
                        effective_parameters,
                        batches=10,
                        ismulti=context.executemany,
                    ),
                )
            else:
                self._log_info(
                    "[%s] [SQL parameters hidden due to hide_parameters=True]",
                    stats,
                )
    
        evt_handled: bool = False
        try:
            if context.execute_style is ExecuteStyle.EXECUTEMANY:
                effective_parameters = cast(
                    "_CoreMultiExecuteParams", effective_parameters
                )
                if self.dialect._has_events:
                    for fn in self.dialect.dispatch.do_executemany:
                        if fn(
                            cursor,
                            str_statement,
                            effective_parameters,
                            context,
                        ):
                            evt_handled = True
                            break
                if not evt_handled:
                    self.dialect.do_executemany(
                        cursor,
                        str_statement,
                        effective_parameters,
                        context,
                    )
            elif not effective_parameters and context.no_parameters:
                if self.dialect._has_events:
                    for fn in self.dialect.dispatch.do_execute_no_params:
                        if fn(cursor, str_statement, context):
                            evt_handled = True
                            break
                if not evt_handled:
                    self.dialect.do_execute_no_params(
                        cursor, str_statement, context
                    )
            else:
                effective_parameters = cast(
                    "_CoreSingleExecuteParams", effective_parameters
                )
                if self.dialect._has_events:
                    for fn in self.dialect.dispatch.do_execute:
                        if fn(
                            cursor,
                            str_statement,
                            effective_parameters,
                            context,
                        ):
                            evt_handled = True
                            break
                if not evt_handled:
>                   self.dialect.do_execute(
                        cursor, str_statement, effective_parameters, context
                    )

..\..\AppData\Local\Programs\Python\Python313\Lib\site-packages\sqlalchemy\engine\base.py:1963: 
_ _ _ _ _ _ _ _ _ _ _ _ _ _ _ _ _ _ _ _ _ _ _ _ _ _ _ _ _ _ _ _ _ _ _ _ _ _ _ _

self = <sqlalchemy.dialects.sqlite.pysqlite.SQLiteDialect_pysqlite object at 0x000002A76AA00510>
cursor = <sqlite3.Cursor object at 0x000002A76AB5B640>
statement = 'INSERT INTO user (email, company, first_name, last_name, phone, password_hash, password_reset_token) VALUES (?, ?, ?, ?, ?, ?, ?)'
parameters = ('dev@dev.com', None, 'Dev', 'Test', '1234567890', 'scrypt:32768:8:1$oSqPxT9XXM4It0F8$12b14e1a0be3124f3b50c67a33eaed67d9554c9b5fa5244a9c15593bbd1edaeb3b03665ac4ff251ce3d59a7294b2e265bc17d4d6689a05395ba581610a234ee1', ...)
context = <sqlalchemy.dialects.sqlite.base.SQLiteExecutionContext object at 0x000002A76AAFF350>

    def do_execute(self, cursor, statement, parameters, context=None):
>       cursor.execute(statement, parameters)
E       sqlite3.IntegrityError: UNIQUE constraint failed: user.email

..\..\AppData\Local\Programs\Python\Python313\Lib\site-packages\sqlalchemy\engine\default.py:943: IntegrityError

The above exception was the direct cause of the following exception:

session = <sqlalchemy.orm.session.Session object at 0x000002A76AA5B890>
capsys = <_pytest.capture.CaptureFixture object at 0x000002A76AA5B610>

    def test_dev_model_summary(session, capsys):
        user = User(email="dev@dev.com", first_name="Dev", last_name="Test", phone="1234567890")
        user.set_password("pw")
        session.add(user)
        session.commit()
        print(f"[DEV] User created: {user.email}")
        out, _ = capsys.readouterr()
        assert "[DEV] User created:" in out
        user = User(email="dev@dev.com", first_name="Dev", last_name="Test", phone="1234567890")
        user.set_password("pw")
        session.add(user)
>       session.commit()

tests\test_models.py:85: 
_ _ _ _ _ _ _ _ _ _ _ _ _ _ _ _ _ _ _ _ _ _ _ _ _ _ _ _ _ _ _ _ _ _ _ _ _ _ _ _
..\..\AppData\Local\Programs\Python\Python313\Lib\site-packages\sqlalchemy\orm\session.py:2032: in commit
    trans.commit(_to_root=True)
<string>:2: in commit
    ???
..\..\AppData\Local\Programs\Python\Python313\Lib\site-packages\sqlalchemy\orm\state_changes.py:139: in _go
    ret_value = fn(self, *arg, **kw)
                ^^^^^^^^^^^^^^^^^^^^
..\..\AppData\Local\Programs\Python\Python313\Lib\site-packages\sqlalchemy\orm\session.py:1313: in commit
    self._prepare_impl()
<string>:2: in _prepare_impl
    ???
..\..\AppData\Local\Programs\Python\Python313\Lib\site-packages\sqlalchemy\orm\state_changes.py:139: in _go
    ret_value = fn(self, *arg, **kw)
                ^^^^^^^^^^^^^^^^^^^^
..\..\AppData\Local\Programs\Python\Python313\Lib\site-packages\sqlalchemy\orm\session.py:1288: in _prepare_impl
    self.session.flush()
..\..\AppData\Local\Programs\Python\Python313\Lib\site-packages\sqlalchemy\orm\session.py:4345: in flush
    self._flush(objects)
..\..\AppData\Local\Programs\Python\Python313\Lib\site-packages\sqlalchemy\orm\session.py:4480: in _flush
    with util.safe_reraise():
         ^^^^^^^^^^^^^^^^^^^
..\..\AppData\Local\Programs\Python\Python313\Lib\site-packages\sqlalchemy\util\langhelpers.py:224: in __exit__
    raise exc_value.with_traceback(exc_tb)
..\..\AppData\Local\Programs\Python\Python313\Lib\site-packages\sqlalchemy\orm\session.py:4441: in _flush
    flush_context.execute()
..\..\AppData\Local\Programs\Python\Python313\Lib\site-packages\sqlalchemy\orm\unitofwork.py:466: in execute
    rec.execute(self)
..\..\AppData\Local\Programs\Python\Python313\Lib\site-packages\sqlalchemy\orm\unitofwork.py:642: in execute
    util.preloaded.orm_persistence.save_obj(
..\..\AppData\Local\Programs\Python\Python313\Lib\site-packages\sqlalchemy\orm\persistence.py:93: in save_obj
    _emit_insert_statements(
..\..\AppData\Local\Programs\Python\Python313\Lib\site-packages\sqlalchemy\orm\persistence.py:1233: in _emit_insert_statements
    result = connection.execute(
..\..\AppData\Local\Programs\Python\Python313\Lib\site-packages\sqlalchemy\engine\base.py:1415: in execute
    return meth(
..\..\AppData\Local\Programs\Python\Python313\Lib\site-packages\sqlalchemy\sql\elements.py:523: in _execute_on_connection
    return connection._execute_clauseelement(
..\..\AppData\Local\Programs\Python\Python313\Lib\site-packages\sqlalchemy\engine\base.py:1637: in _execute_clauseelement
    ret = self._execute_context(
..\..\AppData\Local\Programs\Python\Python313\Lib\site-packages\sqlalchemy\engine\base.py:1842: in _execute_context
    return self._exec_single_context(
..\..\AppData\Local\Programs\Python\Python313\Lib\site-packages\sqlalchemy\engine\base.py:1982: in _exec_single_context
    self._handle_dbapi_exception(
..\..\AppData\Local\Programs\Python\Python313\Lib\site-packages\sqlalchemy\engine\base.py:2351: in _handle_dbapi_exception
    raise sqlalchemy_exception.with_traceback(exc_info[2]) from e
..\..\AppData\Local\Programs\Python\Python313\Lib\site-packages\sqlalchemy\engine\base.py:1963: in _exec_single_context
    self.dialect.do_execute(
_ _ _ _ _ _ _ _ _ _ _ _ _ _ _ _ _ _ _ _ _ _ _ _ _ _ _ _ _ _ _ _ _ _ _ _ _ _ _ _

self = <sqlalchemy.dialects.sqlite.pysqlite.SQLiteDialect_pysqlite object at 0x000002A76AA00510>
cursor = <sqlite3.Cursor object at 0x000002A76AB5B640>
statement = 'INSERT INTO user (email, company, first_name, last_name, phone, password_hash, password_reset_token) VALUES (?, ?, ?, ?, ?, ?, ?)'
parameters = ('dev@dev.com', None, 'Dev', 'Test', '1234567890', 'scrypt:32768:8:1$oSqPxT9XXM4It0F8$12b14e1a0be3124f3b50c67a33eaed67d9554c9b5fa5244a9c15593bbd1edaeb3b03665ac4ff251ce3d59a7294b2e265bc17d4d6689a05395ba581610a234ee1', ...)
context = <sqlalchemy.dialects.sqlite.base.SQLiteExecutionContext object at 0x000002A76AAFF350>

    def do_execute(self, cursor, statement, parameters, context=None):
>       cursor.execute(statement, parameters)
E       sqlalchemy.exc.IntegrityError: (sqlite3.IntegrityError) UNIQUE constraint failed: user.email
E       [SQL: INSERT INTO user (email, company, first_name, last_name, phone, password_hash, password_reset_token) VALUES (?, ?, ?, ?, ?, ?, ?)]
E       [parameters: ('dev@dev.com', None, 'Dev', 'Test', '1234567890', 'scrypt:32768:8:1$oSqPxT9XXM4It0F8$12b14e1a0be3124f3b50c67a33eaed67d9554c9b5fa5244a9c15593bbd1edaeb3b03665ac4ff251ce3d59a7294b2e265bc17d4d6689a05395ba581610a234ee1', None)]
E       (Background on this error at: https://sqlalche.me/e/20/gkpj)

..\..\AppData\Local\Programs\Python\Python313\Lib\site-packages\sqlalchemy\engine\default.py:943: IntegrityError
__________________ ERROR at setup of test_index_route_guest ___________________

    @pytest.fixture(scope="session")
    def app():
        from sqlalchemy.pool import StaticPool
>       app = create_app()
              ^^^^^^^^^^^^

tests\test_routes_main.py:15: 
_ _ _ _ _ _ _ _ _ _ _ _ _ _ _ _ _ _ _ _ _ _ _ _ _ _ _ _ _ _ _ _ _ _ _ _ _ _ _ _
app\__init__.py:68: in create_app
    with app.app_context():
         ^^^^^^^^^^^^^^^^^
..\..\AppData\Local\Programs\Python\Python313\Lib\site-packages\flask\ctx.py:284: in __exit__
    self.pop(exc_value)
..\..\AppData\Local\Programs\Python\Python313\Lib\site-packages\flask\ctx.py:262: in pop
    self.app.do_teardown_appcontext(exc)
..\..\AppData\Local\Programs\Python\Python313\Lib\site-packages\flask\app.py:1382: in do_teardown_appcontext
    self.ensure_sync(func)(exc)
_ _ _ _ _ _ _ _ _ _ _ _ _ _ _ _ _ _ _ _ _ _ _ _ _ _ _ _ _ _ _ _ _ _ _ _ _ _ _ _

self = <SQLAlchemy>, exc = None

    def _teardown_session(self, exc: BaseException | None) -> None:
        """Remove the current session at the end of the request.
    
        :meta private:
    
        .. versionadded:: 3.0
        """
>       self.session.remove()
        ^^^^^^^^^^^^^^^^^^^
E       AttributeError: 'Session' object has no attribute 'remove'

..\..\AppData\Local\Programs\Python\Python313\Lib\site-packages\flask_sqlalchemy\extension.py:448: AttributeError
____________ ERROR at setup of test_protected_route_requires_login ____________

    @pytest.fixture(scope="session")
    def app():
        from sqlalchemy.pool import StaticPool
>       app = create_app()
              ^^^^^^^^^^^^

tests\test_routes_main.py:15: 
_ _ _ _ _ _ _ _ _ _ _ _ _ _ _ _ _ _ _ _ _ _ _ _ _ _ _ _ _ _ _ _ _ _ _ _ _ _ _ _
app\__init__.py:68: in create_app
    with app.app_context():
         ^^^^^^^^^^^^^^^^^
..\..\AppData\Local\Programs\Python\Python313\Lib\site-packages\flask\ctx.py:284: in __exit__
    self.pop(exc_value)
..\..\AppData\Local\Programs\Python\Python313\Lib\site-packages\flask\ctx.py:262: in pop
    self.app.do_teardown_appcontext(exc)
..\..\AppData\Local\Programs\Python\Python313\Lib\site-packages\flask\app.py:1382: in do_teardown_appcontext
    self.ensure_sync(func)(exc)
_ _ _ _ _ _ _ _ _ _ _ _ _ _ _ _ _ _ _ _ _ _ _ _ _ _ _ _ _ _ _ _ _ _ _ _ _ _ _ _

self = <SQLAlchemy>, exc = None

    def _teardown_session(self, exc: BaseException | None) -> None:
        """Remove the current session at the end of the request.
    
        :meta private:
    
        .. versionadded:: 3.0
        """
>       self.session.remove()
        ^^^^^^^^^^^^^^^^^^^
E       AttributeError: 'Session' object has no attribute 'remove'

..\..\AppData\Local\Programs\Python\Python313\Lib\site-packages\flask_sqlalchemy\extension.py:448: AttributeError
____________________ ERROR at setup of test_error_handling ____________________

    @pytest.fixture(scope="session")
    def app():
        from sqlalchemy.pool import StaticPool
>       app = create_app()
              ^^^^^^^^^^^^

tests\test_routes_main.py:15: 
_ _ _ _ _ _ _ _ _ _ _ _ _ _ _ _ _ _ _ _ _ _ _ _ _ _ _ _ _ _ _ _ _ _ _ _ _ _ _ _
app\__init__.py:68: in create_app
    with app.app_context():
         ^^^^^^^^^^^^^^^^^
..\..\AppData\Local\Programs\Python\Python313\Lib\site-packages\flask\ctx.py:284: in __exit__
    self.pop(exc_value)
..\..\AppData\Local\Programs\Python\Python313\Lib\site-packages\flask\ctx.py:262: in pop
    self.app.do_teardown_appcontext(exc)
..\..\AppData\Local\Programs\Python\Python313\Lib\site-packages\flask\app.py:1382: in do_teardown_appcontext
    self.ensure_sync(func)(exc)
_ _ _ _ _ _ _ _ _ _ _ _ _ _ _ _ _ _ _ _ _ _ _ _ _ _ _ _ _ _ _ _ _ _ _ _ _ _ _ _

self = <SQLAlchemy>, exc = None

    def _teardown_session(self, exc: BaseException | None) -> None:
        """Remove the current session at the end of the request.
    
        :meta private:
    
        .. versionadded:: 3.0
        """
>       self.session.remove()
        ^^^^^^^^^^^^^^^^^^^
E       AttributeError: 'Session' object has no attribute 'remove'

..\..\AppData\Local\Programs\Python\Python313\Lib\site-packages\flask_sqlalchemy\extension.py:448: AttributeError
__________________ ERROR at setup of test_dev_route_coverage __________________

    @pytest.fixture(scope="session")
    def app():
        from sqlalchemy.pool import StaticPool
>       app = create_app()
              ^^^^^^^^^^^^

tests\test_routes_main.py:15: 
_ _ _ _ _ _ _ _ _ _ _ _ _ _ _ _ _ _ _ _ _ _ _ _ _ _ _ _ _ _ _ _ _ _ _ _ _ _ _ _
app\__init__.py:68: in create_app
    with app.app_context():
         ^^^^^^^^^^^^^^^^^
..\..\AppData\Local\Programs\Python\Python313\Lib\site-packages\flask\ctx.py:284: in __exit__
    self.pop(exc_value)
..\..\AppData\Local\Programs\Python\Python313\Lib\site-packages\flask\ctx.py:262: in pop
    self.app.do_teardown_appcontext(exc)
..\..\AppData\Local\Programs\Python\Python313\Lib\site-packages\flask\app.py:1382: in do_teardown_appcontext
    self.ensure_sync(func)(exc)
_ _ _ _ _ _ _ _ _ _ _ _ _ _ _ _ _ _ _ _ _ _ _ _ _ _ _ _ _ _ _ _ _ _ _ _ _ _ _ _

self = <SQLAlchemy>, exc = None

    def _teardown_session(self, exc: BaseException | None) -> None:
        """Remove the current session at the end of the request.
    
        :meta private:
    
        .. versionadded:: 3.0
        """
>       self.session.remove()
        ^^^^^^^^^^^^^^^^^^^
E       AttributeError: 'Session' object has no attribute 'remove'

..\..\AppData\Local\Programs\Python\Python313\Lib\site-packages\flask_sqlalchemy\extension.py:448: AttributeError
___________________ ERROR at teardown of test_dev_parse_log ___________________

app = <Flask 'app'>

    @pytest.fixture(scope='session')
    def db(app):
        with app.app_context():
            _db.drop_all()
            _db.create_all()
        yield _db
>       with app.app_context():
             ^^^^^^^^^^^^^^^^^

tests\conftest.py:74: 
_ _ _ _ _ _ _ _ _ _ _ _ _ _ _ _ _ _ _ _ _ _ _ _ _ _ _ _ _ _ _ _ _ _ _ _ _ _ _ _
..\..\AppData\Local\Programs\Python\Python313\Lib\site-packages\flask\ctx.py:284: in __exit__
    self.pop(exc_value)
..\..\AppData\Local\Programs\Python\Python313\Lib\site-packages\flask\ctx.py:262: in pop
    self.app.do_teardown_appcontext(exc)
..\..\AppData\Local\Programs\Python\Python313\Lib\site-packages\flask\app.py:1382: in do_teardown_appcontext
    self.ensure_sync(func)(exc)
_ _ _ _ _ _ _ _ _ _ _ _ _ _ _ _ _ _ _ _ _ _ _ _ _ _ _ _ _ _ _ _ _ _ _ _ _ _ _ _

self = <SQLAlchemy>, exc = None

    def _teardown_session(self, exc: BaseException | None) -> None:
        """Remove the current session at the end of the request.
    
        :meta private:
    
        .. versionadded:: 3.0
        """
>       self.session.remove()
        ^^^^^^^^^^^^^^^^^^^
E       AttributeError: 'Session' object has no attribute 'remove'

..\..\AppData\Local\Programs\Python\Python313\Lib\site-packages\flask_sqlalchemy\extension.py:448: AttributeError
-------------------------- Captured stderr teardown ---------------------------
2025-07-03 14:41:42,328 - ERROR - Test tests/test_utils.py::test_dev_parse_log SKIPPED
Captured output:

Captured stderr:

2025-07-03 14:41:42,328 - ERROR - Failure traceback for tests/test_utils.py::test_dev_parse_log:
('C:\\Users\\shawng\\CascadeProjects\\PlasmaProject v1-1-7\\tests\\test_utils.py', 28, 'Skipped: No sample.dxf available for DXF parsing test.')
================================== FAILURES ===================================
__________________________ test_order_relationships ___________________________

self = <sqlalchemy.engine.base.Connection object at 0x000002A76A9E34D0>
dialect = <sqlalchemy.dialects.sqlite.pysqlite.SQLiteDialect_pysqlite object at 0x000002A76AA00510>
context = <sqlalchemy.dialects.sqlite.base.SQLiteExecutionContext object at 0x000002A76AAFE510>
statement = <sqlalchemy.dialects.sqlite.base.SQLiteCompiler object at 0x000002A76A568590>
parameters = [('order@test.com', None, 'Order', 'Tester', '1234567890', 'scrypt:32768:8:1$5zAYTsCDEVC5Gzkb$5142c6651002a6307adaf3680ff7c9858f3f74e68da5c080075c6a5fc0f38095eb378796ad9872398959060c1f858d36bf179e0d94fcd6a9150a9f871c25da1c', ...)]

    def _exec_single_context(
        self,
        dialect: Dialect,
        context: ExecutionContext,
        statement: Union[str, Compiled],
        parameters: Optional[_AnyMultiExecuteParams],
    ) -> CursorResult[Any]:
        """continue the _execute_context() method for a single DBAPI
        cursor.execute() or cursor.executemany() call.
    
        """
        if dialect.bind_typing is BindTyping.SETINPUTSIZES:
            generic_setinputsizes = context._prepare_set_input_sizes()
    
            if generic_setinputsizes:
                try:
                    dialect.do_set_input_sizes(
                        context.cursor, generic_setinputsizes, context
                    )
                except BaseException as e:
                    self._handle_dbapi_exception(
                        e, str(statement), parameters, None, context
                    )
    
        cursor, str_statement, parameters = (
            context.cursor,
            context.statement,
            context.parameters,
        )
    
        effective_parameters: Optional[_AnyExecuteParams]
    
        if not context.executemany:
            effective_parameters = parameters[0]
        else:
            effective_parameters = parameters
    
        if self._has_events or self.engine._has_events:
            for fn in self.dispatch.before_cursor_execute:
                str_statement, effective_parameters = fn(
                    self,
                    cursor,
                    str_statement,
                    effective_parameters,
                    context,
                    context.executemany,
                )
    
        if self._echo:
            self._log_info(str_statement)
    
            stats = context._get_cache_stats()
    
            if not self.engine.hide_parameters:
                self._log_info(
                    "[%s] %r",
                    stats,
                    sql_util._repr_params(
                        effective_parameters,
                        batches=10,
                        ismulti=context.executemany,
                    ),
                )
            else:
                self._log_info(
                    "[%s] [SQL parameters hidden due to hide_parameters=True]",
                    stats,
                )
    
        evt_handled: bool = False
        try:
            if context.execute_style is ExecuteStyle.EXECUTEMANY:
                effective_parameters = cast(
                    "_CoreMultiExecuteParams", effective_parameters
                )
                if self.dialect._has_events:
                    for fn in self.dialect.dispatch.do_executemany:
                        if fn(
                            cursor,
                            str_statement,
                            effective_parameters,
                            context,
                        ):
                            evt_handled = True
                            break
                if not evt_handled:
                    self.dialect.do_executemany(
                        cursor,
                        str_statement,
                        effective_parameters,
                        context,
                    )
            elif not effective_parameters and context.no_parameters:
                if self.dialect._has_events:
                    for fn in self.dialect.dispatch.do_execute_no_params:
                        if fn(cursor, str_statement, context):
                            evt_handled = True
                            break
                if not evt_handled:
                    self.dialect.do_execute_no_params(
                        cursor, str_statement, context
                    )
            else:
                effective_parameters = cast(
                    "_CoreSingleExecuteParams", effective_parameters
                )
                if self.dialect._has_events:
                    for fn in self.dialect.dispatch.do_execute:
                        if fn(
                            cursor,
                            str_statement,
                            effective_parameters,
                            context,
                        ):
                            evt_handled = True
                            break
                if not evt_handled:
>                   self.dialect.do_execute(
                        cursor, str_statement, effective_parameters, context
                    )

..\..\AppData\Local\Programs\Python\Python313\Lib\site-packages\sqlalchemy\engine\base.py:1963: 
_ _ _ _ _ _ _ _ _ _ _ _ _ _ _ _ _ _ _ _ _ _ _ _ _ _ _ _ _ _ _ _ _ _ _ _ _ _ _ _

self = <sqlalchemy.dialects.sqlite.pysqlite.SQLiteDialect_pysqlite object at 0x000002A76AA00510>
cursor = <sqlite3.Cursor object at 0x000002A76A9D0D40>
statement = 'INSERT INTO user (email, company, first_name, last_name, phone, password_hash, password_reset_token) VALUES (?, ?, ?, ?, ?, ?, ?)'
parameters = ('order@test.com', None, 'Order', 'Tester', '1234567890', 'scrypt:32768:8:1$5zAYTsCDEVC5Gzkb$5142c6651002a6307adaf3680ff7c9858f3f74e68da5c080075c6a5fc0f38095eb378796ad9872398959060c1f858d36bf179e0d94fcd6a9150a9f871c25da1c', ...)
context = <sqlalchemy.dialects.sqlite.base.SQLiteExecutionContext object at 0x000002A76AAFE510>

    def do_execute(self, cursor, statement, parameters, context=None):
>       cursor.execute(statement, parameters)
E       sqlite3.IntegrityError: UNIQUE constraint failed: user.email

..\..\AppData\Local\Programs\Python\Python313\Lib\site-packages\sqlalchemy\engine\default.py:943: IntegrityError

The above exception was the direct cause of the following exception:

session = <sqlalchemy.orm.session.Session object at 0x000002A76A97F890>

    def test_order_relationships(session):
        user = User(email="order@test.com", first_name="Order", last_name="Tester", phone="1234567890")
        user.set_password("pw")
        session.add(user)
        order = Order(id="ORD1", user=user, total=100.0)
        session.add(order)
        item = OrderItem(order=order, part_number="PN1", quantity=2, material="Steel", thickness=0.25)
        session.add(item)
        session.commit()
        fetched_order = session.query(Order).filter_by(id="ORD1").one()
        assert fetched_order.user.email == "order@test.com"
        assert fetched_order.items[0].part_number == "PN1"
        user = User(email="order@test.com", first_name="Order", last_name="Tester", phone="1234567890")
        user.set_password("pw")
        session.add(user)
        order = Order(id="ORD1", user=user, total=100.0)
        session.add(order)
        item = OrderItem(order=order, part_number="PN1", quantity=2, material="Steel", thickness=0.25)
        session.add(item)
>       session.commit()

tests\test_models.py:68: 
_ _ _ _ _ _ _ _ _ _ _ _ _ _ _ _ _ _ _ _ _ _ _ _ _ _ _ _ _ _ _ _ _ _ _ _ _ _ _ _
..\..\AppData\Local\Programs\Python\Python313\Lib\site-packages\sqlalchemy\orm\session.py:2032: in commit
    trans.commit(_to_root=True)
<string>:2: in commit
    ???
..\..\AppData\Local\Programs\Python\Python313\Lib\site-packages\sqlalchemy\orm\state_changes.py:139: in _go
    ret_value = fn(self, *arg, **kw)
                ^^^^^^^^^^^^^^^^^^^^
..\..\AppData\Local\Programs\Python\Python313\Lib\site-packages\sqlalchemy\orm\session.py:1313: in commit
    self._prepare_impl()
<string>:2: in _prepare_impl
    ???
..\..\AppData\Local\Programs\Python\Python313\Lib\site-packages\sqlalchemy\orm\state_changes.py:139: in _go
    ret_value = fn(self, *arg, **kw)
                ^^^^^^^^^^^^^^^^^^^^
..\..\AppData\Local\Programs\Python\Python313\Lib\site-packages\sqlalchemy\orm\session.py:1288: in _prepare_impl
    self.session.flush()
..\..\AppData\Local\Programs\Python\Python313\Lib\site-packages\sqlalchemy\orm\session.py:4345: in flush
    self._flush(objects)
..\..\AppData\Local\Programs\Python\Python313\Lib\site-packages\sqlalchemy\orm\session.py:4480: in _flush
    with util.safe_reraise():
         ^^^^^^^^^^^^^^^^^^^
..\..\AppData\Local\Programs\Python\Python313\Lib\site-packages\sqlalchemy\util\langhelpers.py:224: in __exit__
    raise exc_value.with_traceback(exc_tb)
..\..\AppData\Local\Programs\Python\Python313\Lib\site-packages\sqlalchemy\orm\session.py:4441: in _flush
    flush_context.execute()
..\..\AppData\Local\Programs\Python\Python313\Lib\site-packages\sqlalchemy\orm\unitofwork.py:466: in execute
    rec.execute(self)
..\..\AppData\Local\Programs\Python\Python313\Lib\site-packages\sqlalchemy\orm\unitofwork.py:642: in execute
    util.preloaded.orm_persistence.save_obj(
..\..\AppData\Local\Programs\Python\Python313\Lib\site-packages\sqlalchemy\orm\persistence.py:93: in save_obj
    _emit_insert_statements(
..\..\AppData\Local\Programs\Python\Python313\Lib\site-packages\sqlalchemy\orm\persistence.py:1233: in _emit_insert_statements
    result = connection.execute(
..\..\AppData\Local\Programs\Python\Python313\Lib\site-packages\sqlalchemy\engine\base.py:1415: in execute
    return meth(
..\..\AppData\Local\Programs\Python\Python313\Lib\site-packages\sqlalchemy\sql\elements.py:523: in _execute_on_connection
    return connection._execute_clauseelement(
..\..\AppData\Local\Programs\Python\Python313\Lib\site-packages\sqlalchemy\engine\base.py:1637: in _execute_clauseelement
    ret = self._execute_context(
..\..\AppData\Local\Programs\Python\Python313\Lib\site-packages\sqlalchemy\engine\base.py:1842: in _execute_context
    return self._exec_single_context(
..\..\AppData\Local\Programs\Python\Python313\Lib\site-packages\sqlalchemy\engine\base.py:1982: in _exec_single_context
    self._handle_dbapi_exception(
..\..\AppData\Local\Programs\Python\Python313\Lib\site-packages\sqlalchemy\engine\base.py:2351: in _handle_dbapi_exception
    raise sqlalchemy_exception.with_traceback(exc_info[2]) from e
..\..\AppData\Local\Programs\Python\Python313\Lib\site-packages\sqlalchemy\engine\base.py:1963: in _exec_single_context
    self.dialect.do_execute(
_ _ _ _ _ _ _ _ _ _ _ _ _ _ _ _ _ _ _ _ _ _ _ _ _ _ _ _ _ _ _ _ _ _ _ _ _ _ _ _

self = <sqlalchemy.dialects.sqlite.pysqlite.SQLiteDialect_pysqlite object at 0x000002A76AA00510>
cursor = <sqlite3.Cursor object at 0x000002A76A9D0D40>
statement = 'INSERT INTO user (email, company, first_name, last_name, phone, password_hash, password_reset_token) VALUES (?, ?, ?, ?, ?, ?, ?)'
parameters = ('order@test.com', None, 'Order', 'Tester', '1234567890', 'scrypt:32768:8:1$5zAYTsCDEVC5Gzkb$5142c6651002a6307adaf3680ff7c9858f3f74e68da5c080075c6a5fc0f38095eb378796ad9872398959060c1f858d36bf179e0d94fcd6a9150a9f871c25da1c', ...)
context = <sqlalchemy.dialects.sqlite.base.SQLiteExecutionContext object at 0x000002A76AAFE510>

    def do_execute(self, cursor, statement, parameters, context=None):
>       cursor.execute(statement, parameters)
E       sqlalchemy.exc.IntegrityError: (sqlite3.IntegrityError) UNIQUE constraint failed: user.email
E       [SQL: INSERT INTO user (email, company, first_name, last_name, phone, password_hash, password_reset_token) VALUES (?, ?, ?, ?, ?, ?, ?)]
E       [parameters: ('order@test.com', None, 'Order', 'Tester', '1234567890', 'scrypt:32768:8:1$5zAYTsCDEVC5Gzkb$5142c6651002a6307adaf3680ff7c9858f3f74e68da5c080075c6a5fc0f38095eb378796ad9872398959060c1f858d36bf179e0d94fcd6a9150a9f871c25da1c', None)]
E       (Background on this error at: https://sqlalche.me/e/20/gkpj)

..\..\AppData\Local\Programs\Python\Python313\Lib\site-packages\sqlalchemy\engine\default.py:943: IntegrityError
___________________________ test_dev_model_summary ____________________________

self = <sqlalchemy.engine.base.Connection object at 0x000002A76A9D7380>
dialect = <sqlalchemy.dialects.sqlite.pysqlite.SQLiteDialect_pysqlite object at 0x000002A76AA00510>
context = <sqlalchemy.dialects.sqlite.base.SQLiteExecutionContext object at 0x000002A76AAFF350>
statement = <sqlalchemy.dialects.sqlite.base.SQLiteCompiler object at 0x000002A76A568590>
parameters = [('dev@dev.com', None, 'Dev', 'Test', '1234567890', 'scrypt:32768:8:1$oSqPxT9XXM4It0F8$12b14e1a0be3124f3b50c67a33eaed67d9554c9b5fa5244a9c15593bbd1edaeb3b03665ac4ff251ce3d59a7294b2e265bc17d4d6689a05395ba581610a234ee1', ...)]

    def _exec_single_context(
        self,
        dialect: Dialect,
        context: ExecutionContext,
        statement: Union[str, Compiled],
        parameters: Optional[_AnyMultiExecuteParams],
    ) -> CursorResult[Any]:
        """continue the _execute_context() method for a single DBAPI
        cursor.execute() or cursor.executemany() call.
    
        """
        if dialect.bind_typing is BindTyping.SETINPUTSIZES:
            generic_setinputsizes = context._prepare_set_input_sizes()
    
            if generic_setinputsizes:
                try:
                    dialect.do_set_input_sizes(
                        context.cursor, generic_setinputsizes, context
                    )
                except BaseException as e:
                    self._handle_dbapi_exception(
                        e, str(statement), parameters, None, context
                    )
    
        cursor, str_statement, parameters = (
            context.cursor,
            context.statement,
            context.parameters,
        )
    
        effective_parameters: Optional[_AnyExecuteParams]
    
        if not context.executemany:
            effective_parameters = parameters[0]
        else:
            effective_parameters = parameters
    
        if self._has_events or self.engine._has_events:
            for fn in self.dispatch.before_cursor_execute:
                str_statement, effective_parameters = fn(
                    self,
                    cursor,
                    str_statement,
                    effective_parameters,
                    context,
                    context.executemany,
                )
    
        if self._echo:
            self._log_info(str_statement)
    
            stats = context._get_cache_stats()
    
            if not self.engine.hide_parameters:
                self._log_info(
                    "[%s] %r",
                    stats,
                    sql_util._repr_params(
                        effective_parameters,
                        batches=10,
                        ismulti=context.executemany,
                    ),
                )
            else:
                self._log_info(
                    "[%s] [SQL parameters hidden due to hide_parameters=True]",
                    stats,
                )
    
        evt_handled: bool = False
        try:
            if context.execute_style is ExecuteStyle.EXECUTEMANY:
                effective_parameters = cast(
                    "_CoreMultiExecuteParams", effective_parameters
                )
                if self.dialect._has_events:
                    for fn in self.dialect.dispatch.do_executemany:
                        if fn(
                            cursor,
                            str_statement,
                            effective_parameters,
                            context,
                        ):
                            evt_handled = True
                            break
                if not evt_handled:
                    self.dialect.do_executemany(
                        cursor,
                        str_statement,
                        effective_parameters,
                        context,
                    )
            elif not effective_parameters and context.no_parameters:
                if self.dialect._has_events:
                    for fn in self.dialect.dispatch.do_execute_no_params:
                        if fn(cursor, str_statement, context):
                            evt_handled = True
                            break
                if not evt_handled:
                    self.dialect.do_execute_no_params(
                        cursor, str_statement, context
                    )
            else:
                effective_parameters = cast(
                    "_CoreSingleExecuteParams", effective_parameters
                )
                if self.dialect._has_events:
                    for fn in self.dialect.dispatch.do_execute:
                        if fn(
                            cursor,
                            str_statement,
                            effective_parameters,
                            context,
                        ):
                            evt_handled = True
                            break
                if not evt_handled:
>                   self.dialect.do_execute(
                        cursor, str_statement, effective_parameters, context
                    )

..\..\AppData\Local\Programs\Python\Python313\Lib\site-packages\sqlalchemy\engine\base.py:1963: 
_ _ _ _ _ _ _ _ _ _ _ _ _ _ _ _ _ _ _ _ _ _ _ _ _ _ _ _ _ _ _ _ _ _ _ _ _ _ _ _

self = <sqlalchemy.dialects.sqlite.pysqlite.SQLiteDialect_pysqlite object at 0x000002A76AA00510>
cursor = <sqlite3.Cursor object at 0x000002A76AB5B640>
statement = 'INSERT INTO user (email, company, first_name, last_name, phone, password_hash, password_reset_token) VALUES (?, ?, ?, ?, ?, ?, ?)'
parameters = ('dev@dev.com', None, 'Dev', 'Test', '1234567890', 'scrypt:32768:8:1$oSqPxT9XXM4It0F8$12b14e1a0be3124f3b50c67a33eaed67d9554c9b5fa5244a9c15593bbd1edaeb3b03665ac4ff251ce3d59a7294b2e265bc17d4d6689a05395ba581610a234ee1', ...)
context = <sqlalchemy.dialects.sqlite.base.SQLiteExecutionContext object at 0x000002A76AAFF350>

    def do_execute(self, cursor, statement, parameters, context=None):
>       cursor.execute(statement, parameters)
E       sqlite3.IntegrityError: UNIQUE constraint failed: user.email

..\..\AppData\Local\Programs\Python\Python313\Lib\site-packages\sqlalchemy\engine\default.py:943: IntegrityError

The above exception was the direct cause of the following exception:

session = <sqlalchemy.orm.session.Session object at 0x000002A76AA5B890>
capsys = <_pytest.capture.CaptureFixture object at 0x000002A76AA5B610>

    def test_dev_model_summary(session, capsys):
        user = User(email="dev@dev.com", first_name="Dev", last_name="Test", phone="1234567890")
        user.set_password("pw")
        session.add(user)
        session.commit()
        print(f"[DEV] User created: {user.email}")
        out, _ = capsys.readouterr()
        assert "[DEV] User created:" in out
        user = User(email="dev@dev.com", first_name="Dev", last_name="Test", phone="1234567890")
        user.set_password("pw")
        session.add(user)
>       session.commit()

tests\test_models.py:85: 
_ _ _ _ _ _ _ _ _ _ _ _ _ _ _ _ _ _ _ _ _ _ _ _ _ _ _ _ _ _ _ _ _ _ _ _ _ _ _ _
..\..\AppData\Local\Programs\Python\Python313\Lib\site-packages\sqlalchemy\orm\session.py:2032: in commit
    trans.commit(_to_root=True)
<string>:2: in commit
    ???
..\..\AppData\Local\Programs\Python\Python313\Lib\site-packages\sqlalchemy\orm\state_changes.py:139: in _go
    ret_value = fn(self, *arg, **kw)
                ^^^^^^^^^^^^^^^^^^^^
..\..\AppData\Local\Programs\Python\Python313\Lib\site-packages\sqlalchemy\orm\session.py:1313: in commit
    self._prepare_impl()
<string>:2: in _prepare_impl
    ???
..\..\AppData\Local\Programs\Python\Python313\Lib\site-packages\sqlalchemy\orm\state_changes.py:139: in _go
    ret_value = fn(self, *arg, **kw)
                ^^^^^^^^^^^^^^^^^^^^
..\..\AppData\Local\Programs\Python\Python313\Lib\site-packages\sqlalchemy\orm\session.py:1288: in _prepare_impl
    self.session.flush()
..\..\AppData\Local\Programs\Python\Python313\Lib\site-packages\sqlalchemy\orm\session.py:4345: in flush
    self._flush(objects)
..\..\AppData\Local\Programs\Python\Python313\Lib\site-packages\sqlalchemy\orm\session.py:4480: in _flush
    with util.safe_reraise():
         ^^^^^^^^^^^^^^^^^^^
..\..\AppData\Local\Programs\Python\Python313\Lib\site-packages\sqlalchemy\util\langhelpers.py:224: in __exit__
    raise exc_value.with_traceback(exc_tb)
..\..\AppData\Local\Programs\Python\Python313\Lib\site-packages\sqlalchemy\orm\session.py:4441: in _flush
    flush_context.execute()
..\..\AppData\Local\Programs\Python\Python313\Lib\site-packages\sqlalchemy\orm\unitofwork.py:466: in execute
    rec.execute(self)
..\..\AppData\Local\Programs\Python\Python313\Lib\site-packages\sqlalchemy\orm\unitofwork.py:642: in execute
    util.preloaded.orm_persistence.save_obj(
..\..\AppData\Local\Programs\Python\Python313\Lib\site-packages\sqlalchemy\orm\persistence.py:93: in save_obj
    _emit_insert_statements(
..\..\AppData\Local\Programs\Python\Python313\Lib\site-packages\sqlalchemy\orm\persistence.py:1233: in _emit_insert_statements
    result = connection.execute(
..\..\AppData\Local\Programs\Python\Python313\Lib\site-packages\sqlalchemy\engine\base.py:1415: in execute
    return meth(
..\..\AppData\Local\Programs\Python\Python313\Lib\site-packages\sqlalchemy\sql\elements.py:523: in _execute_on_connection
    return connection._execute_clauseelement(
..\..\AppData\Local\Programs\Python\Python313\Lib\site-packages\sqlalchemy\engine\base.py:1637: in _execute_clauseelement
    ret = self._execute_context(
..\..\AppData\Local\Programs\Python\Python313\Lib\site-packages\sqlalchemy\engine\base.py:1842: in _execute_context
    return self._exec_single_context(
..\..\AppData\Local\Programs\Python\Python313\Lib\site-packages\sqlalchemy\engine\base.py:1982: in _exec_single_context
    self._handle_dbapi_exception(
..\..\AppData\Local\Programs\Python\Python313\Lib\site-packages\sqlalchemy\engine\base.py:2351: in _handle_dbapi_exception
    raise sqlalchemy_exception.with_traceback(exc_info[2]) from e
..\..\AppData\Local\Programs\Python\Python313\Lib\site-packages\sqlalchemy\engine\base.py:1963: in _exec_single_context
    self.dialect.do_execute(
_ _ _ _ _ _ _ _ _ _ _ _ _ _ _ _ _ _ _ _ _ _ _ _ _ _ _ _ _ _ _ _ _ _ _ _ _ _ _ _

self = <sqlalchemy.dialects.sqlite.pysqlite.SQLiteDialect_pysqlite object at 0x000002A76AA00510>
cursor = <sqlite3.Cursor object at 0x000002A76AB5B640>
statement = 'INSERT INTO user (email, company, first_name, last_name, phone, password_hash, password_reset_token) VALUES (?, ?, ?, ?, ?, ?, ?)'
parameters = ('dev@dev.com', None, 'Dev', 'Test', '1234567890', 'scrypt:32768:8:1$oSqPxT9XXM4It0F8$12b14e1a0be3124f3b50c67a33eaed67d9554c9b5fa5244a9c15593bbd1edaeb3b03665ac4ff251ce3d59a7294b2e265bc17d4d6689a05395ba581610a234ee1', ...)
context = <sqlalchemy.dialects.sqlite.base.SQLiteExecutionContext object at 0x000002A76AAFF350>

    def do_execute(self, cursor, statement, parameters, context=None):
>       cursor.execute(statement, parameters)
E       sqlalchemy.exc.IntegrityError: (sqlite3.IntegrityError) UNIQUE constraint failed: user.email
E       [SQL: INSERT INTO user (email, company, first_name, last_name, phone, password_hash, password_reset_token) VALUES (?, ?, ?, ?, ?, ?, ?)]
E       [parameters: ('dev@dev.com', None, 'Dev', 'Test', '1234567890', 'scrypt:32768:8:1$oSqPxT9XXM4It0F8$12b14e1a0be3124f3b50c67a33eaed67d9554c9b5fa5244a9c15593bbd1edaeb3b03665ac4ff251ce3d59a7294b2e265bc17d4d6689a05395ba581610a234ee1', None)]
E       (Background on this error at: https://sqlalche.me/e/20/gkpj)

..\..\AppData\Local\Programs\Python\Python313\Lib\site-packages\sqlalchemy\engine\default.py:943: IntegrityError
============================== warnings summary ===============================
tests/test_models.py::test_order_relationships
tests/test_models.py::test_dev_model_summary
  C:\Users\shawng\CascadeProjects\PlasmaProject v1-1-7\tests\conftest.py:86: SAWarning: transaction already deassociated from connection
    transaction.rollback()

-- Docs: https://docs.pytest.org/en/stable/how-to/capture-warnings.html
=========================== short test summary info ===========================
FAILED tests/test_models.py::test_order_relationships - sqlalchemy.exc.Integr...
FAILED tests/test_models.py::test_dev_model_summary - sqlalchemy.exc.Integrit...
ERROR tests/test_models.py::test_user_crud - AttributeError: 'Session' object...
ERROR tests/test_models.py::test_order_relationships - AttributeError: 'Sessi...
ERROR tests/test_models.py::test_dev_model_summary - AttributeError: 'Session...
ERROR tests/test_routes_main.py::test_index_route_guest - AttributeError: 'Se...
ERROR tests/test_routes_main.py::test_protected_route_requires_login - Attrib...
ERROR tests/test_routes_main.py::test_error_handling - AttributeError: 'Sessi...
ERROR tests/test_routes_main.py::test_dev_route_coverage - AttributeError: 'S...
ERROR tests/test_utils.py::test_dev_parse_log - AttributeError: 'Session' obj...
======== 2 failed, 6 passed, 2 skipped, 2 warnings, 8 errors in 4.18s =========
