============================= test session starts =============================
platform win32 -- Python 3.13.5, pytest-8.4.1, pluggy-1.6.0 -- C:\Users\shawng\AppData\Local\Programs\Python\Python313\python.exe
cachedir: .pytest_cache
rootdir: C:\Users\shawng\CascadeProjects\PlasmaProject v1-1-7
plugins: cov-6.2.1
collecting ... collected 17 items

tests/test_app_factory.py::test_create_app_returns_flask PASSED          [  5%]
tests/test_app_factory.py::test_extensions_initialized PASSED            [ 11%]
tests/test_app_factory.py::test_blueprints_registered PASSED             [ 17%]
tests/test_app_factory.py::test_dev_config_reporting PASSED              [ 23%]
tests/test_cart_creation.py::test_cart_creation_batch FAILED             [ 29%]
tests/test_cart_parsing_report.py::test_cart_parsing_report PASSED       [ 35%]
tests/test_models.py::test_user_crud PASSED                              [ 41%]
tests/test_models.py::test_order_relationships FAILED                    [ 47%]
tests/test_models.py::test_dev_model_summary FAILED                      [ 52%]
tests/test_polyline_handling.py::TestPolylineHandling::test_real_world_dxf_files PASSED [ 58%]
tests/test_routes_main.py::test_index_route_guest PASSED                 [ 64%]
tests/test_routes_main.py::test_protected_route_requires_login PASSED    [ 70%]
tests/test_routes_main.py::test_error_handling PASSED                    [ 76%]
tests/test_routes_main.py::test_dev_route_coverage PASSED                [ 82%]
tests/test_utils.py::test_parse_dxf_valid SKIPPED (No sample.dxf ava...) [ 88%]
tests/test_utils.py::test_parse_dxf_invalid FAILED                       [ 94%]

================================== FAILURES ===================================
__________________________ test_cart_creation_batch ___________________________

client = <FlaskClient <Flask 'app'>>

    def test_cart_creation_batch(client):
        dxf_files = [f for f in os.listdir(PRIMARY_VALIDATION_DIR) if f.lower().endswith('.dxf')]
        assert dxf_files, f"No DXF files found in {PRIMARY_VALIDATION_DIR}"
        # Prepare all files for a single multi-file POST
        files = []
        for dxf_file in dxf_files:
            with open(os.path.join(PRIMARY_VALIDATION_DIR, dxf_file), 'rb') as f:
                files.append((io.BytesIO(f.read()), dxf_file))
        data = {
            'material': 'A36 Steel',
            'thickness': 0.25
        }
        # Use 'files[]' to match common frontend conventions for multi-upload
        multi_file_data = []
        for file_obj, filename in files:
            multi_file_data.append(('files[]', (file_obj, filename)))
        # Combine form fields and files
        from werkzeug.datastructures import MultiDict
        post_data = MultiDict(list(data.items()) + multi_file_data)
        response = client.post('/', data=post_data, content_type='multipart/form-data', follow_redirects=True)
        # Check response
        assert response.status_code == 200, f"Failed to upload files: status {response.status_code}"
        html = response.data.decode('utf-8').lower()
        assert ("cart" in html or "success" in html or "added to cart" in html), "No cart or confirmation found in response for multi-file upload"
        print(f"HTML snippet for multi-file upload:\n", html[:300])
        # Check that an OrderItem was created for each file
        with client.application.app_context():
            for dxf_file in dxf_files:
                item = OrderItem.query.filter_by(part_number=dxf_file).first()
>               assert item is not None, f"OrderItem was not created for {dxf_file}"
E               AssertionError: OrderItem was not created for lDCxP-the-mandalorian-star-wars-figure.dxf
E               assert None is not None

tests\test_cart_creation.py:51: AssertionError
---------------------------- Captured stderr setup ----------------------------
2025-07-06 18:07:43,259 - INFO - UPLOAD_FOLDER set to C:\Users\shawng\CascadeProjects\PlasmaProject v1-1-7\instance\uploads
2025-07-06 18:07:43,260 - INFO - UPLOAD_FOLDER is writable: C:\Users\shawng\CascadeProjects\PlasmaProject v1-1-7\instance\uploads
----------------------------- Captured log setup ------------------------------
INFO     root:__init__.py:74 UPLOAD_FOLDER set to C:\Users\shawng\CascadeProjects\PlasmaProject v1-1-7\instance\uploads
INFO     root:__init__.py:81 UPLOAD_FOLDER is writable: C:\Users\shawng\CascadeProjects\PlasmaProject v1-1-7\instance\uploads
---------------------------- Captured stdout call -----------------------------
HTML snippet for multi-file upload:
 <!-- templates/customer_index.html - v2025-04-14 (fixed console error, linter suppression) -->
<!doctype html>
<html lang="en">
<head>
    <meta charset="utf-8">
    <meta name="viewport" content="width=device-width, initial-scale=1.0">
    <title>instant quote - plasma table burnouts</title>
    <l
SUCCESS: 10x10 Square.dxf -> OrderItem ID 1
SUCCESS: 11764850_IDW_000_--11764850_IDW_000.DXF -> OrderItem ID 2
SUCCESS: 307-003 PL01.dxf -> OrderItem ID 3
---------------------------- Captured stderr call -----------------------------
2025-07-06 18:07:43,322 - INFO - Generated new order_id: 6468f905-d3c0-4655-a99b-727be5f0cba8
2025-07-06 18:07:43,322 - INFO - Accessing index with order_id: 6468f905-d3c0-4655-a99b-727be5f0cba8
2025-07-06 18:07:43,337 - INFO - Cart items: []
2025-07-06 18:07:43,344 - INFO - Processing POST request to / with form data: ImmutableMultiDict([('material', 'A36 Steel'), ('thickness', '0.25')]) and files: ImmutableMultiDict([('files[]', <FileStorage: '10x10 Square.dxf' ('application/octet-stream')>), ('files[]', <FileStorage: '11764850_IDW_000_--11764850_IDW_000.DXF' ('application/octet-stream')>), ('files[]', <FileStorage: '307-003 PL01.dxf' ('application/octet-stream')>), ('files[]', <FileStorage: 'lDCxP-the-mandalorian-star-wars-figure.dxf' ('application/octet-stream')>), ('files[]', <FileStorage: 'test1.dxf' ('application/octet-stream')>), ('files[]', <FileStorage: 'Zz343-batman-wall-decor.dxf' ('application/octet-stream')>)])
2025-07-06 18:07:43,344 - INFO - Received DXF upload: 10x10 Square.dxf for order_id: 6468f905-d3c0-4655-a99b-727be5f0cba8
2025-07-06 18:07:43,344 - INFO - Saved uploaded file to: C:\Users\shawng\CascadeProjects\PlasmaProject v1-1-7\instance\uploads\10x10 Square.dxf
2025-07-06 18:07:43,345 - INFO - Parsing DXF: 10x10 Square.dxf with parse_dxf()
2025-07-06 18:07:43,345 - INFO - inputs.csv loaded from C:\Users\shawng\CascadeProjects\PlasmaProject v1-1-7\inputs.csv
2025-07-06 18:07:43,345 - INFO - material_densities.csv loaded from C:\Users\shawng\CascadeProjects\PlasmaProject v1-1-7\material_densities.csv
2025-07-06 18:07:43,350 - INFO - DXF version upgrade to DXF R2000.
2025-07-06 18:07:43,354 - INFO - creating ACAD_COLOR dictionary
2025-07-06 18:07:43,354 - INFO - creating ACAD_LAYOUT dictionary
2025-07-06 18:07:43,354 - INFO - creating ACAD_MATERIAL dictionary
2025-07-06 18:07:43,354 - INFO - creating ACAD_MLEADERSTYLE dictionary
2025-07-06 18:07:43,355 - INFO - creating ACAD_PLOTSETTINGS dictionary
2025-07-06 18:07:43,355 - INFO - creating ACAD_PLOTSTYLENAME dictionary
2025-07-06 18:07:43,355 - INFO - creating ACAD_SCALELIST dictionary
2025-07-06 18:07:43,355 - INFO - creating ACAD_TABLESTYLE dictionary
2025-07-06 18:07:43,355 - INFO - creating ACAD_VISUALSTYLE dictionary
2025-07-06 18:07:43,356 - INFO - Detected units: 1, applying scale factor: 1.0
2025-07-06 18:07:43,356 - INFO - Layers in DXF: {'0', '1'}
2025-07-06 18:07:43,356 - DEBUG - Entity POINT original layer: '0' cleaned: '0' | is_cut_entity: True | is_reference_entity: False
2025-07-06 18:07:43,356 - INFO - Skipping entity POINT on layer 0
2025-07-06 18:07:43,357 - DEBUG - Entity POINT original layer: '0' cleaned: '0' | is_cut_entity: True | is_reference_entity: False
2025-07-06 18:07:43,357 - INFO - Skipping entity POINT on layer 0
2025-07-06 18:07:43,357 - DEBUG - Entity LWPOLYLINE original layer: '0' cleaned: '0' | is_cut_entity: True | is_reference_entity: False
2025-07-06 18:07:43,357 - INFO - LWPOLYLINE on layer 0: Length=40.00 in (cut)
2025-07-06 18:07:43,357 - DEBUG - Entity LINE original layer: '1' cleaned: '1' | is_cut_entity: True | is_reference_entity: False
2025-07-06 18:07:43,357 - INFO - LINE on layer 1: Length=14.14 in (cut)
2025-07-06 18:07:43,357 - DEBUG - Entity LINE original layer: '1' cleaned: '1' | is_cut_entity: True | is_reference_entity: False
2025-07-06 18:07:43,358 - INFO - LINE on layer 1: Length=14.14 in (cut)
2025-07-06 18:07:43,358 - WARNING - Could not load inputs.csv from C:\Users\shawng\CascadeProjects\PlasmaProject v1-1-7\app\inputs.csv: [Errno 2] No such file or directory: 'C:\\Users\\shawng\\CascadeProjects\\PlasmaProject v1-1-7\\app\\inputs.csv'. Using safe defaults.
2025-07-06 18:07:43,358 - INFO - material_densities.csv loaded from C:\Users\shawng\CascadeProjects\PlasmaProject v1-1-7\material_densities.csv
2025-07-06 18:07:43,358 - INFO - Summary for C:\Users\shawng\CascadeProjects\PlasmaProject v1-1-7\instance\uploads\10x10 Square.dxf:
2025-07-06 18:07:43,358 - INFO -   Total Cut Length: 68.28 in
2025-07-06 18:07:43,358 - INFO -   Gross Area: 108.48 sqin
2025-07-06 18:07:43,359 - INFO -   Net Area: 100.00 sqin
2025-07-06 18:07:43,359 - INFO -   Entity Counts: {'LINE': 2, 'ARC': 0, 'CIRCLE': 0, 'LWPOLYLINE': 1, 'POLYLINE': 0, 'INSERT': 0, 'SPLINE': 0, 'ELLIPSE': 0, 'HATCH': 0, '3DFACE': 0, 'POLYFACE': 0, 'OTHER': 2}
2025-07-06 18:07:43,359 - INFO - DXF PREVIEW GENERATED: [{"type": "lwpolyline", "points": [[4.999999999999998, 4.999999999999999], [-4.999999999999998, 4.999999999999999], [-4.999999999999998, -4.999999999999999], [4.999999999999998, -4.999999999999999]]}, {"type": "line", "start": [4.999999999999998, 4.999999999999999], "end": [-4.999999999999998, -4.999999999999999]}, {"type": "line", "start": [-4.999999999999998, 4.999999999999999], "end": [4.999999999999998, -4.999999999999999]}]
2025-07-06 18:07:43,359 - INFO - DXF PREVIEW TO DB for 10x10 Square.dxf: [{"type": "lwpolyline", "points": [[4.999999999999998, 4.999999999999999], [-4.999999999999998, 4.999999999999999], [-4.999999999999998, -4.999999999999999], [4.999999999999998, -4.999999999999999]]}, {"type": "line", "start": [4.999999999999998, 4.999999999999999], "end": [-4.999999999999998, -4.999999999999999]}, {"type": "line", "start": [-4.999999999999998, 4.999999999999999], "end": [4.999999999999998, -4.999999999999999]}]
2025-07-06 18:07:43,359 - INFO - DXF parsed successfully: 10x10 Square.dxf, summary: {'total_length': 68.28427124746189, 'net_area_sqin': np.float64(99.99999999999994), 'gross_min_x': np.float64(-5.124999999999998), 'gross_min_y': np.float64(-5.124999999999999), 'gross_max_x': np.floa
2025-07-06 18:07:43,368 - INFO - OrderItem created: part=10x10 Square.dxf, order_id=6468f905-d3c0-4655-a99b-727be5f0cba8, cart_uid=f5f2d41b-e657-4b65-aa5c-f1833c32b5a1
2025-07-06 18:07:43,369 - INFO - Received DXF upload: 11764850_IDW_000_--11764850_IDW_000.DXF for order_id: 6468f905-d3c0-4655-a99b-727be5f0cba8
2025-07-06 18:07:43,370 - INFO - Saved uploaded file to: C:\Users\shawng\CascadeProjects\PlasmaProject v1-1-7\instance\uploads\11764850_IDW_000_--11764850_IDW_000.DXF
2025-07-06 18:07:43,370 - INFO - Parsing DXF: 11764850_IDW_000_--11764850_IDW_000.DXF with parse_dxf()
2025-07-06 18:07:43,371 - INFO - inputs.csv loaded from C:\Users\shawng\CascadeProjects\PlasmaProject v1-1-7\inputs.csv
2025-07-06 18:07:43,371 - INFO - material_densities.csv loaded from C:\Users\shawng\CascadeProjects\PlasmaProject v1-1-7\material_densities.csv
2025-07-06 18:07:43,451 - INFO - Detected units: 1, applying scale factor: 1.0
2025-07-06 18:07:43,451 - INFO - Layers in DXF: {'Bend Centerline (ANSI)', 'Visible (ANSI)'}
2025-07-06 18:07:43,452 - DEBUG - Entity CIRCLE original layer: 'Visible (ANSI)' cleaned: 'visible (ansi)' | is_cut_entity: True | is_reference_entity: False
2025-07-06 18:07:43,452 - INFO - CIRCLE on layer Visible (ANSI): Length=1.67 in (cut)
2025-07-06 18:07:43,452 - DEBUG - Entity CIRCLE original layer: 'Visible (ANSI)' cleaned: 'visible (ansi)' | is_cut_entity: True | is_reference_entity: False
2025-07-06 18:07:43,452 - INFO - CIRCLE on layer Visible (ANSI): Length=1.67 in (cut)
2025-07-06 18:07:43,453 - DEBUG - Entity CIRCLE original layer: 'Visible (ANSI)' cleaned: 'visible (ansi)' | is_cut_entity: True | is_reference_entity: False
2025-07-06 18:07:43,453 - INFO - CIRCLE on layer Visible (ANSI): Length=1.67 in (cut)
2025-07-06 18:07:43,453 - DEBUG - Entity CIRCLE original layer: 'Visible (ANSI)' cleaned: 'visible (ansi)' | is_cut_entity: True | is_reference_entity: False
2025-07-06 18:07:43,453 - INFO - CIRCLE on layer Visible (ANSI): Length=1.67 in (cut)
2025-07-06 18:07:43,453 - DEBUG - Entity LINE original layer: 'Visible (ANSI)' cleaned: 'visible (ansi)' | is_cut_entity: True | is_reference_entity: False
2025-07-06 18:07:43,454 - INFO - LINE on layer Visible (ANSI): Length=4.01 in (cut)
2025-07-06 18:07:43,454 - DEBUG - Entity LINE original layer: 'Visible (ANSI)' cleaned: 'visible (ansi)' | is_cut_entity: True | is_reference_entity: False
2025-07-06 18:07:43,454 - INFO - LINE on layer Visible (ANSI): Length=4.01 in (cut)
2025-07-06 18:07:43,454 - DEBUG - Entity LINE original layer: 'Visible (ANSI)' cleaned: 'visible (ansi)' | is_cut_entity: True | is_reference_entity: False
2025-07-06 18:07:43,454 - INFO - LINE on layer Visible (ANSI): Length=30.53 in (cut)
2025-07-06 18:07:43,454 - DEBUG - Entity LINE original layer: 'Visible (ANSI)' cleaned: 'visible (ansi)' | is_cut_entity: True | is_reference_entity: False
2025-07-06 18:07:43,455 - INFO - LINE on layer Visible (ANSI): Length=31.02 in (cut)
2025-07-06 18:07:43,455 - DEBUG - Entity LINE original layer: 'Bend Centerline (ANSI)' cleaned: 'bend centerline (ansi)' | is_cut_entity: False | is_reference_entity: False
2025-07-06 18:07:43,455 - INFO - LINE on layer Bend Centerline (ANSI): Length=4.00 in
2025-07-06 18:07:43,455 - DEBUG - Entity LINE original layer: 'Bend Centerline (ANSI)' cleaned: 'bend centerline (ansi)' | is_cut_entity: False | is_reference_entity: False
2025-07-06 18:07:43,455 - INFO - LINE on layer Bend Centerline (ANSI): Length=4.00 in
2025-07-06 18:07:43,455 - WARNING - Could not load inputs.csv from C:\Users\shawng\CascadeProjects\PlasmaProject v1-1-7\app\inputs.csv: [Errno 2] No such file or directory: 'C:\\Users\\shawng\\CascadeProjects\\PlasmaProject v1-1-7\\app\\inputs.csv'. Using safe defaults.
2025-07-06 18:07:43,456 - INFO - material_densities.csv loaded from C:\Users\shawng\CascadeProjects\PlasmaProject v1-1-7\material_densities.csv
2025-07-06 18:07:43,456 - INFO - Summary for C:\Users\shawng\CascadeProjects\PlasmaProject v1-1-7\instance\uploads\11764850_IDW_000_--11764850_IDW_000.DXF:
2025-07-06 18:07:43,456 - INFO -   Total Cut Length: 76.25 in
2025-07-06 18:07:43,457 - INFO -   Gross Area: 136.73 sqin
2025-07-06 18:07:43,457 - INFO -   Net Area: 0.22 sqin
2025-07-06 18:07:43,457 - INFO -   Entity Counts: {'LINE': 6, 'ARC': 0, 'CIRCLE': 4, 'LWPOLYLINE': 0, 'POLYLINE': 0, 'INSERT': 0, 'SPLINE': 0, 'ELLIPSE': 0, 'HATCH': 0, '3DFACE': 0, 'POLYFACE': 0, 'OTHER': 0}
2025-07-06 18:07:43,457 - INFO - DXF PREVIEW GENERATED: [{"type": "circle", "center": [5.578192878650072, 5.627063432600968], "radius": 0.2655}, {"type": "circle", "center": [11.57819287865007, 5.627063432600969], "radius": 0.2655}, {"type": "circle", "center": [17.57819287865007, 5.627063432600971], "radius": 0.2655}, {"type": "circle", "center": [-0.4218071213499285, 5.627063432600967], "radius": 0.2655}, {"type": "line", "start": [-6.688992859243505, 7.627063432600964], "end": [-6.93364333984544, 3.627063432600965]}, {"type": "line", "start": [24.
2025-07-06 18:07:43,458 - INFO - DXF PREVIEW TO DB for 11764850_IDW_000_--11764850_IDW_000.DXF: [{"type": "circle", "center": [5.578192878650072, 5.627063432600968], "radius": 0.2655}, {"type": "circle", "center": [11.57819287865007, 5.627063432600969], "radius": 0.2655}, {"type": "circle", "center": [17.57819287865007, 5.627063432600971], "radius": 0.2655}, {"type": "circle", "center": [-0.4218071213499285, 5.627063432600967], "radius": 0.2655}, {"type": "line", "start": [-6.688992859243505, 7.627063432600964], "end": [-6.93364333984544, 3.627063432600965]}, {"type": "line", "start": [24.
2025-07-06 18:07:43,458 - INFO - DXF parsed successfully: 11764850_IDW_000_--11764850_IDW_000.DXF, summary: {'total_length': 76.24573620545235, 'net_area_sqin': 0.22145165154970792, 'gross_min_x': -7.058643339845443, 'gross_min_y': 3.502063432600965, 'gross_max_x': 24.2150290971456, 'gross_max_y': 7.7520634
2025-07-06 18:07:43,468 - INFO - OrderItem created: part=11764850_IDW_000_--11764850_IDW_000.DXF, order_id=6468f905-d3c0-4655-a99b-727be5f0cba8, cart_uid=09b98626-c558-4561-8ed1-e0db453a9f87
2025-07-06 18:07:43,468 - INFO - Received DXF upload: 307-003 PL01.dxf for order_id: 6468f905-d3c0-4655-a99b-727be5f0cba8
2025-07-06 18:07:43,469 - INFO - Saved uploaded file to: C:\Users\shawng\CascadeProjects\PlasmaProject v1-1-7\instance\uploads\307-003 PL01.dxf
2025-07-06 18:07:43,470 - INFO - Parsing DXF: 307-003 PL01.dxf with parse_dxf()
2025-07-06 18:07:43,470 - INFO - inputs.csv loaded from C:\Users\shawng\CascadeProjects\PlasmaProject v1-1-7\inputs.csv
2025-07-06 18:07:43,471 - INFO - material_densities.csv loaded from C:\Users\shawng\CascadeProjects\PlasmaProject v1-1-7\material_densities.csv
2025-07-06 18:07:43,541 - INFO - Detected units: 1, applying scale factor: 1.0
2025-07-06 18:07:43,541 - INFO - Layers in DXF: {'0'}
2025-07-06 18:07:43,542 - DEBUG - Entity POLYLINE original layer: '0' cleaned: '0' | is_cut_entity: True | is_reference_entity: False
2025-07-06 18:07:43,542 - INFO - POLYLINE on layer 0: Length=336.43 in (cut)
2025-07-06 18:07:43,542 - INFO - POLYLINE on layer 0: Length=336.43 in (cut)
2025-07-06 18:07:43,542 - WARNING - Could not load inputs.csv from C:\Users\shawng\CascadeProjects\PlasmaProject v1-1-7\app\inputs.csv: [Errno 2] No such file or directory: 'C:\\Users\\shawng\\CascadeProjects\\PlasmaProject v1-1-7\\app\\inputs.csv'. Using safe defaults.
2025-07-06 18:07:43,543 - INFO - material_densities.csv loaded from C:\Users\shawng\CascadeProjects\PlasmaProject v1-1-7\material_densities.csv
2025-07-06 18:07:43,543 - INFO - Summary for C:\Users\shawng\CascadeProjects\PlasmaProject v1-1-7\instance\uploads\307-003 PL01.dxf:
2025-07-06 18:07:43,544 - INFO -   Total Cut Length: 672.86 in
2025-07-06 18:07:43,544 - INFO -   Gross Area: 0.00 sqin
2025-07-06 18:07:43,544 - INFO -   Net Area: 0.00 sqin
2025-07-06 18:07:43,544 - INFO -   Entity Counts: {'LINE': 0, 'ARC': 0, 'CIRCLE': 0, 'LWPOLYLINE': 0, 'POLYLINE': 2, 'INSERT': 0, 'SPLINE': 0, 'ELLIPSE': 0, 'HATCH': 0, '3DFACE': 0, 'POLYFACE': 0, 'OTHER': 0}
2025-07-06 18:07:43,544 - INFO - DXF PREVIEW GENERATED: [{"type": "polyline", "points": [[0.0, 0.0], [165.5889744111203, 0.0], [165.5889744111203, 2.625000000000001], [0.0, 2.624999999999998]]}, {"type": "polyline", "points": [[0.0, 0.0], [165.5889744111203, 0.0], [165.5889744111203, 2.625000000000001], [0.0, 2.624999999999998]]}]
2025-07-06 18:07:43,545 - INFO - DXF PREVIEW TO DB for 307-003 PL01.dxf: [{"type": "polyline", "points": [[0.0, 0.0], [165.5889744111203, 0.0], [165.5889744111203, 2.625000000000001], [0.0, 2.624999999999998]]}, {"type": "polyline", "points": [[0.0, 0.0], [165.5889744111203, 0.0], [165.5889744111203, 2.625000000000001], [0.0, 2.624999999999998]]}]
2025-07-06 18:07:43,545 - INFO - DXF parsed successfully: 307-003 PL01.dxf, summary: {'total_length': 672.8558976444812, 'net_area_sqin': 0, 'gross_min_x': 0, 'gross_min_y': 0, 'gross_max_x': 0, 'gross_max_y': 0, 'gross_area_sqin': 0, 'gross_weight_lb': 0, 'net_weight_lb': 0.0, 'entit
2025-07-06 18:07:43,566 - INFO - OrderItem created: part=307-003 PL01.dxf, order_id=6468f905-d3c0-4655-a99b-727be5f0cba8, cart_uid=3dc02d5f-583a-4a86-86fa-8abba589f85c
2025-07-06 18:07:43,566 - INFO - Received DXF upload: lDCxP-the-mandalorian-star-wars-figure.dxf for order_id: 6468f905-d3c0-4655-a99b-727be5f0cba8
2025-07-06 18:07:43,568 - INFO - Saved uploaded file to: C:\Users\shawng\CascadeProjects\PlasmaProject v1-1-7\instance\uploads\lDCxP-the-mandalorian-star-wars-figure.dxf
2025-07-06 18:07:43,568 - INFO - Parsing DXF: lDCxP-the-mandalorian-star-wars-figure.dxf with parse_dxf()
2025-07-06 18:07:43,569 - INFO - inputs.csv loaded from C:\Users\shawng\CascadeProjects\PlasmaProject v1-1-7\inputs.csv
2025-07-06 18:07:43,570 - INFO - material_densities.csv loaded from C:\Users\shawng\CascadeProjects\PlasmaProject v1-1-7\material_densities.csv
2025-07-06 18:07:43,797 - INFO - creating ACAD_COLOR dictionary
2025-07-06 18:07:43,798 - INFO - Detected units: 5, applying scale factor: 0.393701
2025-07-06 18:07:43,799 - INFO - Layers in DXF: {'Layer 1'}
2025-07-06 18:07:43,799 - DEBUG - Entity SPLINE original layer: 'Layer 1' cleaned: 'layer 1' | is_cut_entity: True | is_reference_entity: False
2025-07-06 18:07:43,799 - INFO - Skipping entity SPLINE on layer Layer 1
2025-07-06 18:07:43,799 - DEBUG - Entity SPLINE original layer: 'Layer 1' cleaned: 'layer 1' | is_cut_entity: True | is_reference_entity: False
2025-07-06 18:07:43,800 - INFO - Skipping entity SPLINE on layer Layer 1
2025-07-06 18:07:43,800 - DEBUG - Entity SPLINE original layer: 'Layer 1' cleaned: 'layer 1' | is_cut_entity: True | is_reference_entity: False
2025-07-06 18:07:43,800 - INFO - Skipping entity SPLINE on layer Layer 1
2025-07-06 18:07:43,800 - DEBUG - Entity SPLINE original layer: 'Layer 1' cleaned: 'layer 1' | is_cut_entity: True | is_reference_entity: False
2025-07-06 18:07:43,801 - INFO - Skipping entity SPLINE on layer Layer 1
2025-07-06 18:07:43,801 - DEBUG - Entity SPLINE original layer: 'Layer 1' cleaned: 'layer 1' | is_cut_entity: True | is_reference_entity: False
2025-07-06 18:07:43,801 - INFO - Skipping entity SPLINE on layer Layer 1
2025-07-06 18:07:43,802 - DEBUG - Entity SPLINE original layer: 'Layer 1' cleaned: 'layer 1' | is_cut_entity: True | is_reference_entity: False
2025-07-06 18:07:43,802 - INFO - Skipping entity SPLINE on layer Layer 1
2025-07-06 18:07:43,802 - DEBUG - Entity SPLINE original layer: 'Layer 1' cleaned: 'layer 1' | is_cut_entity: True | is_reference_entity: False
2025-07-06 18:07:43,802 - INFO - Skipping entity SPLINE on layer Layer 1
2025-07-06 18:07:43,803 - DEBUG - Entity SPLINE original layer: 'Layer 1' cleaned: 'layer 1' | is_cut_entity: True | is_reference_entity: False
2025-07-06 18:07:43,803 - INFO - Skipping entity SPLINE on layer Layer 1
2025-07-06 18:07:43,803 - DEBUG - Entity SPLINE original layer: 'Layer 1' cleaned: 'layer 1' | is_cut_entity: True | is_reference_entity: False
2025-07-06 18:07:43,803 - INFO - Skipping entity SPLINE on layer Layer 1
2025-07-06 18:07:43,804 - DEBUG - Entity SPLINE original layer: 'Layer 1' cleaned: 'layer 1' | is_cut_entity: True | is_reference_entity: False
2025-07-06 18:07:43,804 - INFO - Skipping entity SPLINE on layer Layer 1
2025-07-06 18:07:43,804 - DEBUG - Entity SPLINE original layer: 'Layer 1' cleaned: 'layer 1' | is_cut_entity: True | is_reference_entity: False
2025-07-06 18:07:43,804 - INFO - Skipping entity SPLINE on layer Layer 1
2025-07-06 18:07:43,804 - DEBUG - Entity SPLINE original layer: 'Layer 1' cleaned: 'layer 1' | is_cut_entity: True | is_reference_entity: False
2025-07-06 18:07:43,805 - INFO - Skipping entity SPLINE on layer Layer 1
2025-07-06 18:07:43,805 - DEBUG - Entity SPLINE original layer: 'Layer 1' cleaned: 'layer 1' | is_cut_entity: True | is_reference_entity: False
2025-07-06 18:07:43,805 - INFO - Skipping entity SPLINE on layer Layer 1
2025-07-06 18:07:43,805 - DEBUG - Entity SPLINE original layer: 'Layer 1' cleaned: 'layer 1' | is_cut_entity: True | is_reference_entity: False
2025-07-06 18:07:43,806 - INFO - Skipping entity SPLINE on layer Layer 1
2025-07-06 18:07:43,806 - DEBUG - Entity SPLINE original layer: 'Layer 1' cleaned: 'layer 1' | is_cut_entity: True | is_reference_entity: False
2025-07-06 18:07:43,806 - INFO - Skipping entity SPLINE on layer Layer 1
2025-07-06 18:07:43,806 - DEBUG - Entity SPLINE original layer: 'Layer 1' cleaned: 'layer 1' | is_cut_entity: True | is_reference_entity: False
2025-07-06 18:07:43,807 - INFO - Skipping entity SPLINE on layer Layer 1
2025-07-06 18:07:43,807 - DEBUG - Entity SPLINE original layer: 'Layer 1' cleaned: 'layer 1' | is_cut_entity: True | is_reference_entity: False
2025-07-06 18:07:43,807 - INFO - Skipping entity SPLINE on layer Layer 1
2025-07-06 18:07:43,807 - DEBUG - Entity SPLINE original layer: 'Layer 1' cleaned: 'layer 1' | is_cut_entity: True | is_reference_entity: False
2025-07-06 18:07:43,808 - INFO - Skipping entity SPLINE on layer Layer 1
2025-07-06 18:07:43,808 - DEBUG - Entity SPLINE original layer: 'Layer 1' cleaned: 'layer 1' | is_cut_entity: True | is_reference_entity: False
2025-07-06 18:07:43,808 - INFO - Skipping entity SPLINE on layer Layer 1
2025-07-06 18:07:43,808 - DEBUG - Entity SPLINE original layer: 'Layer 1' cleaned: 'layer 1' | is_cut_entity: True | is_reference_entity: False
2025-07-06 18:07:43,809 - INFO - Skipping entity SPLINE on layer Layer 1
2025-07-06 18:07:43,809 - DEBUG - Entity SPLINE original layer: 'Layer 1' cleaned: 'layer 1' | is_cut_entity: True | is_reference_entity: False
2025-07-06 18:07:43,809 - INFO - Skipping entity SPLINE on layer Layer 1
2025-07-06 18:07:43,809 - DEBUG - Entity SPLINE original layer: 'Layer 1' cleaned: 'layer 1' | is_cut_entity: True | is_reference_entity: False
2025-07-06 18:07:43,810 - INFO - Skipping entity SPLINE on layer Layer 1
2025-07-06 18:07:43,810 - DEBUG - Entity SPLINE original layer: 'Layer 1' cleaned: 'layer 1' | is_cut_entity: True | is_reference_entity: False
2025-07-06 18:07:43,810 - INFO - Skipping entity SPLINE on layer Layer 1
2025-07-06 18:07:43,810 - DEBUG - Entity SPLINE original layer: 'Layer 1' cleaned: 'layer 1' | is_cut_entity: True | is_reference_entity: False
2025-07-06 18:07:43,811 - INFO - Skipping entity SPLINE on layer Layer 1
2025-07-06 18:07:43,811 - DEBUG - Entity SPLINE original layer: 'Layer 1' cleaned: 'layer 1' | is_cut_entity: True | is_reference_entity: False
2025-07-06 18:07:43,811 - INFO - Skipping entity SPLINE on layer Layer 1
2025-07-06 18:07:43,811 - DEBUG - Entity SPLINE original layer: 'Layer 1' cleaned: 'layer 1' | is_cut_entity: True | is_reference_entity: False
2025-07-06 18:07:43,812 - INFO - Skipping entity SPLINE on layer Layer 1
2025-07-06 18:07:43,812 - DEBUG - Entity SPLINE original layer: 'Layer 1' cleaned: 'layer 1' | is_cut_entity: True | is_reference_entity: False
2025-07-06 18:07:43,812 - INFO - Skipping entity SPLINE on layer Layer 1
2025-07-06 18:07:43,812 - DEBUG - Entity SPLINE original layer: 'Layer 1' cleaned: 'layer 1' | is_cut_entity: True | is_reference_entity: False
2025-07-06 18:07:43,812 - INFO - Skipping entity SPLINE on layer Layer 1
2025-07-06 18:07:43,813 - DEBUG - Entity SPLINE original layer: 'Layer 1' cleaned: 'layer 1' | is_cut_entity: True | is_reference_entity: False
2025-07-06 18:07:43,813 - INFO - Skipping entity SPLINE on layer Layer 1
2025-07-06 18:07:43,813 - DEBUG - Entity SPLINE original layer: 'Layer 1' cleaned: 'layer 1' | is_cut_entity: True | is_reference_entity: False
2025-07-06 18:07:43,813 - INFO - Skipping entity SPLINE on layer Layer 1
2025-07-06 18:07:43,814 - DEBUG - Entity SPLINE original layer: 'Layer 1' cleaned: 'layer 1' | is_cut_entity: True | is_reference_entity: False
2025-07-06 18:07:43,814 - INFO - Skipping entity SPLINE on layer Layer 1
2025-07-06 18:07:43,815 - DEBUG - Entity SPLINE original layer: 'Layer 1' cleaned: 'layer 1' | is_cut_entity: True | is_reference_entity: False
2025-07-06 18:07:43,815 - INFO - Skipping entity SPLINE on layer Layer 1
2025-07-06 18:07:43,815 - DEBUG - Entity SPLINE original layer: 'Layer 1' cleaned: 'layer 1' | is_cut_entity: True | is_reference_entity: False
2025-07-06 18:07:43,815 - INFO - Skipping entity SPLINE on layer Layer 1
2025-07-06 18:07:43,815 - DEBUG - Entity SPLINE original layer: 'Layer 1' cleaned: 'layer 1' | is_cut_entity: True | is_reference_entity: False
2025-07-06 18:07:43,816 - INFO - Skipping entity SPLINE on layer Layer 1
2025-07-06 18:07:43,816 - DEBUG - Entity SPLINE original layer: 'Layer 1' cleaned: 'layer 1' | is_cut_entity: True | is_reference_entity: False
2025-07-06 18:07:43,816 - INFO - Skipping entity SPLINE on layer Layer 1
2025-07-06 18:07:43,816 - DEBUG - Entity SPLINE original layer: 'Layer 1' cleaned: 'layer 1' | is_cut_entity: True | is_reference_entity: False
2025-07-06 18:07:43,816 - INFO - Skipping entity SPLINE on layer Layer 1
2025-07-06 18:07:43,817 - DEBUG - Entity SPLINE original layer: 'Layer 1' cleaned: 'layer 1' | is_cut_entity: True | is_reference_entity: False
2025-07-06 18:07:43,817 - INFO - Skipping entity SPLINE on layer Layer 1
2025-07-06 18:07:43,817 - DEBUG - Entity SPLINE original layer: 'Layer 1' cleaned: 'layer 1' | is_cut_entity: True | is_reference_entity: False
2025-07-06 18:07:43,817 - INFO - Skipping entity SPLINE on layer Layer 1
2025-07-06 18:07:43,817 - DEBUG - Entity SPLINE original layer: 'Layer 1' cleaned: 'layer 1' | is_cut_entity: True | is_reference_entity: False
2025-07-06 18:07:43,818 - INFO - Skipping entity SPLINE on layer Layer 1
2025-07-06 18:07:43,818 - DEBUG - Entity SPLINE original layer: 'Layer 1' cleaned: 'layer 1' | is_cut_entity: True | is_reference_entity: False
2025-07-06 18:07:43,818 - INFO - Skipping entity SPLINE on layer Layer 1
2025-07-06 18:07:43,818 - DEBUG - Entity SPLINE original layer: 'Layer 1' cleaned: 'layer 1' | is_cut_entity: True | is_reference_entity: False
2025-07-06 18:07:43,819 - INFO - Skipping entity SPLINE on layer Layer 1
2025-07-06 18:07:43,819 - DEBUG - Entity SPLINE original layer: 'Layer 1' cleaned: 'layer 1' | is_cut_entity: True | is_reference_entity: False
2025-07-06 18:07:43,819 - INFO - Skipping entity SPLINE on layer Layer 1
2025-07-06 18:07:43,819 - DEBUG - Entity SPLINE original layer: 'Layer 1' cleaned: 'layer 1' | is_cut_entity: True | is_reference_entity: False
2025-07-06 18:07:43,819 - INFO - Skipping entity SPLINE on layer Layer 1
2025-07-06 18:07:43,820 - DEBUG - Entity SPLINE original layer: 'Layer 1' cleaned: 'layer 1' | is_cut_entity: True | is_reference_entity: False
2025-07-06 18:07:43,820 - INFO - Skipping entity SPLINE on layer Layer 1
2025-07-06 18:07:43,820 - DEBUG - Entity SPLINE original layer: 'Layer 1' cleaned: 'layer 1' | is_cut_entity: True | is_reference_entity: False
2025-07-06 18:07:43,820 - INFO - Skipping entity SPLINE on layer Layer 1
2025-07-06 18:07:43,820 - DEBUG - Entity SPLINE original layer: 'Layer 1' cleaned: 'layer 1' | is_cut_entity: True | is_reference_entity: False
2025-07-06 18:07:43,821 - INFO - Skipping entity SPLINE on layer Layer 1
2025-07-06 18:07:43,821 - DEBUG - Entity SPLINE original layer: 'Layer 1' cleaned: 'layer 1' | is_cut_entity: True | is_reference_entity: False
2025-07-06 18:07:43,821 - INFO - Skipping entity SPLINE on layer Layer 1
2025-07-06 18:07:43,821 - DEBUG - Entity SPLINE original layer: 'Layer 1' cleaned: 'layer 1' | is_cut_entity: True | is_reference_entity: False
2025-07-06 18:07:43,822 - INFO - Skipping entity SPLINE on layer Layer 1
2025-07-06 18:07:43,822 - DEBUG - Entity SPLINE original layer: 'Layer 1' cleaned: 'layer 1' | is_cut_entity: True | is_reference_entity: False
2025-07-06 18:07:43,822 - INFO - Skipping entity SPLINE on layer Layer 1
2025-07-06 18:07:43,822 - DEBUG - Entity SPLINE original layer: 'Layer 1' cleaned: 'layer 1' | is_cut_entity: True | is_reference_entity: False
2025-07-06 18:07:43,822 - INFO - Skipping entity SPLINE on layer Layer 1
2025-07-06 18:07:43,823 - DEBUG - Entity SPLINE original layer: 'Layer 1' cleaned: 'layer 1' | is_cut_entity: True | is_reference_entity: False
2025-07-06 18:07:43,823 - INFO - Skipping entity SPLINE on layer Layer 1
2025-07-06 18:07:43,823 - DEBUG - Entity SPLINE original layer: 'Layer 1' cleaned: 'layer 1' | is_cut_entity: True | is_reference_entity: False
2025-07-06 18:07:43,823 - INFO - Skipping entity SPLINE on layer Layer 1
2025-07-06 18:07:43,824 - DEBUG - Entity SPLINE original layer: 'Layer 1' cleaned: 'layer 1' | is_cut_entity: True | is_reference_entity: False
2025-07-06 18:07:43,825 - INFO - Skipping entity SPLINE on layer Layer 1
2025-07-06 18:07:43,825 - DEBUG - Entity SPLINE original layer: 'Layer 1' cleaned: 'layer 1' | is_cut_entity: True | is_reference_entity: False
2025-07-06 18:07:43,827 - INFO - Skipping entity SPLINE on layer Layer 1
2025-07-06 18:07:43,827 - DEBUG - Entity SPLINE original layer: 'Layer 1' cleaned: 'layer 1' | is_cut_entity: True | is_reference_entity: False
2025-07-06 18:07:43,828 - INFO - Skipping entity SPLINE on layer Layer 1
2025-07-06 18:07:43,829 - DEBUG - Entity SPLINE original layer: 'Layer 1' cleaned: 'layer 1' | is_cut_entity: True | is_reference_entity: False
2025-07-06 18:07:43,829 - INFO - Skipping entity SPLINE on layer Layer 1
2025-07-06 18:07:43,829 - DEBUG - Entity SPLINE original layer: 'Layer 1' cleaned: 'layer 1' | is_cut_entity: True | is_reference_entity: False
2025-07-06 18:07:43,830 - INFO - Skipping entity SPLINE on layer Layer 1
2025-07-06 18:07:43,830 - DEBUG - Entity SPLINE original layer: 'Layer 1' cleaned: 'layer 1' | is_cut_entity: True | is_reference_entity: False
2025-07-06 18:07:43,830 - INFO - Skipping entity SPLINE on layer Layer 1
2025-07-06 18:07:43,830 - DEBUG - Entity SPLINE original layer: 'Layer 1' cleaned: 'layer 1' | is_cut_entity: True | is_reference_entity: False
2025-07-06 18:07:43,831 - INFO - Skipping entity SPLINE on layer Layer 1
2025-07-06 18:07:43,831 - DEBUG - Entity SPLINE original layer: 'Layer 1' cleaned: 'layer 1' | is_cut_entity: True | is_reference_entity: False
2025-07-06 18:07:43,831 - INFO - Skipping entity SPLINE on layer Layer 1
2025-07-06 18:07:43,832 - DEBUG - Entity SPLINE original layer: 'Layer 1' cleaned: 'layer 1' | is_cut_entity: True | is_reference_entity: False
2025-07-06 18:07:43,832 - INFO - Skipping entity SPLINE on layer Layer 1
2025-07-06 18:07:43,833 - DEBUG - Entity SPLINE original layer: 'Layer 1' cleaned: 'layer 1' | is_cut_entity: True | is_reference_entity: False
2025-07-06 18:07:43,833 - INFO - Skipping entity SPLINE on layer Layer 1
2025-07-06 18:07:43,836 - DEBUG - Entity SPLINE original layer: 'Layer 1' cleaned: 'layer 1' | is_cut_entity: True | is_reference_entity: False
2025-07-06 18:07:43,836 - INFO - Skipping entity SPLINE on layer Layer 1
2025-07-06 18:07:43,836 - DEBUG - Entity SPLINE original layer: 'Layer 1' cleaned: 'layer 1' | is_cut_entity: True | is_reference_entity: False
2025-07-06 18:07:43,837 - INFO - Skipping entity SPLINE on layer Layer 1
2025-07-06 18:07:43,837 - DEBUG - Entity SPLINE original layer: 'Layer 1' cleaned: 'layer 1' | is_cut_entity: True | is_reference_entity: False
2025-07-06 18:07:43,837 - INFO - Skipping entity SPLINE on layer Layer 1
2025-07-06 18:07:43,837 - DEBUG - Entity SPLINE original layer: 'Layer 1' cleaned: 'layer 1' | is_cut_entity: True | is_reference_entity: False
2025-07-06 18:07:43,838 - INFO - Skipping entity SPLINE on layer Layer 1
2025-07-06 18:07:43,838 - DEBUG - Entity SPLINE original layer: 'Layer 1' cleaned: 'layer 1' | is_cut_entity: True | is_reference_entity: False
2025-07-06 18:07:43,838 - INFO - Skipping entity SPLINE on layer Layer 1
2025-07-06 18:07:43,838 - DEBUG - Entity SPLINE original layer: 'Layer 1' cleaned: 'layer 1' | is_cut_entity: True | is_reference_entity: False
2025-07-06 18:07:43,839 - INFO - Skipping entity SPLINE on layer Layer 1
2025-07-06 18:07:43,839 - DEBUG - Entity SPLINE original layer: 'Layer 1' cleaned: 'layer 1' | is_cut_entity: True | is_reference_entity: False
2025-07-06 18:07:43,840 - INFO - Skipping entity SPLINE on layer Layer 1
2025-07-06 18:07:43,840 - DEBUG - Entity SPLINE original layer: 'Layer 1' cleaned: 'layer 1' | is_cut_entity: True | is_reference_entity: False
2025-07-06 18:07:43,840 - INFO - Skipping entity SPLINE on layer Layer 1
2025-07-06 18:07:43,840 - DEBUG - Entity SPLINE original layer: 'Layer 1' cleaned: 'layer 1' | is_cut_entity: True | is_reference_entity: False
2025-07-06 18:07:43,841 - INFO - Skipping entity SPLINE on layer Layer 1
2025-07-06 18:07:43,841 - DEBUG - Entity SPLINE original layer: 'Layer 1' cleaned: 'layer 1' | is_cut_entity: True | is_reference_entity: False
2025-07-06 18:07:43,841 - INFO - Skipping entity SPLINE on layer Layer 1
2025-07-06 18:07:43,842 - ERROR - No preview geometry generated for C:\Users\shawng\CascadeProjects\PlasmaProject v1-1-7\instance\uploads\lDCxP-the-mandalorian-star-wars-figure.dxf. Entity counts: {'LINE': 0, 'ARC': 0, 'CIRCLE': 0, 'LWPOLYLINE': 0, 'POLYLINE': 0, 'INSERT': 0, 'SPLINE': 0, 'ELLIPSE': 0, 'HATCH': 0, '3DFACE': 0, 'POLYFACE': 0, 'OTHER': 72}
2025-07-06 18:07:43,842 - WARNING - Could not load inputs.csv from C:\Users\shawng\CascadeProjects\PlasmaProject v1-1-7\app\inputs.csv: [Errno 2] No such file or directory: 'C:\\Users\\shawng\\CascadeProjects\\PlasmaProject v1-1-7\\app\\inputs.csv'. Using safe defaults.
2025-07-06 18:07:43,843 - INFO - material_densities.csv loaded from C:\Users\shawng\CascadeProjects\PlasmaProject v1-1-7\material_densities.csv
2025-07-06 18:07:43,844 - INFO - Summary for C:\Users\shawng\CascadeProjects\PlasmaProject v1-1-7\instance\uploads\lDCxP-the-mandalorian-star-wars-figure.dxf:
2025-07-06 18:07:43,844 - INFO -   Total Cut Length: 0.00 in
2025-07-06 18:07:43,844 - INFO -   Gross Area: 0.00 sqin
2025-07-06 18:07:43,844 - INFO -   Net Area: 0.00 sqin
2025-07-06 18:07:43,845 - INFO -   Entity Counts: {'LINE': 0, 'ARC': 0, 'CIRCLE': 0, 'LWPOLYLINE': 0, 'POLYLINE': 0, 'INSERT': 0, 'SPLINE': 0, 'ELLIPSE': 0, 'HATCH': 0, '3DFACE': 0, 'POLYFACE': 0, 'OTHER': 72}
2025-07-06 18:07:43,845 - INFO - DXF PREVIEW GENERATED: [{"type": "error", "message": "No cuttable geometry could be parsed from lDCxP-the-mandalorian-star-wars-figure.dxf."}]
2025-07-06 18:07:43,845 - INFO - DXF PREVIEW TO DB for lDCxP-the-mandalorian-star-wars-figure.dxf: [{"type": "error", "message": "No cuttable geometry could be parsed from lDCxP-the-mandalorian-star-wars-figure.dxf."}]
2025-07-06 18:07:43,845 - ERROR - DXF lDCxP-the-mandalorian-star-wars-figure.dxf parsing returned error: [{'type': 'error', 'message': 'No cuttable geometry could be parsed from lDCxP-the-mandalorian-star-wars-figure.dxf.'}]
2025-07-06 18:07:43,846 - INFO - Received DXF upload: test1.dxf for order_id: 6468f905-d3c0-4655-a99b-727be5f0cba8
2025-07-06 18:07:43,848 - INFO - Saved uploaded file to: C:\Users\shawng\CascadeProjects\PlasmaProject v1-1-7\instance\uploads\test1.dxf
2025-07-06 18:07:43,848 - INFO - Parsing DXF: test1.dxf with parse_dxf()
2025-07-06 18:07:43,849 - INFO - inputs.csv loaded from C:\Users\shawng\CascadeProjects\PlasmaProject v1-1-7\inputs.csv
2025-07-06 18:07:43,850 - INFO - material_densities.csv loaded from C:\Users\shawng\CascadeProjects\PlasmaProject v1-1-7\material_densities.csv
2025-07-06 18:07:44,007 - INFO - Detected units: 1, applying scale factor: 1.0
2025-07-06 18:07:44,007 - INFO - Layers in DXF: {'0'}
2025-07-06 18:07:44,008 - DEBUG - Entity ARC original layer: '0' cleaned: '0' | is_cut_entity: True | is_reference_entity: False
2025-07-06 18:07:44,008 - INFO - ARC on layer 0: Length=1.57 in (cut)
2025-07-06 18:07:44,008 - DEBUG - Entity ARC original layer: '0' cleaned: '0' | is_cut_entity: True | is_reference_entity: False
2025-07-06 18:07:44,008 - INFO - ARC on layer 0: Length=1.57 in (cut)
2025-07-06 18:07:44,008 - DEBUG - Entity LINE original layer: '0' cleaned: '0' | is_cut_entity: True | is_reference_entity: False
2025-07-06 18:07:44,009 - INFO - LINE on layer 0: Length=0.75 in (cut)
2025-07-06 18:07:44,009 - DEBUG - Entity LINE original layer: '0' cleaned: '0' | is_cut_entity: True | is_reference_entity: False
2025-07-06 18:07:44,009 - INFO - LINE on layer 0: Length=0.75 in (cut)
2025-07-06 18:07:44,009 - DEBUG - Entity CIRCLE original layer: '0' cleaned: '0' | is_cut_entity: True | is_reference_entity: False
2025-07-06 18:07:44,010 - INFO - CIRCLE on layer 0: Length=6.28 in (cut)
2025-07-06 18:07:44,010 - WARNING - Could not load inputs.csv from C:\Users\shawng\CascadeProjects\PlasmaProject v1-1-7\app\inputs.csv: [Errno 2] No such file or directory: 'C:\\Users\\shawng\\CascadeProjects\\PlasmaProject v1-1-7\\app\\inputs.csv'. Using safe defaults.
2025-07-06 18:07:44,011 - INFO - material_densities.csv loaded from C:\Users\shawng\CascadeProjects\PlasmaProject v1-1-7\material_densities.csv
2025-07-06 18:07:44,011 - INFO - Summary for C:\Users\shawng\CascadeProjects\PlasmaProject v1-1-7\instance\uploads\test1.dxf:
2025-07-06 18:07:44,012 - INFO -   Total Cut Length: 10.92 in
2025-07-06 18:07:44,012 - INFO -   Gross Area: 5.61 sqin
2025-07-06 18:07:44,012 - INFO -   Net Area: 3.14 sqin
2025-07-06 18:07:44,012 - INFO -   Entity Counts: {'LINE': 2, 'ARC': 2, 'CIRCLE': 1, 'LWPOLYLINE': 0, 'POLYLINE': 0, 'INSERT': 0, 'SPLINE': 0, 'ELLIPSE': 0, 'HATCH': 0, '3DFACE': 0, 'POLYFACE': 0, 'OTHER': 0}
2025-07-06 18:07:44,013 - INFO - DXF PREVIEW GENERATED: [{"type": "arc", "center": [1.05080387881803, 0.6961743329908785], "radius": 0.5, "start_angle": 180.0, "end_angle": 360.0}, {"type": "arc", "center": [1.05080387881803, 1.446174332990878], "radius": 0.5, "start_angle": 0.0, "end_angle": 180.0}, {"type": "line", "start": [1.55080387881803, 1.446174332990878], "end": [1.55080387881803, 0.6961743329908785]}, {"type": "line", "start": [0.5508038788180301, 1.446174332990878], "end": [0.5508038788180301, 0.6961743329908785]}, {"type": "circle", "cent
2025-07-06 18:07:44,013 - INFO - DXF PREVIEW TO DB for test1.dxf: [{"type": "arc", "center": [1.05080387881803, 0.6961743329908785], "radius": 0.5, "start_angle": 180.0, "end_angle": 360.0}, {"type": "arc", "center": [1.05080387881803, 1.446174332990878], "radius": 0.5, "start_angle": 0.0, "end_angle": 180.0}, {"type": "line", "start": [1.55080387881803, 1.446174332990878], "end": [1.55080387881803, 0.6961743329908785]}, {"type": "line", "start": [0.5508038788180301, 1.446174332990878], "end": [0.5508038788180301, 0.6961743329908785]}, {"type": "circle", "cent
2025-07-06 18:07:44,013 - INFO - DXF parsed successfully: test1.dxf, summary: {'total_length': 10.92477796076938, 'net_area_sqin': 3.141592653589793, 'gross_min_x': -0.07419612118196994, 'gross_min_y': -0.05382566700912195, 'gross_max_x': 2.17580387881803, 'gross_max_y': 2.1961
2025-07-06 18:07:44,030 - INFO - OrderItem created: part=test1.dxf, order_id=6468f905-d3c0-4655-a99b-727be5f0cba8, cart_uid=e968e057-46c5-438a-bb5a-a4c9778b8b3b
2025-07-06 18:07:44,031 - INFO - Received DXF upload: Zz343-batman-wall-decor.dxf for order_id: 6468f905-d3c0-4655-a99b-727be5f0cba8
2025-07-06 18:07:44,035 - INFO - Saved uploaded file to: C:\Users\shawng\CascadeProjects\PlasmaProject v1-1-7\instance\uploads\Zz343-batman-wall-decor.dxf
2025-07-06 18:07:44,035 - INFO - Parsing DXF: Zz343-batman-wall-decor.dxf with parse_dxf()
2025-07-06 18:07:44,036 - INFO - inputs.csv loaded from C:\Users\shawng\CascadeProjects\PlasmaProject v1-1-7\inputs.csv
2025-07-06 18:07:44,037 - INFO - material_densities.csv loaded from C:\Users\shawng\CascadeProjects\PlasmaProject v1-1-7\material_densities.csv
2025-07-06 18:07:44,212 - INFO - creating ACAD_COLOR dictionary
2025-07-06 18:07:44,213 - INFO - Detected units: 5, applying scale factor: 0.393701
2025-07-06 18:07:44,214 - INFO - Layers in DXF: {'Plan 1'}
2025-07-06 18:07:44,214 - DEBUG - Entity SPLINE original layer: 'Plan 1' cleaned: 'plan 1' | is_cut_entity: True | is_reference_entity: False
2025-07-06 18:07:44,214 - INFO - Skipping entity SPLINE on layer Plan 1
2025-07-06 18:07:44,215 - DEBUG - Entity SPLINE original layer: 'Plan 1' cleaned: 'plan 1' | is_cut_entity: True | is_reference_entity: False
2025-07-06 18:07:44,215 - INFO - Skipping entity SPLINE on layer Plan 1
2025-07-06 18:07:44,215 - DEBUG - Entity SPLINE original layer: 'Plan 1' cleaned: 'plan 1' | is_cut_entity: True | is_reference_entity: False
2025-07-06 18:07:44,216 - INFO - Skipping entity SPLINE on layer Plan 1
2025-07-06 18:07:44,216 - DEBUG - Entity SPLINE original layer: 'Plan 1' cleaned: 'plan 1' | is_cut_entity: True | is_reference_entity: False
2025-07-06 18:07:44,217 - INFO - Skipping entity SPLINE on layer Plan 1
2025-07-06 18:07:44,217 - DEBUG - Entity SPLINE original layer: 'Plan 1' cleaned: 'plan 1' | is_cut_entity: True | is_reference_entity: False
2025-07-06 18:07:44,218 - INFO - Skipping entity SPLINE on layer Plan 1
2025-07-06 18:07:44,219 - DEBUG - Entity SPLINE original layer: 'Plan 1' cleaned: 'plan 1' | is_cut_entity: True | is_reference_entity: False
2025-07-06 18:07:44,220 - INFO - Skipping entity SPLINE on layer Plan 1
2025-07-06 18:07:44,220 - DEBUG - Entity SPLINE original layer: 'Plan 1' cleaned: 'plan 1' | is_cut_entity: True | is_reference_entity: False
2025-07-06 18:07:44,221 - INFO - Skipping entity SPLINE on layer Plan 1
2025-07-06 18:07:44,221 - DEBUG - Entity SPLINE original layer: 'Plan 1' cleaned: 'plan 1' | is_cut_entity: True | is_reference_entity: False
2025-07-06 18:07:44,221 - INFO - Skipping entity SPLINE on layer Plan 1
2025-07-06 18:07:44,222 - DEBUG - Entity SPLINE original layer: 'Plan 1' cleaned: 'plan 1' | is_cut_entity: True | is_reference_entity: False
2025-07-06 18:07:44,222 - INFO - Skipping entity SPLINE on layer Plan 1
2025-07-06 18:07:44,222 - ERROR - No preview geometry generated for C:\Users\shawng\CascadeProjects\PlasmaProject v1-1-7\instance\uploads\Zz343-batman-wall-decor.dxf. Entity counts: {'LINE': 0, 'ARC': 0, 'CIRCLE': 0, 'LWPOLYLINE': 0, 'POLYLINE': 0, 'INSERT': 0, 'SPLINE': 0, 'ELLIPSE': 0, 'HATCH': 0, '3DFACE': 0, 'POLYFACE': 0, 'OTHER': 9}
2025-07-06 18:07:44,223 - WARNING - Could not load inputs.csv from C:\Users\shawng\CascadeProjects\PlasmaProject v1-1-7\app\inputs.csv: [Errno 2] No such file or directory: 'C:\\Users\\shawng\\CascadeProjects\\PlasmaProject v1-1-7\\app\\inputs.csv'. Using safe defaults.
2025-07-06 18:07:44,224 - INFO - material_densities.csv loaded from C:\Users\shawng\CascadeProjects\PlasmaProject v1-1-7\material_densities.csv
2025-07-06 18:07:44,224 - INFO - Summary for C:\Users\shawng\CascadeProjects\PlasmaProject v1-1-7\instance\uploads\Zz343-batman-wall-decor.dxf:
2025-07-06 18:07:44,224 - INFO -   Total Cut Length: 0.00 in
2025-07-06 18:07:44,225 - INFO -   Gross Area: 0.00 sqin
2025-07-06 18:07:44,225 - INFO -   Net Area: 0.00 sqin
2025-07-06 18:07:44,225 - INFO -   Entity Counts: {'LINE': 0, 'ARC': 0, 'CIRCLE': 0, 'LWPOLYLINE': 0, 'POLYLINE': 0, 'INSERT': 0, 'SPLINE': 0, 'ELLIPSE': 0, 'HATCH': 0, '3DFACE': 0, 'POLYFACE': 0, 'OTHER': 9}
2025-07-06 18:07:44,226 - INFO - DXF PREVIEW GENERATED: [{"type": "error", "message": "No cuttable geometry could be parsed from Zz343-batman-wall-decor.dxf."}]
2025-07-06 18:07:44,226 - INFO - DXF PREVIEW TO DB for Zz343-batman-wall-decor.dxf: [{"type": "error", "message": "No cuttable geometry could be parsed from Zz343-batman-wall-decor.dxf."}]
2025-07-06 18:07:44,227 - ERROR - DXF Zz343-batman-wall-decor.dxf parsing returned error: [{'type': 'error', 'message': 'No cuttable geometry could be parsed from Zz343-batman-wall-decor.dxf.'}]
------------------------------ Captured log call ------------------------------
INFO     root:main.py:370 Generated new order_id: 6468f905-d3c0-4655-a99b-727be5f0cba8
INFO     root:main.py:372 Accessing index with order_id: 6468f905-d3c0-4655-a99b-727be5f0cba8
INFO     root:main.py:388 Cart items: []
INFO     root:main.py:404 Processing POST request to / with form data: ImmutableMultiDict([('material', 'A36 Steel'), ('thickness', '0.25')]) and files: ImmutableMultiDict([('files[]', <FileStorage: '10x10 Square.dxf' ('application/octet-stream')>), ('files[]', <FileStorage: '11764850_IDW_000_--11764850_IDW_000.DXF' ('application/octet-stream')>), ('files[]', <FileStorage: '307-003 PL01.dxf' ('application/octet-stream')>), ('files[]', <FileStorage: 'lDCxP-the-mandalorian-star-wars-figure.dxf' ('application/octet-stream')>), ('files[]', <FileStorage: 'test1.dxf' ('application/octet-stream')>), ('files[]', <FileStorage: 'Zz343-batman-wall-decor.dxf' ('application/octet-stream')>)])
INFO     root:main.py:412 Received DXF upload: 10x10 Square.dxf for order_id: 6468f905-d3c0-4655-a99b-727be5f0cba8
INFO     root:main.py:418 Saved uploaded file to: C:\Users\shawng\CascadeProjects\PlasmaProject v1-1-7\instance\uploads\10x10 Square.dxf
INFO     root:main.py:420 Parsing DXF: 10x10 Square.dxf with parse_dxf()
INFO     root:dxf_parser.py:71 inputs.csv loaded from C:\Users\shawng\CascadeProjects\PlasmaProject v1-1-7\inputs.csv
INFO     root:dxf_parser.py:42 material_densities.csv loaded from C:\Users\shawng\CascadeProjects\PlasmaProject v1-1-7\material_densities.csv
INFO     ezdxf:document.py:453 DXF version upgrade to DXF R2000.
INFO     ezdxf:objects.py:155 creating ACAD_COLOR dictionary
INFO     ezdxf:objects.py:155 creating ACAD_LAYOUT dictionary
INFO     ezdxf:objects.py:155 creating ACAD_MATERIAL dictionary
INFO     ezdxf:objects.py:155 creating ACAD_MLEADERSTYLE dictionary
INFO     ezdxf:objects.py:155 creating ACAD_PLOTSETTINGS dictionary
INFO     ezdxf:objects.py:155 creating ACAD_PLOTSTYLENAME dictionary
INFO     ezdxf:objects.py:155 creating ACAD_SCALELIST dictionary
INFO     ezdxf:objects.py:155 creating ACAD_TABLESTYLE dictionary
INFO     ezdxf:objects.py:155 creating ACAD_VISUALSTYLE dictionary
INFO     root:dxf_parser.py:183 Detected units: 1, applying scale factor: 1.0
INFO     root:dxf_parser.py:186 Layers in DXF: {'0', '1'}
DEBUG    root:dxf_parser.py:219 Entity POINT original layer: '0' cleaned: '0' | is_cut_entity: True | is_reference_entity: False
INFO     root:dxf_parser.py:604 Skipping entity POINT on layer 0
DEBUG    root:dxf_parser.py:219 Entity POINT original layer: '0' cleaned: '0' | is_cut_entity: True | is_reference_entity: False
INFO     root:dxf_parser.py:604 Skipping entity POINT on layer 0
DEBUG    root:dxf_parser.py:219 Entity LWPOLYLINE original layer: '0' cleaned: '0' | is_cut_entity: True | is_reference_entity: False
INFO     root:dxf_parser.py:354 LWPOLYLINE on layer 0: Length=40.00 in (cut)
DEBUG    root:dxf_parser.py:219 Entity LINE original layer: '1' cleaned: '1' | is_cut_entity: True | is_reference_entity: False
INFO     root:dxf_parser.py:239 LINE on layer 1: Length=14.14 in (cut)
DEBUG    root:dxf_parser.py:219 Entity LINE original layer: '1' cleaned: '1' | is_cut_entity: True | is_reference_entity: False
INFO     root:dxf_parser.py:239 LINE on layer 1: Length=14.14 in (cut)
WARNING  root:dxf_parser.py:650 Could not load inputs.csv from C:\Users\shawng\CascadeProjects\PlasmaProject v1-1-7\app\inputs.csv: [Errno 2] No such file or directory: 'C:\\Users\\shawng\\CascadeProjects\\PlasmaProject v1-1-7\\app\\inputs.csv'. Using safe defaults.
INFO     root:dxf_parser.py:42 material_densities.csv loaded from C:\Users\shawng\CascadeProjects\PlasmaProject v1-1-7\material_densities.csv
INFO     root:dxf_parser.py:685 Summary for C:\Users\shawng\CascadeProjects\PlasmaProject v1-1-7\instance\uploads\10x10 Square.dxf:
INFO     root:dxf_parser.py:686   Total Cut Length: 68.28 in
INFO     root:dxf_parser.py:687   Gross Area: 108.48 sqin
INFO     root:dxf_parser.py:688   Net Area: 100.00 sqin
INFO     root:dxf_parser.py:689   Entity Counts: {'LINE': 2, 'ARC': 0, 'CIRCLE': 0, 'LWPOLYLINE': 1, 'POLYLINE': 0, 'INSERT': 0, 'SPLINE': 0, 'ELLIPSE': 0, 'HATCH': 0, '3DFACE': 0, 'POLYFACE': 0, 'OTHER': 2}
INFO     root:dxf_parser.py:696 DXF PREVIEW GENERATED: [{"type": "lwpolyline", "points": [[4.999999999999998, 4.999999999999999], [-4.999999999999998, 4.999999999999999], [-4.999999999999998, -4.999999999999999], [4.999999999999998, -4.999999999999999]]}, {"type": "line", "start": [4.999999999999998, 4.999999999999999], "end": [-4.999999999999998, -4.999999999999999]}, {"type": "line", "start": [-4.999999999999998, 4.999999999999999], "end": [4.999999999999998, -4.999999999999999]}]
INFO     root:main.py:424 DXF PREVIEW TO DB for 10x10 Square.dxf: [{"type": "lwpolyline", "points": [[4.999999999999998, 4.999999999999999], [-4.999999999999998, 4.999999999999999], [-4.999999999999998, -4.999999999999999], [4.999999999999998, -4.999999999999999]]}, {"type": "line", "start": [4.999999999999998, 4.999999999999999], "end": [-4.999999999999998, -4.999999999999999]}, {"type": "line", "start": [-4.999999999999998, 4.999999999999999], "end": [4.999999999999998, -4.999999999999999]}]
INFO     root:main.py:434 DXF parsed successfully: 10x10 Square.dxf, summary: {'total_length': 68.28427124746189, 'net_area_sqin': np.float64(99.99999999999994), 'gross_min_x': np.float64(-5.124999999999998), 'gross_min_y': np.float64(-5.124999999999999), 'gross_max_x': np.floa
INFO     root:main.py:457 OrderItem created: part=10x10 Square.dxf, order_id=6468f905-d3c0-4655-a99b-727be5f0cba8, cart_uid=f5f2d41b-e657-4b65-aa5c-f1833c32b5a1
INFO     root:main.py:412 Received DXF upload: 11764850_IDW_000_--11764850_IDW_000.DXF for order_id: 6468f905-d3c0-4655-a99b-727be5f0cba8
INFO     root:main.py:418 Saved uploaded file to: C:\Users\shawng\CascadeProjects\PlasmaProject v1-1-7\instance\uploads\11764850_IDW_000_--11764850_IDW_000.DXF
INFO     root:main.py:420 Parsing DXF: 11764850_IDW_000_--11764850_IDW_000.DXF with parse_dxf()
INFO     root:dxf_parser.py:71 inputs.csv loaded from C:\Users\shawng\CascadeProjects\PlasmaProject v1-1-7\inputs.csv
INFO     root:dxf_parser.py:42 material_densities.csv loaded from C:\Users\shawng\CascadeProjects\PlasmaProject v1-1-7\material_densities.csv
INFO     root:dxf_parser.py:183 Detected units: 1, applying scale factor: 1.0
INFO     root:dxf_parser.py:186 Layers in DXF: {'Bend Centerline (ANSI)', 'Visible (ANSI)'}
DEBUG    root:dxf_parser.py:219 Entity CIRCLE original layer: 'Visible (ANSI)' cleaned: 'visible (ansi)' | is_cut_entity: True | is_reference_entity: False
INFO     root:dxf_parser.py:277 CIRCLE on layer Visible (ANSI): Length=1.67 in (cut)
DEBUG    root:dxf_parser.py:219 Entity CIRCLE original layer: 'Visible (ANSI)' cleaned: 'visible (ansi)' | is_cut_entity: True | is_reference_entity: False
INFO     root:dxf_parser.py:277 CIRCLE on layer Visible (ANSI): Length=1.67 in (cut)
DEBUG    root:dxf_parser.py:219 Entity CIRCLE original layer: 'Visible (ANSI)' cleaned: 'visible (ansi)' | is_cut_entity: True | is_reference_entity: False
INFO     root:dxf_parser.py:277 CIRCLE on layer Visible (ANSI): Length=1.67 in (cut)
DEBUG    root:dxf_parser.py:219 Entity CIRCLE original layer: 'Visible (ANSI)' cleaned: 'visible (ansi)' | is_cut_entity: True | is_reference_entity: False
INFO     root:dxf_parser.py:277 CIRCLE on layer Visible (ANSI): Length=1.67 in (cut)
DEBUG    root:dxf_parser.py:219 Entity LINE original layer: 'Visible (ANSI)' cleaned: 'visible (ansi)' | is_cut_entity: True | is_reference_entity: False
INFO     root:dxf_parser.py:239 LINE on layer Visible (ANSI): Length=4.01 in (cut)
DEBUG    root:dxf_parser.py:219 Entity LINE original layer: 'Visible (ANSI)' cleaned: 'visible (ansi)' | is_cut_entity: True | is_reference_entity: False
INFO     root:dxf_parser.py:239 LINE on layer Visible (ANSI): Length=4.01 in (cut)
DEBUG    root:dxf_parser.py:219 Entity LINE original layer: 'Visible (ANSI)' cleaned: 'visible (ansi)' | is_cut_entity: True | is_reference_entity: False
INFO     root:dxf_parser.py:239 LINE on layer Visible (ANSI): Length=30.53 in (cut)
DEBUG    root:dxf_parser.py:219 Entity LINE original layer: 'Visible (ANSI)' cleaned: 'visible (ansi)' | is_cut_entity: True | is_reference_entity: False
INFO     root:dxf_parser.py:239 LINE on layer Visible (ANSI): Length=31.02 in (cut)
DEBUG    root:dxf_parser.py:219 Entity LINE original layer: 'Bend Centerline (ANSI)' cleaned: 'bend centerline (ansi)' | is_cut_entity: False | is_reference_entity: False
INFO     root:dxf_parser.py:239 LINE on layer Bend Centerline (ANSI): Length=4.00 in
DEBUG    root:dxf_parser.py:219 Entity LINE original layer: 'Bend Centerline (ANSI)' cleaned: 'bend centerline (ansi)' | is_cut_entity: False | is_reference_entity: False
INFO     root:dxf_parser.py:239 LINE on layer Bend Centerline (ANSI): Length=4.00 in
WARNING  root:dxf_parser.py:650 Could not load inputs.csv from C:\Users\shawng\CascadeProjects\PlasmaProject v1-1-7\app\inputs.csv: [Errno 2] No such file or directory: 'C:\\Users\\shawng\\CascadeProjects\\PlasmaProject v1-1-7\\app\\inputs.csv'. Using safe defaults.
INFO     root:dxf_parser.py:42 material_densities.csv loaded from C:\Users\shawng\CascadeProjects\PlasmaProject v1-1-7\material_densities.csv
INFO     root:dxf_parser.py:685 Summary for C:\Users\shawng\CascadeProjects\PlasmaProject v1-1-7\instance\uploads\11764850_IDW_000_--11764850_IDW_000.DXF:
INFO     root:dxf_parser.py:686   Total Cut Length: 76.25 in
INFO     root:dxf_parser.py:687   Gross Area: 136.73 sqin
INFO     root:dxf_parser.py:688   Net Area: 0.22 sqin
INFO     root:dxf_parser.py:689   Entity Counts: {'LINE': 6, 'ARC': 0, 'CIRCLE': 4, 'LWPOLYLINE': 0, 'POLYLINE': 0, 'INSERT': 0, 'SPLINE': 0, 'ELLIPSE': 0, 'HATCH': 0, '3DFACE': 0, 'POLYFACE': 0, 'OTHER': 0}
INFO     root:dxf_parser.py:696 DXF PREVIEW GENERATED: [{"type": "circle", "center": [5.578192878650072, 5.627063432600968], "radius": 0.2655}, {"type": "circle", "center": [11.57819287865007, 5.627063432600969], "radius": 0.2655}, {"type": "circle", "center": [17.57819287865007, 5.627063432600971], "radius": 0.2655}, {"type": "circle", "center": [-0.4218071213499285, 5.627063432600967], "radius": 0.2655}, {"type": "line", "start": [-6.688992859243505, 7.627063432600964], "end": [-6.93364333984544, 3.627063432600965]}, {"type": "line", "start": [24.
INFO     root:main.py:424 DXF PREVIEW TO DB for 11764850_IDW_000_--11764850_IDW_000.DXF: [{"type": "circle", "center": [5.578192878650072, 5.627063432600968], "radius": 0.2655}, {"type": "circle", "center": [11.57819287865007, 5.627063432600969], "radius": 0.2655}, {"type": "circle", "center": [17.57819287865007, 5.627063432600971], "radius": 0.2655}, {"type": "circle", "center": [-0.4218071213499285, 5.627063432600967], "radius": 0.2655}, {"type": "line", "start": [-6.688992859243505, 7.627063432600964], "end": [-6.93364333984544, 3.627063432600965]}, {"type": "line", "start": [24.
INFO     root:main.py:434 DXF parsed successfully: 11764850_IDW_000_--11764850_IDW_000.DXF, summary: {'total_length': 76.24573620545235, 'net_area_sqin': 0.22145165154970792, 'gross_min_x': -7.058643339845443, 'gross_min_y': 3.502063432600965, 'gross_max_x': 24.2150290971456, 'gross_max_y': 7.7520634
INFO     root:main.py:457 OrderItem created: part=11764850_IDW_000_--11764850_IDW_000.DXF, order_id=6468f905-d3c0-4655-a99b-727be5f0cba8, cart_uid=09b98626-c558-4561-8ed1-e0db453a9f87
INFO     root:main.py:412 Received DXF upload: 307-003 PL01.dxf for order_id: 6468f905-d3c0-4655-a99b-727be5f0cba8
INFO     root:main.py:418 Saved uploaded file to: C:\Users\shawng\CascadeProjects\PlasmaProject v1-1-7\instance\uploads\307-003 PL01.dxf
INFO     root:main.py:420 Parsing DXF: 307-003 PL01.dxf with parse_dxf()
INFO     root:dxf_parser.py:71 inputs.csv loaded from C:\Users\shawng\CascadeProjects\PlasmaProject v1-1-7\inputs.csv
INFO     root:dxf_parser.py:42 material_densities.csv loaded from C:\Users\shawng\CascadeProjects\PlasmaProject v1-1-7\material_densities.csv
INFO     root:dxf_parser.py:183 Detected units: 1, applying scale factor: 1.0
INFO     root:dxf_parser.py:186 Layers in DXF: {'0'}
DEBUG    root:dxf_parser.py:219 Entity POLYLINE original layer: '0' cleaned: '0' | is_cut_entity: True | is_reference_entity: False
INFO     root:dxf_parser.py:391 POLYLINE on layer 0: Length=336.43 in (cut)
INFO     root:dxf_parser.py:482 POLYLINE on layer 0: Length=336.43 in (cut)
WARNING  root:dxf_parser.py:650 Could not load inputs.csv from C:\Users\shawng\CascadeProjects\PlasmaProject v1-1-7\app\inputs.csv: [Errno 2] No such file or directory: 'C:\\Users\\shawng\\CascadeProjects\\PlasmaProject v1-1-7\\app\\inputs.csv'. Using safe defaults.
INFO     root:dxf_parser.py:42 material_densities.csv loaded from C:\Users\shawng\CascadeProjects\PlasmaProject v1-1-7\material_densities.csv
INFO     root:dxf_parser.py:685 Summary for C:\Users\shawng\CascadeProjects\PlasmaProject v1-1-7\instance\uploads\307-003 PL01.dxf:
INFO     root:dxf_parser.py:686   Total Cut Length: 672.86 in
INFO     root:dxf_parser.py:687   Gross Area: 0.00 sqin
INFO     root:dxf_parser.py:688   Net Area: 0.00 sqin
INFO     root:dxf_parser.py:689   Entity Counts: {'LINE': 0, 'ARC': 0, 'CIRCLE': 0, 'LWPOLYLINE': 0, 'POLYLINE': 2, 'INSERT': 0, 'SPLINE': 0, 'ELLIPSE': 0, 'HATCH': 0, '3DFACE': 0, 'POLYFACE': 0, 'OTHER': 0}
INFO     root:dxf_parser.py:696 DXF PREVIEW GENERATED: [{"type": "polyline", "points": [[0.0, 0.0], [165.5889744111203, 0.0], [165.5889744111203, 2.625000000000001], [0.0, 2.624999999999998]]}, {"type": "polyline", "points": [[0.0, 0.0], [165.5889744111203, 0.0], [165.5889744111203, 2.625000000000001], [0.0, 2.624999999999998]]}]
INFO     root:main.py:424 DXF PREVIEW TO DB for 307-003 PL01.dxf: [{"type": "polyline", "points": [[0.0, 0.0], [165.5889744111203, 0.0], [165.5889744111203, 2.625000000000001], [0.0, 2.624999999999998]]}, {"type": "polyline", "points": [[0.0, 0.0], [165.5889744111203, 0.0], [165.5889744111203, 2.625000000000001], [0.0, 2.624999999999998]]}]
INFO     root:main.py:434 DXF parsed successfully: 307-003 PL01.dxf, summary: {'total_length': 672.8558976444812, 'net_area_sqin': 0, 'gross_min_x': 0, 'gross_min_y': 0, 'gross_max_x': 0, 'gross_max_y': 0, 'gross_area_sqin': 0, 'gross_weight_lb': 0, 'net_weight_lb': 0.0, 'entit
INFO     root:main.py:457 OrderItem created: part=307-003 PL01.dxf, order_id=6468f905-d3c0-4655-a99b-727be5f0cba8, cart_uid=3dc02d5f-583a-4a86-86fa-8abba589f85c
INFO     root:main.py:412 Received DXF upload: lDCxP-the-mandalorian-star-wars-figure.dxf for order_id: 6468f905-d3c0-4655-a99b-727be5f0cba8
INFO     root:main.py:418 Saved uploaded file to: C:\Users\shawng\CascadeProjects\PlasmaProject v1-1-7\instance\uploads\lDCxP-the-mandalorian-star-wars-figure.dxf
INFO     root:main.py:420 Parsing DXF: lDCxP-the-mandalorian-star-wars-figure.dxf with parse_dxf()
INFO     root:dxf_parser.py:71 inputs.csv loaded from C:\Users\shawng\CascadeProjects\PlasmaProject v1-1-7\inputs.csv
INFO     root:dxf_parser.py:42 material_densities.csv loaded from C:\Users\shawng\CascadeProjects\PlasmaProject v1-1-7\material_densities.csv
INFO     ezdxf:objects.py:155 creating ACAD_COLOR dictionary
INFO     root:dxf_parser.py:183 Detected units: 5, applying scale factor: 0.393701
INFO     root:dxf_parser.py:186 Layers in DXF: {'Layer 1'}
DEBUG    root:dxf_parser.py:219 Entity SPLINE original layer: 'Layer 1' cleaned: 'layer 1' | is_cut_entity: True | is_reference_entity: False
INFO     root:dxf_parser.py:604 Skipping entity SPLINE on layer Layer 1
DEBUG    root:dxf_parser.py:219 Entity SPLINE original layer: 'Layer 1' cleaned: 'layer 1' | is_cut_entity: True | is_reference_entity: False
INFO     root:dxf_parser.py:604 Skipping entity SPLINE on layer Layer 1
DEBUG    root:dxf_parser.py:219 Entity SPLINE original layer: 'Layer 1' cleaned: 'layer 1' | is_cut_entity: True | is_reference_entity: False
INFO     root:dxf_parser.py:604 Skipping entity SPLINE on layer Layer 1
DEBUG    root:dxf_parser.py:219 Entity SPLINE original layer: 'Layer 1' cleaned: 'layer 1' | is_cut_entity: True | is_reference_entity: False
INFO     root:dxf_parser.py:604 Skipping entity SPLINE on layer Layer 1
DEBUG    root:dxf_parser.py:219 Entity SPLINE original layer: 'Layer 1' cleaned: 'layer 1' | is_cut_entity: True | is_reference_entity: False
INFO     root:dxf_parser.py:604 Skipping entity SPLINE on layer Layer 1
DEBUG    root:dxf_parser.py:219 Entity SPLINE original layer: 'Layer 1' cleaned: 'layer 1' | is_cut_entity: True | is_reference_entity: False
INFO     root:dxf_parser.py:604 Skipping entity SPLINE on layer Layer 1
DEBUG    root:dxf_parser.py:219 Entity SPLINE original layer: 'Layer 1' cleaned: 'layer 1' | is_cut_entity: True | is_reference_entity: False
INFO     root:dxf_parser.py:604 Skipping entity SPLINE on layer Layer 1
DEBUG    root:dxf_parser.py:219 Entity SPLINE original layer: 'Layer 1' cleaned: 'layer 1' | is_cut_entity: True | is_reference_entity: False
INFO     root:dxf_parser.py:604 Skipping entity SPLINE on layer Layer 1
DEBUG    root:dxf_parser.py:219 Entity SPLINE original layer: 'Layer 1' cleaned: 'layer 1' | is_cut_entity: True | is_reference_entity: False
INFO     root:dxf_parser.py:604 Skipping entity SPLINE on layer Layer 1
DEBUG    root:dxf_parser.py:219 Entity SPLINE original layer: 'Layer 1' cleaned: 'layer 1' | is_cut_entity: True | is_reference_entity: False
INFO     root:dxf_parser.py:604 Skipping entity SPLINE on layer Layer 1
DEBUG    root:dxf_parser.py:219 Entity SPLINE original layer: 'Layer 1' cleaned: 'layer 1' | is_cut_entity: True | is_reference_entity: False
INFO     root:dxf_parser.py:604 Skipping entity SPLINE on layer Layer 1
DEBUG    root:dxf_parser.py:219 Entity SPLINE original layer: 'Layer 1' cleaned: 'layer 1' | is_cut_entity: True | is_reference_entity: False
INFO     root:dxf_parser.py:604 Skipping entity SPLINE on layer Layer 1
DEBUG    root:dxf_parser.py:219 Entity SPLINE original layer: 'Layer 1' cleaned: 'layer 1' | is_cut_entity: True | is_reference_entity: False
INFO     root:dxf_parser.py:604 Skipping entity SPLINE on layer Layer 1
DEBUG    root:dxf_parser.py:219 Entity SPLINE original layer: 'Layer 1' cleaned: 'layer 1' | is_cut_entity: True | is_reference_entity: False
INFO     root:dxf_parser.py:604 Skipping entity SPLINE on layer Layer 1
DEBUG    root:dxf_parser.py:219 Entity SPLINE original layer: 'Layer 1' cleaned: 'layer 1' | is_cut_entity: True | is_reference_entity: False
INFO     root:dxf_parser.py:604 Skipping entity SPLINE on layer Layer 1
DEBUG    root:dxf_parser.py:219 Entity SPLINE original layer: 'Layer 1' cleaned: 'layer 1' | is_cut_entity: True | is_reference_entity: False
INFO     root:dxf_parser.py:604 Skipping entity SPLINE on layer Layer 1
DEBUG    root:dxf_parser.py:219 Entity SPLINE original layer: 'Layer 1' cleaned: 'layer 1' | is_cut_entity: True | is_reference_entity: False
INFO     root:dxf_parser.py:604 Skipping entity SPLINE on layer Layer 1
DEBUG    root:dxf_parser.py:219 Entity SPLINE original layer: 'Layer 1' cleaned: 'layer 1' | is_cut_entity: True | is_reference_entity: False
INFO     root:dxf_parser.py:604 Skipping entity SPLINE on layer Layer 1
DEBUG    root:dxf_parser.py:219 Entity SPLINE original layer: 'Layer 1' cleaned: 'layer 1' | is_cut_entity: True | is_reference_entity: False
INFO     root:dxf_parser.py:604 Skipping entity SPLINE on layer Layer 1
DEBUG    root:dxf_parser.py:219 Entity SPLINE original layer: 'Layer 1' cleaned: 'layer 1' | is_cut_entity: True | is_reference_entity: False
INFO     root:dxf_parser.py:604 Skipping entity SPLINE on layer Layer 1
DEBUG    root:dxf_parser.py:219 Entity SPLINE original layer: 'Layer 1' cleaned: 'layer 1' | is_cut_entity: True | is_reference_entity: False
INFO     root:dxf_parser.py:604 Skipping entity SPLINE on layer Layer 1
DEBUG    root:dxf_parser.py:219 Entity SPLINE original layer: 'Layer 1' cleaned: 'layer 1' | is_cut_entity: True | is_reference_entity: False
INFO     root:dxf_parser.py:604 Skipping entity SPLINE on layer Layer 1
DEBUG    root:dxf_parser.py:219 Entity SPLINE original layer: 'Layer 1' cleaned: 'layer 1' | is_cut_entity: True | is_reference_entity: False
INFO     root:dxf_parser.py:604 Skipping entity SPLINE on layer Layer 1
DEBUG    root:dxf_parser.py:219 Entity SPLINE original layer: 'Layer 1' cleaned: 'layer 1' | is_cut_entity: True | is_reference_entity: False
INFO     root:dxf_parser.py:604 Skipping entity SPLINE on layer Layer 1
DEBUG    root:dxf_parser.py:219 Entity SPLINE original layer: 'Layer 1' cleaned: 'layer 1' | is_cut_entity: True | is_reference_entity: False
INFO     root:dxf_parser.py:604 Skipping entity SPLINE on layer Layer 1
DEBUG    root:dxf_parser.py:219 Entity SPLINE original layer: 'Layer 1' cleaned: 'layer 1' | is_cut_entity: True | is_reference_entity: False
INFO     root:dxf_parser.py:604 Skipping entity SPLINE on layer Layer 1
DEBUG    root:dxf_parser.py:219 Entity SPLINE original layer: 'Layer 1' cleaned: 'layer 1' | is_cut_entity: True | is_reference_entity: False
INFO     root:dxf_parser.py:604 Skipping entity SPLINE on layer Layer 1
DEBUG    root:dxf_parser.py:219 Entity SPLINE original layer: 'Layer 1' cleaned: 'layer 1' | is_cut_entity: True | is_reference_entity: False
INFO     root:dxf_parser.py:604 Skipping entity SPLINE on layer Layer 1
DEBUG    root:dxf_parser.py:219 Entity SPLINE original layer: 'Layer 1' cleaned: 'layer 1' | is_cut_entity: True | is_reference_entity: False
INFO     root:dxf_parser.py:604 Skipping entity SPLINE on layer Layer 1
DEBUG    root:dxf_parser.py:219 Entity SPLINE original layer: 'Layer 1' cleaned: 'layer 1' | is_cut_entity: True | is_reference_entity: False
INFO     root:dxf_parser.py:604 Skipping entity SPLINE on layer Layer 1
DEBUG    root:dxf_parser.py:219 Entity SPLINE original layer: 'Layer 1' cleaned: 'layer 1' | is_cut_entity: True | is_reference_entity: False
INFO     root:dxf_parser.py:604 Skipping entity SPLINE on layer Layer 1
DEBUG    root:dxf_parser.py:219 Entity SPLINE original layer: 'Layer 1' cleaned: 'layer 1' | is_cut_entity: True | is_reference_entity: False
INFO     root:dxf_parser.py:604 Skipping entity SPLINE on layer Layer 1
DEBUG    root:dxf_parser.py:219 Entity SPLINE original layer: 'Layer 1' cleaned: 'layer 1' | is_cut_entity: True | is_reference_entity: False
INFO     root:dxf_parser.py:604 Skipping entity SPLINE on layer Layer 1
DEBUG    root:dxf_parser.py:219 Entity SPLINE original layer: 'Layer 1' cleaned: 'layer 1' | is_cut_entity: True | is_reference_entity: False
INFO     root:dxf_parser.py:604 Skipping entity SPLINE on layer Layer 1
DEBUG    root:dxf_parser.py:219 Entity SPLINE original layer: 'Layer 1' cleaned: 'layer 1' | is_cut_entity: True | is_reference_entity: False
INFO     root:dxf_parser.py:604 Skipping entity SPLINE on layer Layer 1
DEBUG    root:dxf_parser.py:219 Entity SPLINE original layer: 'Layer 1' cleaned: 'layer 1' | is_cut_entity: True | is_reference_entity: False
INFO     root:dxf_parser.py:604 Skipping entity SPLINE on layer Layer 1
DEBUG    root:dxf_parser.py:219 Entity SPLINE original layer: 'Layer 1' cleaned: 'layer 1' | is_cut_entity: True | is_reference_entity: False
INFO     root:dxf_parser.py:604 Skipping entity SPLINE on layer Layer 1
DEBUG    root:dxf_parser.py:219 Entity SPLINE original layer: 'Layer 1' cleaned: 'layer 1' | is_cut_entity: True | is_reference_entity: False
INFO     root:dxf_parser.py:604 Skipping entity SPLINE on layer Layer 1
DEBUG    root:dxf_parser.py:219 Entity SPLINE original layer: 'Layer 1' cleaned: 'layer 1' | is_cut_entity: True | is_reference_entity: False
INFO     root:dxf_parser.py:604 Skipping entity SPLINE on layer Layer 1
DEBUG    root:dxf_parser.py:219 Entity SPLINE original layer: 'Layer 1' cleaned: 'layer 1' | is_cut_entity: True | is_reference_entity: False
INFO     root:dxf_parser.py:604 Skipping entity SPLINE on layer Layer 1
DEBUG    root:dxf_parser.py:219 Entity SPLINE original layer: 'Layer 1' cleaned: 'layer 1' | is_cut_entity: True | is_reference_entity: False
INFO     root:dxf_parser.py:604 Skipping entity SPLINE on layer Layer 1
DEBUG    root:dxf_parser.py:219 Entity SPLINE original layer: 'Layer 1' cleaned: 'layer 1' | is_cut_entity: True | is_reference_entity: False
INFO     root:dxf_parser.py:604 Skipping entity SPLINE on layer Layer 1
DEBUG    root:dxf_parser.py:219 Entity SPLINE original layer: 'Layer 1' cleaned: 'layer 1' | is_cut_entity: True | is_reference_entity: False
INFO     root:dxf_parser.py:604 Skipping entity SPLINE on layer Layer 1
DEBUG    root:dxf_parser.py:219 Entity SPLINE original layer: 'Layer 1' cleaned: 'layer 1' | is_cut_entity: True | is_reference_entity: False
INFO     root:dxf_parser.py:604 Skipping entity SPLINE on layer Layer 1
DEBUG    root:dxf_parser.py:219 Entity SPLINE original layer: 'Layer 1' cleaned: 'layer 1' | is_cut_entity: True | is_reference_entity: False
INFO     root:dxf_parser.py:604 Skipping entity SPLINE on layer Layer 1
DEBUG    root:dxf_parser.py:219 Entity SPLINE original layer: 'Layer 1' cleaned: 'layer 1' | is_cut_entity: True | is_reference_entity: False
INFO     root:dxf_parser.py:604 Skipping entity SPLINE on layer Layer 1
DEBUG    root:dxf_parser.py:219 Entity SPLINE original layer: 'Layer 1' cleaned: 'layer 1' | is_cut_entity: True | is_reference_entity: False
INFO     root:dxf_parser.py:604 Skipping entity SPLINE on layer Layer 1
DEBUG    root:dxf_parser.py:219 Entity SPLINE original layer: 'Layer 1' cleaned: 'layer 1' | is_cut_entity: True | is_reference_entity: False
INFO     root:dxf_parser.py:604 Skipping entity SPLINE on layer Layer 1
DEBUG    root:dxf_parser.py:219 Entity SPLINE original layer: 'Layer 1' cleaned: 'layer 1' | is_cut_entity: True | is_reference_entity: False
INFO     root:dxf_parser.py:604 Skipping entity SPLINE on layer Layer 1
DEBUG    root:dxf_parser.py:219 Entity SPLINE original layer: 'Layer 1' cleaned: 'layer 1' | is_cut_entity: True | is_reference_entity: False
INFO     root:dxf_parser.py:604 Skipping entity SPLINE on layer Layer 1
DEBUG    root:dxf_parser.py:219 Entity SPLINE original layer: 'Layer 1' cleaned: 'layer 1' | is_cut_entity: True | is_reference_entity: False
INFO     root:dxf_parser.py:604 Skipping entity SPLINE on layer Layer 1
DEBUG    root:dxf_parser.py:219 Entity SPLINE original layer: 'Layer 1' cleaned: 'layer 1' | is_cut_entity: True | is_reference_entity: False
INFO     root:dxf_parser.py:604 Skipping entity SPLINE on layer Layer 1
DEBUG    root:dxf_parser.py:219 Entity SPLINE original layer: 'Layer 1' cleaned: 'layer 1' | is_cut_entity: True | is_reference_entity: False
INFO     root:dxf_parser.py:604 Skipping entity SPLINE on layer Layer 1
DEBUG    root:dxf_parser.py:219 Entity SPLINE original layer: 'Layer 1' cleaned: 'layer 1' | is_cut_entity: True | is_reference_entity: False
INFO     root:dxf_parser.py:604 Skipping entity SPLINE on layer Layer 1
DEBUG    root:dxf_parser.py:219 Entity SPLINE original layer: 'Layer 1' cleaned: 'layer 1' | is_cut_entity: True | is_reference_entity: False
INFO     root:dxf_parser.py:604 Skipping entity SPLINE on layer Layer 1
DEBUG    root:dxf_parser.py:219 Entity SPLINE original layer: 'Layer 1' cleaned: 'layer 1' | is_cut_entity: True | is_reference_entity: False
INFO     root:dxf_parser.py:604 Skipping entity SPLINE on layer Layer 1
DEBUG    root:dxf_parser.py:219 Entity SPLINE original layer: 'Layer 1' cleaned: 'layer 1' | is_cut_entity: True | is_reference_entity: False
INFO     root:dxf_parser.py:604 Skipping entity SPLINE on layer Layer 1
DEBUG    root:dxf_parser.py:219 Entity SPLINE original layer: 'Layer 1' cleaned: 'layer 1' | is_cut_entity: True | is_reference_entity: False
INFO     root:dxf_parser.py:604 Skipping entity SPLINE on layer Layer 1
DEBUG    root:dxf_parser.py:219 Entity SPLINE original layer: 'Layer 1' cleaned: 'layer 1' | is_cut_entity: True | is_reference_entity: False
INFO     root:dxf_parser.py:604 Skipping entity SPLINE on layer Layer 1
DEBUG    root:dxf_parser.py:219 Entity SPLINE original layer: 'Layer 1' cleaned: 'layer 1' | is_cut_entity: True | is_reference_entity: False
INFO     root:dxf_parser.py:604 Skipping entity SPLINE on layer Layer 1
DEBUG    root:dxf_parser.py:219 Entity SPLINE original layer: 'Layer 1' cleaned: 'layer 1' | is_cut_entity: True | is_reference_entity: False
INFO     root:dxf_parser.py:604 Skipping entity SPLINE on layer Layer 1
DEBUG    root:dxf_parser.py:219 Entity SPLINE original layer: 'Layer 1' cleaned: 'layer 1' | is_cut_entity: True | is_reference_entity: False
INFO     root:dxf_parser.py:604 Skipping entity SPLINE on layer Layer 1
DEBUG    root:dxf_parser.py:219 Entity SPLINE original layer: 'Layer 1' cleaned: 'layer 1' | is_cut_entity: True | is_reference_entity: False
INFO     root:dxf_parser.py:604 Skipping entity SPLINE on layer Layer 1
DEBUG    root:dxf_parser.py:219 Entity SPLINE original layer: 'Layer 1' cleaned: 'layer 1' | is_cut_entity: True | is_reference_entity: False
INFO     root:dxf_parser.py:604 Skipping entity SPLINE on layer Layer 1
DEBUG    root:dxf_parser.py:219 Entity SPLINE original layer: 'Layer 1' cleaned: 'layer 1' | is_cut_entity: True | is_reference_entity: False
INFO     root:dxf_parser.py:604 Skipping entity SPLINE on layer Layer 1
DEBUG    root:dxf_parser.py:219 Entity SPLINE original layer: 'Layer 1' cleaned: 'layer 1' | is_cut_entity: True | is_reference_entity: False
INFO     root:dxf_parser.py:604 Skipping entity SPLINE on layer Layer 1
DEBUG    root:dxf_parser.py:219 Entity SPLINE original layer: 'Layer 1' cleaned: 'layer 1' | is_cut_entity: True | is_reference_entity: False
INFO     root:dxf_parser.py:604 Skipping entity SPLINE on layer Layer 1
DEBUG    root:dxf_parser.py:219 Entity SPLINE original layer: 'Layer 1' cleaned: 'layer 1' | is_cut_entity: True | is_reference_entity: False
INFO     root:dxf_parser.py:604 Skipping entity SPLINE on layer Layer 1
DEBUG    root:dxf_parser.py:219 Entity SPLINE original layer: 'Layer 1' cleaned: 'layer 1' | is_cut_entity: True | is_reference_entity: False
INFO     root:dxf_parser.py:604 Skipping entity SPLINE on layer Layer 1
DEBUG    root:dxf_parser.py:219 Entity SPLINE original layer: 'Layer 1' cleaned: 'layer 1' | is_cut_entity: True | is_reference_entity: False
INFO     root:dxf_parser.py:604 Skipping entity SPLINE on layer Layer 1
DEBUG    root:dxf_parser.py:219 Entity SPLINE original layer: 'Layer 1' cleaned: 'layer 1' | is_cut_entity: True | is_reference_entity: False
INFO     root:dxf_parser.py:604 Skipping entity SPLINE on layer Layer 1
DEBUG    root:dxf_parser.py:219 Entity SPLINE original layer: 'Layer 1' cleaned: 'layer 1' | is_cut_entity: True | is_reference_entity: False
INFO     root:dxf_parser.py:604 Skipping entity SPLINE on layer Layer 1
ERROR    root:dxf_parser.py:619 No preview geometry generated for C:\Users\shawng\CascadeProjects\PlasmaProject v1-1-7\instance\uploads\lDCxP-the-mandalorian-star-wars-figure.dxf. Entity counts: {'LINE': 0, 'ARC': 0, 'CIRCLE': 0, 'LWPOLYLINE': 0, 'POLYLINE': 0, 'INSERT': 0, 'SPLINE': 0, 'ELLIPSE': 0, 'HATCH': 0, '3DFACE': 0, 'POLYFACE': 0, 'OTHER': 72}
WARNING  root:dxf_parser.py:650 Could not load inputs.csv from C:\Users\shawng\CascadeProjects\PlasmaProject v1-1-7\app\inputs.csv: [Errno 2] No such file or directory: 'C:\\Users\\shawng\\CascadeProjects\\PlasmaProject v1-1-7\\app\\inputs.csv'. Using safe defaults.
INFO     root:dxf_parser.py:42 material_densities.csv loaded from C:\Users\shawng\CascadeProjects\PlasmaProject v1-1-7\material_densities.csv
INFO     root:dxf_parser.py:685 Summary for C:\Users\shawng\CascadeProjects\PlasmaProject v1-1-7\instance\uploads\lDCxP-the-mandalorian-star-wars-figure.dxf:
INFO     root:dxf_parser.py:686   Total Cut Length: 0.00 in
INFO     root:dxf_parser.py:687   Gross Area: 0.00 sqin
INFO     root:dxf_parser.py:688   Net Area: 0.00 sqin
INFO     root:dxf_parser.py:689   Entity Counts: {'LINE': 0, 'ARC': 0, 'CIRCLE': 0, 'LWPOLYLINE': 0, 'POLYLINE': 0, 'INSERT': 0, 'SPLINE': 0, 'ELLIPSE': 0, 'HATCH': 0, '3DFACE': 0, 'POLYFACE': 0, 'OTHER': 72}
INFO     root:dxf_parser.py:696 DXF PREVIEW GENERATED: [{"type": "error", "message": "No cuttable geometry could be parsed from lDCxP-the-mandalorian-star-wars-figure.dxf."}]
INFO     root:main.py:424 DXF PREVIEW TO DB for lDCxP-the-mandalorian-star-wars-figure.dxf: [{"type": "error", "message": "No cuttable geometry could be parsed from lDCxP-the-mandalorian-star-wars-figure.dxf."}]
ERROR    root:main.py:430 DXF lDCxP-the-mandalorian-star-wars-figure.dxf parsing returned error: [{'type': 'error', 'message': 'No cuttable geometry could be parsed from lDCxP-the-mandalorian-star-wars-figure.dxf.'}]
INFO     root:main.py:412 Received DXF upload: test1.dxf for order_id: 6468f905-d3c0-4655-a99b-727be5f0cba8
INFO     root:main.py:418 Saved uploaded file to: C:\Users\shawng\CascadeProjects\PlasmaProject v1-1-7\instance\uploads\test1.dxf
INFO     root:main.py:420 Parsing DXF: test1.dxf with parse_dxf()
INFO     root:dxf_parser.py:71 inputs.csv loaded from C:\Users\shawng\CascadeProjects\PlasmaProject v1-1-7\inputs.csv
INFO     root:dxf_parser.py:42 material_densities.csv loaded from C:\Users\shawng\CascadeProjects\PlasmaProject v1-1-7\material_densities.csv
INFO     root:dxf_parser.py:183 Detected units: 1, applying scale factor: 1.0
INFO     root:dxf_parser.py:186 Layers in DXF: {'0'}
DEBUG    root:dxf_parser.py:219 Entity ARC original layer: '0' cleaned: '0' | is_cut_entity: True | is_reference_entity: False
INFO     root:dxf_parser.py:258 ARC on layer 0: Length=1.57 in (cut)
DEBUG    root:dxf_parser.py:219 Entity ARC original layer: '0' cleaned: '0' | is_cut_entity: True | is_reference_entity: False
INFO     root:dxf_parser.py:258 ARC on layer 0: Length=1.57 in (cut)
DEBUG    root:dxf_parser.py:219 Entity LINE original layer: '0' cleaned: '0' | is_cut_entity: True | is_reference_entity: False
INFO     root:dxf_parser.py:239 LINE on layer 0: Length=0.75 in (cut)
DEBUG    root:dxf_parser.py:219 Entity LINE original layer: '0' cleaned: '0' | is_cut_entity: True | is_reference_entity: False
INFO     root:dxf_parser.py:239 LINE on layer 0: Length=0.75 in (cut)
DEBUG    root:dxf_parser.py:219 Entity CIRCLE original layer: '0' cleaned: '0' | is_cut_entity: True | is_reference_entity: False
INFO     root:dxf_parser.py:277 CIRCLE on layer 0: Length=6.28 in (cut)
WARNING  root:dxf_parser.py:650 Could not load inputs.csv from C:\Users\shawng\CascadeProjects\PlasmaProject v1-1-7\app\inputs.csv: [Errno 2] No such file or directory: 'C:\\Users\\shawng\\CascadeProjects\\PlasmaProject v1-1-7\\app\\inputs.csv'. Using safe defaults.
INFO     root:dxf_parser.py:42 material_densities.csv loaded from C:\Users\shawng\CascadeProjects\PlasmaProject v1-1-7\material_densities.csv
INFO     root:dxf_parser.py:685 Summary for C:\Users\shawng\CascadeProjects\PlasmaProject v1-1-7\instance\uploads\test1.dxf:
INFO     root:dxf_parser.py:686   Total Cut Length: 10.92 in
INFO     root:dxf_parser.py:687   Gross Area: 5.61 sqin
INFO     root:dxf_parser.py:688   Net Area: 3.14 sqin
INFO     root:dxf_parser.py:689   Entity Counts: {'LINE': 2, 'ARC': 2, 'CIRCLE': 1, 'LWPOLYLINE': 0, 'POLYLINE': 0, 'INSERT': 0, 'SPLINE': 0, 'ELLIPSE': 0, 'HATCH': 0, '3DFACE': 0, 'POLYFACE': 0, 'OTHER': 0}
INFO     root:dxf_parser.py:696 DXF PREVIEW GENERATED: [{"type": "arc", "center": [1.05080387881803, 0.6961743329908785], "radius": 0.5, "start_angle": 180.0, "end_angle": 360.0}, {"type": "arc", "center": [1.05080387881803, 1.446174332990878], "radius": 0.5, "start_angle": 0.0, "end_angle": 180.0}, {"type": "line", "start": [1.55080387881803, 1.446174332990878], "end": [1.55080387881803, 0.6961743329908785]}, {"type": "line", "start": [0.5508038788180301, 1.446174332990878], "end": [0.5508038788180301, 0.6961743329908785]}, {"type": "circle", "cent
INFO     root:main.py:424 DXF PREVIEW TO DB for test1.dxf: [{"type": "arc", "center": [1.05080387881803, 0.6961743329908785], "radius": 0.5, "start_angle": 180.0, "end_angle": 360.0}, {"type": "arc", "center": [1.05080387881803, 1.446174332990878], "radius": 0.5, "start_angle": 0.0, "end_angle": 180.0}, {"type": "line", "start": [1.55080387881803, 1.446174332990878], "end": [1.55080387881803, 0.6961743329908785]}, {"type": "line", "start": [0.5508038788180301, 1.446174332990878], "end": [0.5508038788180301, 0.6961743329908785]}, {"type": "circle", "cent
INFO     root:main.py:434 DXF parsed successfully: test1.dxf, summary: {'total_length': 10.92477796076938, 'net_area_sqin': 3.141592653589793, 'gross_min_x': -0.07419612118196994, 'gross_min_y': -0.05382566700912195, 'gross_max_x': 2.17580387881803, 'gross_max_y': 2.1961
INFO     root:main.py:457 OrderItem created: part=test1.dxf, order_id=6468f905-d3c0-4655-a99b-727be5f0cba8, cart_uid=e968e057-46c5-438a-bb5a-a4c9778b8b3b
INFO     root:main.py:412 Received DXF upload: Zz343-batman-wall-decor.dxf for order_id: 6468f905-d3c0-4655-a99b-727be5f0cba8
INFO     root:main.py:418 Saved uploaded file to: C:\Users\shawng\CascadeProjects\PlasmaProject v1-1-7\instance\uploads\Zz343-batman-wall-decor.dxf
INFO     root:main.py:420 Parsing DXF: Zz343-batman-wall-decor.dxf with parse_dxf()
INFO     root:dxf_parser.py:71 inputs.csv loaded from C:\Users\shawng\CascadeProjects\PlasmaProject v1-1-7\inputs.csv
INFO     root:dxf_parser.py:42 material_densities.csv loaded from C:\Users\shawng\CascadeProjects\PlasmaProject v1-1-7\material_densities.csv
INFO     ezdxf:objects.py:155 creating ACAD_COLOR dictionary
INFO     root:dxf_parser.py:183 Detected units: 5, applying scale factor: 0.393701
INFO     root:dxf_parser.py:186 Layers in DXF: {'Plan 1'}
DEBUG    root:dxf_parser.py:219 Entity SPLINE original layer: 'Plan 1' cleaned: 'plan 1' | is_cut_entity: True | is_reference_entity: False
INFO     root:dxf_parser.py:604 Skipping entity SPLINE on layer Plan 1
DEBUG    root:dxf_parser.py:219 Entity SPLINE original layer: 'Plan 1' cleaned: 'plan 1' | is_cut_entity: True | is_reference_entity: False
INFO     root:dxf_parser.py:604 Skipping entity SPLINE on layer Plan 1
DEBUG    root:dxf_parser.py:219 Entity SPLINE original layer: 'Plan 1' cleaned: 'plan 1' | is_cut_entity: True | is_reference_entity: False
INFO     root:dxf_parser.py:604 Skipping entity SPLINE on layer Plan 1
DEBUG    root:dxf_parser.py:219 Entity SPLINE original layer: 'Plan 1' cleaned: 'plan 1' | is_cut_entity: True | is_reference_entity: False
INFO     root:dxf_parser.py:604 Skipping entity SPLINE on layer Plan 1
DEBUG    root:dxf_parser.py:219 Entity SPLINE original layer: 'Plan 1' cleaned: 'plan 1' | is_cut_entity: True | is_reference_entity: False
INFO     root:dxf_parser.py:604 Skipping entity SPLINE on layer Plan 1
DEBUG    root:dxf_parser.py:219 Entity SPLINE original layer: 'Plan 1' cleaned: 'plan 1' | is_cut_entity: True | is_reference_entity: False
INFO     root:dxf_parser.py:604 Skipping entity SPLINE on layer Plan 1
DEBUG    root:dxf_parser.py:219 Entity SPLINE original layer: 'Plan 1' cleaned: 'plan 1' | is_cut_entity: True | is_reference_entity: False
INFO     root:dxf_parser.py:604 Skipping entity SPLINE on layer Plan 1
DEBUG    root:dxf_parser.py:219 Entity SPLINE original layer: 'Plan 1' cleaned: 'plan 1' | is_cut_entity: True | is_reference_entity: False
INFO     root:dxf_parser.py:604 Skipping entity SPLINE on layer Plan 1
DEBUG    root:dxf_parser.py:219 Entity SPLINE original layer: 'Plan 1' cleaned: 'plan 1' | is_cut_entity: True | is_reference_entity: False
INFO     root:dxf_parser.py:604 Skipping entity SPLINE on layer Plan 1
ERROR    root:dxf_parser.py:619 No preview geometry generated for C:\Users\shawng\CascadeProjects\PlasmaProject v1-1-7\instance\uploads\Zz343-batman-wall-decor.dxf. Entity counts: {'LINE': 0, 'ARC': 0, 'CIRCLE': 0, 'LWPOLYLINE': 0, 'POLYLINE': 0, 'INSERT': 0, 'SPLINE': 0, 'ELLIPSE': 0, 'HATCH': 0, '3DFACE': 0, 'POLYFACE': 0, 'OTHER': 9}
WARNING  root:dxf_parser.py:650 Could not load inputs.csv from C:\Users\shawng\CascadeProjects\PlasmaProject v1-1-7\app\inputs.csv: [Errno 2] No such file or directory: 'C:\\Users\\shawng\\CascadeProjects\\PlasmaProject v1-1-7\\app\\inputs.csv'. Using safe defaults.
INFO     root:dxf_parser.py:42 material_densities.csv loaded from C:\Users\shawng\CascadeProjects\PlasmaProject v1-1-7\material_densities.csv
INFO     root:dxf_parser.py:685 Summary for C:\Users\shawng\CascadeProjects\PlasmaProject v1-1-7\instance\uploads\Zz343-batman-wall-decor.dxf:
INFO     root:dxf_parser.py:686   Total Cut Length: 0.00 in
INFO     root:dxf_parser.py:687   Gross Area: 0.00 sqin
INFO     root:dxf_parser.py:688   Net Area: 0.00 sqin
INFO     root:dxf_parser.py:689   Entity Counts: {'LINE': 0, 'ARC': 0, 'CIRCLE': 0, 'LWPOLYLINE': 0, 'POLYLINE': 0, 'INSERT': 0, 'SPLINE': 0, 'ELLIPSE': 0, 'HATCH': 0, '3DFACE': 0, 'POLYFACE': 0, 'OTHER': 9}
INFO     root:dxf_parser.py:696 DXF PREVIEW GENERATED: [{"type": "error", "message": "No cuttable geometry could be parsed from Zz343-batman-wall-decor.dxf."}]
INFO     root:main.py:424 DXF PREVIEW TO DB for Zz343-batman-wall-decor.dxf: [{"type": "error", "message": "No cuttable geometry could be parsed from Zz343-batman-wall-decor.dxf."}]
ERROR    root:main.py:430 DXF Zz343-batman-wall-decor.dxf parsing returned error: [{'type': 'error', 'message': 'No cuttable geometry could be parsed from Zz343-batman-wall-decor.dxf.'}]
-------------------------- Captured stderr teardown ---------------------------
2025-07-06 18:07:45,149 - ERROR - Test tests/test_cart_creation.py::test_cart_creation_batch FAILED
Captured output:
HTML snippet for multi-file upload:
 <!-- templates/customer_index.html - v2025-04-14 (fixed console error, linter suppression) -->
<!doctype html>
<html lang="en">
<head>
    <meta charset="utf-8">
    <meta name="viewport" content="width=device-width, initial-scale=1.0">
    <title>instant quote - plasma table burnouts</title>
    <l
SUCCESS: 10x10 Square.dxf -> OrderItem ID 1
SUCCESS: 11764850_IDW_000_--11764850_IDW_000.DXF -> OrderItem ID 2
SUCCESS: 307-003 PL01.dxf -> OrderItem ID 3

Captured stderr:
2025-07-06 18:07:43,259 - INFO - UPLOAD_FOLDER set to C:\Users\shawng\CascadeProjects\PlasmaProject v1-1-7\instance\uploads
2025-07-06 18:07:43,260 - INFO - UPLOAD_FOLDER is writable: C:\Users\shawng\CascadeProjects\PlasmaProject v1-1-7\instance\uploads
2025-07-06 18:07:43,322 - INFO - Generated new order_id: 6468f905-d3c0-4655-a99b-727be5f0cba8
2025-07-06 18:07:43,322 - INFO - Accessing index with order_id: 6468f905-d3c0-4655-a99b-727be5f0cba8
2025-07-06 18:07:43,337 - INFO - Cart items: []
2025-07-06 18:07:43,344 - INFO - Processing POST request to / with form data: ImmutableMultiDict([('material', 'A36 Steel'), ('thickness', '0.25')]) and files: ImmutableMultiDict([('files[]', <FileStorage: '10x10 Square.dxf' ('application/octet-stream')>), ('files[]', <FileStorage: '11764850_IDW_000_--11764850_IDW_000.DXF' ('application/octet-stream')>), ('files[]', <FileStorage: '307-003 PL01.dxf' ('application/octet-stream')>), ('files[]', <FileStorage: 'lDCxP-the-mandalorian-star-wars-figure.dxf' ('application/octet-stream')>), ('files[]', <FileStorage: 'test1.dxf' ('application/octet-stream')>), ('files[]', <FileStorage: 'Zz343-batman-wall-decor.dxf' ('application/octet-stream')>)])
2025-07-06 18:07:43,344 - INFO - Received DXF upload: 10x10 Square.dxf for order_id: 6468f905-d3c0-4655-a99b-727be5f0cba8
2025-07-06 18:07:43,344 - INFO - Saved uploaded file to: C:\Users\shawng\CascadeProjects\PlasmaProject v1-1-7\instance\uploads\10x10 Square.dxf
2025-07-06 18:07:43,345 - INFO - Parsing DXF: 10x10 Square.dxf with parse_dxf()
2025-07-06 18:07:43,345 - INFO - inputs.csv loaded from C:\Users\shawng\CascadeProjects\PlasmaProject v1-1-7\inputs.csv
2025-07-06 18:07:43,345 - INFO - material_densities.csv loaded from C:\Users\shawng\CascadeProjects\PlasmaProject v1-1-7\material_densities.csv
2025-07-06 18:07:43,350 - INFO - DXF version upgrade to DXF R2000.
2025-07-06 18:07:43,354 - INFO - creating ACAD_COLOR dictionary
2025-07-06 18:07:43,354 - INFO - creating ACAD_LAYOUT dictionary
2025-07-06 18:07:43,354 - INFO - creating ACAD_MATERIAL dictionary
2025-07-06 18:07:43,354 - INFO - creating ACAD_MLEADERSTYLE dictionary
2025-07-06 18:07:43,355 - INFO - creating ACAD_PLOTSETTINGS dictionary
2025-07-06 18:07:43,355 - INFO - creating ACAD_PLOTSTYLENAME dictionary
2025-07-06 18:07:43,355 - INFO - creating ACAD_SCALELIST dictionary
2025-07-06 18:07:43,355 - INFO - creating ACAD_TABLESTYLE dictionary
2025-07-06 18:07:43,355 - INFO - creating ACAD_VISUALSTYLE dictionary
2025-07-06 18:07:43,356 - INFO - Detected units: 1, applying scale factor: 1.0
2025-07-06 18:07:43,356 - INFO - Layers in DXF: {'0', '1'}
2025-07-06 18:07:43,356 - DEBUG - Entity POINT original layer: '0' cleaned: '0' | is_cut_entity: True | is_reference_entity: False
2025-07-06 18:07:43,356 - INFO - Skipping entity POINT on layer 0
2025-07-06 18:07:43,357 - DEBUG - Entity POINT original layer: '0' cleaned: '0' | is_cut_entity: True | is_reference_entity: False
2025-07-06 18:07:43,357 - INFO - Skipping entity POINT on layer 0
2025-07-06 18:07:43,357 - DEBUG - Entity LWPOLYLINE original layer: '0' cleaned: '0' | is_cut_entity: True | is_reference_entity: False
2025-07-06 18:07:43,357 - INFO - LWPOLYLINE on layer 0: Length=40.00 in (cut)
2025-07-06 18:07:43,357 - DEBUG - Entity LINE original layer: '1' cleaned: '1' | is_cut_entity: True | is_reference_entity: False
2025-07-06 18:07:43,357 - INFO - LINE on layer 1: Length=14.14 in (cut)
2025-07-06 18:07:43,357 - DEBUG - Entity LINE original layer: '1' cleaned: '1' | is_cut_entity: True | is_reference_entity: False
2025-07-06 18:07:43,358 - INFO - LINE on layer 1: Length=14.14 in (cut)
2025-07-06 18:07:43,358 - WARNING - Could not load inputs.csv from C:\Users\shawng\CascadeProjects\PlasmaProject v1-1-7\app\inputs.csv: [Errno 2] No such file or directory: 'C:\\Users\\shawng\\CascadeProjects\\PlasmaProject v1-1-7\\app\\inputs.csv'. Using safe defaults.
2025-07-06 18:07:43,358 - INFO - material_densities.csv loaded from C:\Users\shawng\CascadeProjects\PlasmaProject v1-1-7\material_densities.csv
2025-07-06 18:07:43,358 - INFO - Summary for C:\Users\shawng\CascadeProjects\PlasmaProject v1-1-7\instance\uploads\10x10 Square.dxf:
2025-07-06 18:07:43,358 - INFO -   Total Cut Length: 68.28 in
2025-07-06 18:07:43,358 - INFO -   Gross Area: 108.48 sqin
2025-07-06 18:07:43,359 - INFO -   Net Area: 100.00 sqin
2025-07-06 18:07:43,359 - INFO -   Entity Counts: {'LINE': 2, 'ARC': 0, 'CIRCLE': 0, 'LWPOLYLINE': 1, 'POLYLINE': 0, 'INSERT': 0, 'SPLINE': 0, 'ELLIPSE': 0, 'HATCH': 0, '3DFACE': 0, 'POLYFACE': 0, 'OTHER': 2}
2025-07-06 18:07:43,359 - INFO - DXF PREVIEW GENERATED: [{"type": "lwpolyline", "points": [[4.999999999999998, 4.999999999999999], [-4.999999999999998, 4.999999999999999], [-4.999999999999998, -4.999999999999999], [4.999999999999998, -4.999999999999999]]}, {"type": "line", "start": [4.999999999999998, 4.999999999999999], "end": [-4.999999999999998, -4.999999999999999]}, {"type": "line", "start": [-4.999999999999998, 4.999999999999999], "end": [4.999999999999998, -4.999999999999999]}]
2025-07-06 18:07:43,359 - INFO - DXF PREVIEW TO DB for 10x10 Square.dxf: [{"type": "lwpolyline", "points": [[4.999999999999998, 4.999999999999999], [-4.999999999999998, 4.999999999999999], [-4.999999999999998, -4.999999999999999], [4.999999999999998, -4.999999999999999]]}, {"type": "line", "start": [4.999999999999998, 4.999999999999999], "end": [-4.999999999999998, -4.999999999999999]}, {"type": "line", "start": [-4.999999999999998, 4.999999999999999], "end": [4.999999999999998, -4.999999999999999]}]
2025-07-06 18:07:43,359 - INFO - DXF parsed successfully: 10x10 Square.dxf, summary: {'total_length': 68.28427124746189, 'net_area_sqin': np.float64(99.99999999999994), 'gross_min_x': np.float64(-5.124999999999998), 'gross_min_y': np.float64(-5.124999999999999), 'gross_max_x': np.floa
2025-07-06 18:07:43,368 - INFO - OrderItem created: part=10x10 Square.dxf, order_id=6468f905-d3c0-4655-a99b-727be5f0cba8, cart_uid=f5f2d41b-e657-4b65-aa5c-f1833c32b5a1
2025-07-06 18:07:43,369 - INFO - Received DXF upload: 11764850_IDW_000_--11764850_IDW_000.DXF for order_id: 6468f905-d3c0-4655-a99b-727be5f0cba8
2025-07-06 18:07:43,370 - INFO - Saved uploaded file to: C:\Users\shawng\CascadeProjects\PlasmaProject v1-1-7\instance\uploads\11764850_IDW_000_--11764850_IDW_000.DXF
2025-07-06 18:07:43,370 - INFO - Parsing DXF: 11764850_IDW_000_--11764850_IDW_000.DXF with parse_dxf()
2025-07-06 18:07:43,371 - INFO - inputs.csv loaded from C:\Users\shawng\CascadeProjects\PlasmaProject v1-1-7\inputs.csv
2025-07-06 18:07:43,371 - INFO - material_densities.csv loaded from C:\Users\shawng\CascadeProjects\PlasmaProject v1-1-7\material_densities.csv
2025-07-06 18:07:43,451 - INFO - Detected units: 1, applying scale factor: 1.0
2025-07-06 18:07:43,451 - INFO - Layers in DXF: {'Bend Centerline (ANSI)', 'Visible (ANSI)'}
2025-07-06 18:07:43,452 - DEBUG - Entity CIRCLE original layer: 'Visible (ANSI)' cleaned: 'visible (ansi)' | is_cut_entity: True | is_reference_entity: False
2025-07-06 18:07:43,452 - INFO - CIRCLE on layer Visible (ANSI): Length=1.67 in (cut)
2025-07-06 18:07:43,452 - DEBUG - Entity CIRCLE original layer: 'Visible (ANSI)' cleaned: 'visible (ansi)' | is_cut_entity: True | is_reference_entity: False
2025-07-06 18:07:43,452 - INFO - CIRCLE on layer Visible (ANSI): Length=1.67 in (cut)
2025-07-06 18:07:43,453 - DEBUG - Entity CIRCLE original layer: 'Visible (ANSI)' cleaned: 'visible (ansi)' | is_cut_entity: True | is_reference_entity: False
2025-07-06 18:07:43,453 - INFO - CIRCLE on layer Visible (ANSI): Length=1.67 in (cut)
2025-07-06 18:07:43,453 - DEBUG - Entity CIRCLE original layer: 'Visible (ANSI)' cleaned: 'visible (ansi)' | is_cut_entity: True | is_reference_entity: False
2025-07-06 18:07:43,453 - INFO - CIRCLE on layer Visible (ANSI): Length=1.67 in (cut)
2025-07-06 18:07:43,453 - DEBUG - Entity LINE original layer: 'Visible (ANSI)' cleaned: 'visible (ansi)' | is_cut_entity: True | is_reference_entity: False
2025-07-06 18:07:43,454 - INFO - LINE on layer Visible (ANSI): Length=4.01 in (cut)
2025-07-06 18:07:43,454 - DEBUG - Entity LINE original layer: 'Visible (ANSI)' cleaned: 'visible (ansi)' | is_cut_entity: True | is_reference_entity: False
2025-07-06 18:07:43,454 - INFO - LINE on layer Visible (ANSI): Length=4.01 in (cut)
2025-07-06 18:07:43,454 - DEBUG - Entity LINE original layer: 'Visible (ANSI)' cleaned: 'visible (ansi)' | is_cut_entity: True | is_reference_entity: False
2025-07-06 18:07:43,454 - INFO - LINE on layer Visible (ANSI): Length=30.53 in (cut)
2025-07-06 18:07:43,454 - DEBUG - Entity LINE original layer: 'Visible (ANSI)' cleaned: 'visible (ansi)' | is_cut_entity: True | is_reference_entity: False
2025-07-06 18:07:43,455 - INFO - LINE on layer Visible (ANSI): Length=31.02 in (cut)
2025-07-06 18:07:43,455 - DEBUG - Entity LINE original layer: 'Bend Centerline (ANSI)' cleaned: 'bend centerline (ansi)' | is_cut_entity: False | is_reference_entity: False
2025-07-06 18:07:43,455 - INFO - LINE on layer Bend Centerline (ANSI): Length=4.00 in
2025-07-06 18:07:43,455 - DEBUG - Entity LINE original layer: 'Bend Centerline (ANSI)' cleaned: 'bend centerline (ansi)' | is_cut_entity: False | is_reference_entity: False
2025-07-06 18:07:43,455 - INFO - LINE on layer Bend Centerline (ANSI): Length=4.00 in
2025-07-06 18:07:43,455 - WARNING - Could not load inputs.csv from C:\Users\shawng\CascadeProjects\PlasmaProject v1-1-7\app\inputs.csv: [Errno 2] No such file or directory: 'C:\\Users\\shawng\\CascadeProjects\\PlasmaProject v1-1-7\\app\\inputs.csv'. Using safe defaults.
2025-07-06 18:07:43,456 - INFO - material_densities.csv loaded from C:\Users\shawng\CascadeProjects\PlasmaProject v1-1-7\material_densities.csv
2025-07-06 18:07:43,456 - INFO - Summary for C:\Users\shawng\CascadeProjects\PlasmaProject v1-1-7\instance\uploads\11764850_IDW_000_--11764850_IDW_000.DXF:
2025-07-06 18:07:43,456 - INFO -   Total Cut Length: 76.25 in
2025-07-06 18:07:43,457 - INFO -   Gross Area: 136.73 sqin
2025-07-06 18:07:43,457 - INFO -   Net Area: 0.22 sqin
2025-07-06 18:07:43,457 - INFO -   Entity Counts: {'LINE': 6, 'ARC': 0, 'CIRCLE': 4, 'LWPOLYLINE': 0, 'POLYLINE': 0, 'INSERT': 0, 'SPLINE': 0, 'ELLIPSE': 0, 'HATCH': 0, '3DFACE': 0, 'POLYFACE': 0, 'OTHER': 0}
2025-07-06 18:07:43,457 - INFO - DXF PREVIEW GENERATED: [{"type": "circle", "center": [5.578192878650072, 5.627063432600968], "radius": 0.2655}, {"type": "circle", "center": [11.57819287865007, 5.627063432600969], "radius": 0.2655}, {"type": "circle", "center": [17.57819287865007, 5.627063432600971], "radius": 0.2655}, {"type": "circle", "center": [-0.4218071213499285, 5.627063432600967], "radius": 0.2655}, {"type": "line", "start": [-6.688992859243505, 7.627063432600964], "end": [-6.93364333984544, 3.627063432600965]}, {"type": "line", "start": [24.
2025-07-06 18:07:43,458 - INFO - DXF PREVIEW TO DB for 11764850_IDW_000_--11764850_IDW_000.DXF: [{"type": "circle", "center": [5.578192878650072, 5.627063432600968], "radius": 0.2655}, {"type": "circle", "center": [11.57819287865007, 5.627063432600969], "radius": 0.2655}, {"type": "circle", "center": [17.57819287865007, 5.627063432600971], "radius": 0.2655}, {"type": "circle", "center": [-0.4218071213499285, 5.627063432600967], "radius": 0.2655}, {"type": "line", "start": [-6.688992859243505, 7.627063432600964], "end": [-6.93364333984544, 3.627063432600965]}, {"type": "line", "start": [24.
2025-07-06 18:07:43,458 - INFO - DXF parsed successfully: 11764850_IDW_000_--11764850_IDW_000.DXF, summary: {'total_length': 76.24573620545235, 'net_area_sqin': 0.22145165154970792, 'gross_min_x': -7.058643339845443, 'gross_min_y': 3.502063432600965, 'gross_max_x': 24.2150290971456, 'gross_max_y': 7.7520634
2025-07-06 18:07:43,468 - INFO - OrderItem created: part=11764850_IDW_000_--11764850_IDW_000.DXF, order_id=6468f905-d3c0-4655-a99b-727be5f0cba8, cart_uid=09b98626-c558-4561-8ed1-e0db453a9f87
2025-07-06 18:07:43,468 - INFO - Received DXF upload: 307-003 PL01.dxf for order_id: 6468f905-d3c0-4655-a99b-727be5f0cba8
2025-07-06 18:07:43,469 - INFO - Saved uploaded file to: C:\Users\shawng\CascadeProjects\PlasmaProject v1-1-7\instance\uploads\307-003 PL01.dxf
2025-07-06 18:07:43,470 - INFO - Parsing DXF: 307-003 PL01.dxf with parse_dxf()
2025-07-06 18:07:43,470 - INFO - inputs.csv loaded from C:\Users\shawng\CascadeProjects\PlasmaProject v1-1-7\inputs.csv
2025-07-06 18:07:43,471 - INFO - material_densities.csv loaded from C:\Users\shawng\CascadeProjects\PlasmaProject v1-1-7\material_densities.csv
2025-07-06 18:07:43,541 - INFO - Detected units: 1, applying scale factor: 1.0
2025-07-06 18:07:43,541 - INFO - Layers in DXF: {'0'}
2025-07-06 18:07:43,542 - DEBUG - Entity POLYLINE original layer: '0' cleaned: '0' | is_cut_entity: True | is_reference_entity: False
2025-07-06 18:07:43,542 - INFO - POLYLINE on layer 0: Length=336.43 in (cut)
2025-07-06 18:07:43,542 - INFO - POLYLINE on layer 0: Length=336.43 in (cut)
2025-07-06 18:07:43,542 - WARNING - Could not load inputs.csv from C:\Users\shawng\CascadeProjects\PlasmaProject v1-1-7\app\inputs.csv: [Errno 2] No such file or directory: 'C:\\Users\\shawng\\CascadeProjects\\PlasmaProject v1-1-7\\app\\inputs.csv'. Using safe defaults.
2025-07-06 18:07:43,543 - INFO - material_densities.csv loaded from C:\Users\shawng\CascadeProjects\PlasmaProject v1-1-7\material_densities.csv
2025-07-06 18:07:43,543 - INFO - Summary for C:\Users\shawng\CascadeProjects\PlasmaProject v1-1-7\instance\uploads\307-003 PL01.dxf:
2025-07-06 18:07:43,544 - INFO -   Total Cut Length: 672.86 in
2025-07-06 18:07:43,544 - INFO -   Gross Area: 0.00 sqin
2025-07-06 18:07:43,544 - INFO -   Net Area: 0.00 sqin
2025-07-06 18:07:43,544 - INFO -   Entity Counts: {'LINE': 0, 'ARC': 0, 'CIRCLE': 0, 'LWPOLYLINE': 0, 'POLYLINE': 2, 'INSERT': 0, 'SPLINE': 0, 'ELLIPSE': 0, 'HATCH': 0, '3DFACE': 0, 'POLYFACE': 0, 'OTHER': 0}
2025-07-06 18:07:43,544 - INFO - DXF PREVIEW GENERATED: [{"type": "polyline", "points": [[0.0, 0.0], [165.5889744111203, 0.0], [165.5889744111203, 2.625000000000001], [0.0, 2.624999999999998]]}, {"type": "polyline", "points": [[0.0, 0.0], [165.5889744111203, 0.0], [165.5889744111203, 2.625000000000001], [0.0, 2.624999999999998]]}]
2025-07-06 18:07:43,545 - INFO - DXF PREVIEW TO DB for 307-003 PL01.dxf: [{"type": "polyline", "points": [[0.0, 0.0], [165.5889744111203, 0.0], [165.5889744111203, 2.625000000000001], [0.0, 2.624999999999998]]}, {"type": "polyline", "points": [[0.0, 0.0], [165.5889744111203, 0.0], [165.5889744111203, 2.625000000000001], [0.0, 2.624999999999998]]}]
2025-07-06 18:07:43,545 - INFO - DXF parsed successfully: 307-003 PL01.dxf, summary: {'total_length': 672.8558976444812, 'net_area_sqin': 0, 'gross_min_x': 0, 'gross_min_y': 0, 'gross_max_x': 0, 'gross_max_y': 0, 'gross_area_sqin': 0, 'gross_weight_lb': 0, 'net_weight_lb': 0.0, 'entit
2025-07-06 18:07:43,566 - INFO - OrderItem created: part=307-003 PL01.dxf, order_id=6468f905-d3c0-4655-a99b-727be5f0cba8, cart_uid=3dc02d5f-583a-4a86-86fa-8abba589f85c
2025-07-06 18:07:43,566 - INFO - Received DXF upload: lDCxP-the-mandalorian-star-wars-figure.dxf for order_id: 6468f905-d3c0-4655-a99b-727be5f0cba8
2025-07-06 18:07:43,568 - INFO - Saved uploaded file to: C:\Users\shawng\CascadeProjects\PlasmaProject v1-1-7\instance\uploads\lDCxP-the-mandalorian-star-wars-figure.dxf
2025-07-06 18:07:43,568 - INFO - Parsing DXF: lDCxP-the-mandalorian-star-wars-figure.dxf with parse_dxf()
2025-07-06 18:07:43,569 - INFO - inputs.csv loaded from C:\Users\shawng\CascadeProjects\PlasmaProject v1-1-7\inputs.csv
2025-07-06 18:07:43,570 - INFO - material_densities.csv loaded from C:\Users\shawng\CascadeProjects\PlasmaProject v1-1-7\material_densities.csv
2025-07-06 18:07:43,797 - INFO - creating ACAD_COLOR dictionary
2025-07-06 18:07:43,798 - INFO - Detected units: 5, applying scale factor: 0.393701
2025-07-06 18:07:43,799 - INFO - Layers in DXF: {'Layer 1'}
2025-07-06 18:07:43,799 - DEBUG - Entity SPLINE original layer: 'Layer 1' cleaned: 'layer 1' | is_cut_entity: True | is_reference_entity: False
2025-07-06 18:07:43,799 - INFO - Skipping entity SPLINE on layer Layer 1
2025-07-06 18:07:43,799 - DEBUG - Entity SPLINE original layer: 'Layer 1' cleaned: 'layer 1' | is_cut_entity: True | is_reference_entity: False
2025-07-06 18:07:43,800 - INFO - Skipping entity SPLINE on layer Layer 1
2025-07-06 18:07:43,800 - DEBUG - Entity SPLINE original layer: 'Layer 1' cleaned: 'layer 1' | is_cut_entity: True | is_reference_entity: False
2025-07-06 18:07:43,800 - INFO - Skipping entity SPLINE on layer Layer 1
2025-07-06 18:07:43,800 - DEBUG - Entity SPLINE original layer: 'Layer 1' cleaned: 'layer 1' | is_cut_entity: True | is_reference_entity: False
2025-07-06 18:07:43,801 - INFO - Skipping entity SPLINE on layer Layer 1
2025-07-06 18:07:43,801 - DEBUG - Entity SPLINE original layer: 'Layer 1' cleaned: 'layer 1' | is_cut_entity: True | is_reference_entity: False
2025-07-06 18:07:43,801 - INFO - Skipping entity SPLINE on layer Layer 1
2025-07-06 18:07:43,802 - DEBUG - Entity SPLINE original layer: 'Layer 1' cleaned: 'layer 1' | is_cut_entity: True | is_reference_entity: False
2025-07-06 18:07:43,802 - INFO - Skipping entity SPLINE on layer Layer 1
2025-07-06 18:07:43,802 - DEBUG - Entity SPLINE original layer: 'Layer 1' cleaned: 'layer 1' | is_cut_entity: True | is_reference_entity: False
2025-07-06 18:07:43,802 - INFO - Skipping entity SPLINE on layer Layer 1
2025-07-06 18:07:43,803 - DEBUG - Entity SPLINE original layer: 'Layer 1' cleaned: 'layer 1' | is_cut_entity: True | is_reference_entity: False
2025-07-06 18:07:43,803 - INFO - Skipping entity SPLINE on layer Layer 1
2025-07-06 18:07:43,803 - DEBUG - Entity SPLINE original layer: 'Layer 1' cleaned: 'layer 1' | is_cut_entity: True | is_reference_entity: False
2025-07-06 18:07:43,803 - INFO - Skipping entity SPLINE on layer Layer 1
2025-07-06 18:07:43,804 - DEBUG - Entity SPLINE original layer: 'Layer 1' cleaned: 'layer 1' | is_cut_entity: True | is_reference_entity: False
2025-07-06 18:07:43,804 - INFO - Skipping entity SPLINE on layer Layer 1
2025-07-06 18:07:43,804 - DEBUG - Entity SPLINE original layer: 'Layer 1' cleaned: 'layer 1' | is_cut_entity: True | is_reference_entity: False
2025-07-06 18:07:43,804 - INFO - Skipping entity SPLINE on layer Layer 1
2025-07-06 18:07:43,804 - DEBUG - Entity SPLINE original layer: 'Layer 1' cleaned: 'layer 1' | is_cut_entity: True | is_reference_entity: False
2025-07-06 18:07:43,805 - INFO - Skipping entity SPLINE on layer Layer 1
2025-07-06 18:07:43,805 - DEBUG - Entity SPLINE original layer: 'Layer 1' cleaned: 'layer 1' | is_cut_entity: True | is_reference_entity: False
2025-07-06 18:07:43,805 - INFO - Skipping entity SPLINE on layer Layer 1
2025-07-06 18:07:43,805 - DEBUG - Entity SPLINE original layer: 'Layer 1' cleaned: 'layer 1' | is_cut_entity: True | is_reference_entity: False
2025-07-06 18:07:43,806 - INFO - Skipping entity SPLINE on layer Layer 1
2025-07-06 18:07:43,806 - DEBUG - Entity SPLINE original layer: 'Layer 1' cleaned: 'layer 1' | is_cut_entity: True | is_reference_entity: False
2025-07-06 18:07:43,806 - INFO - Skipping entity SPLINE on layer Layer 1
2025-07-06 18:07:43,806 - DEBUG - Entity SPLINE original layer: 'Layer 1' cleaned: 'layer 1' | is_cut_entity: True | is_reference_entity: False
2025-07-06 18:07:43,807 - INFO - Skipping entity SPLINE on layer Layer 1
2025-07-06 18:07:43,807 - DEBUG - Entity SPLINE original layer: 'Layer 1' cleaned: 'layer 1' | is_cut_entity: True | is_reference_entity: False
2025-07-06 18:07:43,807 - INFO - Skipping entity SPLINE on layer Layer 1
2025-07-06 18:07:43,807 - DEBUG - Entity SPLINE original layer: 'Layer 1' cleaned: 'layer 1' | is_cut_entity: True | is_reference_entity: False
2025-07-06 18:07:43,808 - INFO - Skipping entity SPLINE on layer Layer 1
2025-07-06 18:07:43,808 - DEBUG - Entity SPLINE original layer: 'Layer 1' cleaned: 'layer 1' | is_cut_entity: True | is_reference_entity: False
2025-07-06 18:07:43,808 - INFO - Skipping entity SPLINE on layer Layer 1
2025-07-06 18:07:43,808 - DEBUG - Entity SPLINE original layer: 'Layer 1' cleaned: 'layer 1' | is_cut_entity: True | is_reference_entity: False
2025-07-06 18:07:43,809 - INFO - Skipping entity SPLINE on layer Layer 1
2025-07-06 18:07:43,809 - DEBUG - Entity SPLINE original layer: 'Layer 1' cleaned: 'layer 1' | is_cut_entity: True | is_reference_entity: False
2025-07-06 18:07:43,809 - INFO - Skipping entity SPLINE on layer Layer 1
2025-07-06 18:07:43,809 - DEBUG - Entity SPLINE original layer: 'Layer 1' cleaned: 'layer 1' | is_cut_entity: True | is_reference_entity: False
2025-07-06 18:07:43,810 - INFO - Skipping entity SPLINE on layer Layer 1
2025-07-06 18:07:43,810 - DEBUG - Entity SPLINE original layer: 'Layer 1' cleaned: 'layer 1' | is_cut_entity: True | is_reference_entity: False
2025-07-06 18:07:43,810 - INFO - Skipping entity SPLINE on layer Layer 1
2025-07-06 18:07:43,810 - DEBUG - Entity SPLINE original layer: 'Layer 1' cleaned: 'layer 1' | is_cut_entity: True | is_reference_entity: False
2025-07-06 18:07:43,811 - INFO - Skipping entity SPLINE on layer Layer 1
2025-07-06 18:07:43,811 - DEBUG - Entity SPLINE original layer: 'Layer 1' cleaned: 'layer 1' | is_cut_entity: True | is_reference_entity: False
2025-07-06 18:07:43,811 - INFO - Skipping entity SPLINE on layer Layer 1
2025-07-06 18:07:43,811 - DEBUG - Entity SPLINE original layer: 'Layer 1' cleaned: 'layer 1' | is_cut_entity: True | is_reference_entity: False
2025-07-06 18:07:43,812 - INFO - Skipping entity SPLINE on layer Layer 1
2025-07-06 18:07:43,812 - DEBUG - Entity SPLINE original layer: 'Layer 1' cleaned: 'layer 1' | is_cut_entity: True | is_reference_entity: False
2025-07-06 18:07:43,812 - INFO - Skipping entity SPLINE on layer Layer 1
2025-07-06 18:07:43,812 - DEBUG - Entity SPLINE original layer: 'Layer 1' cleaned: 'layer 1' | is_cut_entity: True | is_reference_entity: False
2025-07-06 18:07:43,812 - INFO - Skipping entity SPLINE on layer Layer 1
2025-07-06 18:07:43,813 - DEBUG - Entity SPLINE original layer: 'Layer 1' cleaned: 'layer 1' | is_cut_entity: True | is_reference_entity: False
2025-07-06 18:07:43,813 - INFO - Skipping entity SPLINE on layer Layer 1
2025-07-06 18:07:43,813 - DEBUG - Entity SPLINE original layer: 'Layer 1' cleaned: 'layer 1' | is_cut_entity: True | is_reference_entity: False
2025-07-06 18:07:43,813 - INFO - Skipping entity SPLINE on layer Layer 1
2025-07-06 18:07:43,814 - DEBUG - Entity SPLINE original layer: 'Layer 1' cleaned: 'layer 1' | is_cut_entity: True | is_reference_entity: False
2025-07-06 18:07:43,814 - INFO - Skipping entity SPLINE on layer Layer 1
2025-07-06 18:07:43,815 - DEBUG - Entity SPLINE original layer: 'Layer 1' cleaned: 'layer 1' | is_cut_entity: True | is_reference_entity: False
2025-07-06 18:07:43,815 - INFO - Skipping entity SPLINE on layer Layer 1
2025-07-06 18:07:43,815 - DEBUG - Entity SPLINE original layer: 'Layer 1' cleaned: 'layer 1' | is_cut_entity: True | is_reference_entity: False
2025-07-06 18:07:43,815 - INFO - Skipping entity SPLINE on layer Layer 1
2025-07-06 18:07:43,815 - DEBUG - Entity SPLINE original layer: 'Layer 1' cleaned: 'layer 1' | is_cut_entity: True | is_reference_entity: False
2025-07-06 18:07:43,816 - INFO - Skipping entity SPLINE on layer Layer 1
2025-07-06 18:07:43,816 - DEBUG - Entity SPLINE original layer: 'Layer 1' cleaned: 'layer 1' | is_cut_entity: True | is_reference_entity: False
2025-07-06 18:07:43,816 - INFO - Skipping entity SPLINE on layer Layer 1
2025-07-06 18:07:43,816 - DEBUG - Entity SPLINE original layer: 'Layer 1' cleaned: 'layer 1' | is_cut_entity: True | is_reference_entity: False
2025-07-06 18:07:43,816 - INFO - Skipping entity SPLINE on layer Layer 1
2025-07-06 18:07:43,817 - DEBUG - Entity SPLINE original layer: 'Layer 1' cleaned: 'layer 1' | is_cut_entity: True | is_reference_entity: False
2025-07-06 18:07:43,817 - INFO - Skipping entity SPLINE on layer Layer 1
2025-07-06 18:07:43,817 - DEBUG - Entity SPLINE original layer: 'Layer 1' cleaned: 'layer 1' | is_cut_entity: True | is_reference_entity: False
2025-07-06 18:07:43,817 - INFO - Skipping entity SPLINE on layer Layer 1
2025-07-06 18:07:43,817 - DEBUG - Entity SPLINE original layer: 'Layer 1' cleaned: 'layer 1' | is_cut_entity: True | is_reference_entity: False
2025-07-06 18:07:43,818 - INFO - Skipping entity SPLINE on layer Layer 1
2025-07-06 18:07:43,818 - DEBUG - Entity SPLINE original layer: 'Layer 1' cleaned: 'layer 1' | is_cut_entity: True | is_reference_entity: False
2025-07-06 18:07:43,818 - INFO - Skipping entity SPLINE on layer Layer 1
2025-07-06 18:07:43,818 - DEBUG - Entity SPLINE original layer: 'Layer 1' cleaned: 'layer 1' | is_cut_entity: True | is_reference_entity: False
2025-07-06 18:07:43,819 - INFO - Skipping entity SPLINE on layer Layer 1
2025-07-06 18:07:43,819 - DEBUG - Entity SPLINE original layer: 'Layer 1' cleaned: 'layer 1' | is_cut_entity: True | is_reference_entity: False
2025-07-06 18:07:43,819 - INFO - Skipping entity SPLINE on layer Layer 1
2025-07-06 18:07:43,819 - DEBUG - Entity SPLINE original layer: 'Layer 1' cleaned: 'layer 1' | is_cut_entity: True | is_reference_entity: False
2025-07-06 18:07:43,819 - INFO - Skipping entity SPLINE on layer Layer 1
2025-07-06 18:07:43,820 - DEBUG - Entity SPLINE original layer: 'Layer 1' cleaned: 'layer 1' | is_cut_entity: True | is_reference_entity: False
2025-07-06 18:07:43,820 - INFO - Skipping entity SPLINE on layer Layer 1
2025-07-06 18:07:43,820 - DEBUG - Entity SPLINE original layer: 'Layer 1' cleaned: 'layer 1' | is_cut_entity: True | is_reference_entity: False
2025-07-06 18:07:43,820 - INFO - Skipping entity SPLINE on layer Layer 1
2025-07-06 18:07:43,820 - DEBUG - Entity SPLINE original layer: 'Layer 1' cleaned: 'layer 1' | is_cut_entity: True | is_reference_entity: False
2025-07-06 18:07:43,821 - INFO - Skipping entity SPLINE on layer Layer 1
2025-07-06 18:07:43,821 - DEBUG - Entity SPLINE original layer: 'Layer 1' cleaned: 'layer 1' | is_cut_entity: True | is_reference_entity: False
2025-07-06 18:07:43,821 - INFO - Skipping entity SPLINE on layer Layer 1
2025-07-06 18:07:43,821 - DEBUG - Entity SPLINE original layer: 'Layer 1' cleaned: 'layer 1' | is_cut_entity: True | is_reference_entity: False
2025-07-06 18:07:43,822 - INFO - Skipping entity SPLINE on layer Layer 1
2025-07-06 18:07:43,822 - DEBUG - Entity SPLINE original layer: 'Layer 1' cleaned: 'layer 1' | is_cut_entity: True | is_reference_entity: False
2025-07-06 18:07:43,822 - INFO - Skipping entity SPLINE on layer Layer 1
2025-07-06 18:07:43,822 - DEBUG - Entity SPLINE original layer: 'Layer 1' cleaned: 'layer 1' | is_cut_entity: True | is_reference_entity: False
2025-07-06 18:07:43,822 - INFO - Skipping entity SPLINE on layer Layer 1
2025-07-06 18:07:43,823 - DEBUG - Entity SPLINE original layer: 'Layer 1' cleaned: 'layer 1' | is_cut_entity: True | is_reference_entity: False
2025-07-06 18:07:43,823 - INFO - Skipping entity SPLINE on layer Layer 1
2025-07-06 18:07:43,823 - DEBUG - Entity SPLINE original layer: 'Layer 1' cleaned: 'layer 1' | is_cut_entity: True | is_reference_entity: False
2025-07-06 18:07:43,823 - INFO - Skipping entity SPLINE on layer Layer 1
2025-07-06 18:07:43,824 - DEBUG - Entity SPLINE original layer: 'Layer 1' cleaned: 'layer 1' | is_cut_entity: True | is_reference_entity: False
2025-07-06 18:07:43,825 - INFO - Skipping entity SPLINE on layer Layer 1
2025-07-06 18:07:43,825 - DEBUG - Entity SPLINE original layer: 'Layer 1' cleaned: 'layer 1' | is_cut_entity: True | is_reference_entity: False
2025-07-06 18:07:43,827 - INFO - Skipping entity SPLINE on layer Layer 1
2025-07-06 18:07:43,827 - DEBUG - Entity SPLINE original layer: 'Layer 1' cleaned: 'layer 1' | is_cut_entity: True | is_reference_entity: False
2025-07-06 18:07:43,828 - INFO - Skipping entity SPLINE on layer Layer 1
2025-07-06 18:07:43,829 - DEBUG - Entity SPLINE original layer: 'Layer 1' cleaned: 'layer 1' | is_cut_entity: True | is_reference_entity: False
2025-07-06 18:07:43,829 - INFO - Skipping entity SPLINE on layer Layer 1
2025-07-06 18:07:43,829 - DEBUG - Entity SPLINE original layer: 'Layer 1' cleaned: 'layer 1' | is_cut_entity: True | is_reference_entity: False
2025-07-06 18:07:43,830 - INFO - Skipping entity SPLINE on layer Layer 1
2025-07-06 18:07:43,830 - DEBUG - Entity SPLINE original layer: 'Layer 1' cleaned: 'layer 1' | is_cut_entity: True | is_reference_entity: False
2025-07-06 18:07:43,830 - INFO - Skipping entity SPLINE on layer Layer 1
2025-07-06 18:07:43,830 - DEBUG - Entity SPLINE original layer: 'Layer 1' cleaned: 'layer 1' | is_cut_entity: True | is_reference_entity: False
2025-07-06 18:07:43,831 - INFO - Skipping entity SPLINE on layer Layer 1
2025-07-06 18:07:43,831 - DEBUG - Entity SPLINE original layer: 'Layer 1' cleaned: 'layer 1' | is_cut_entity: True | is_reference_entity: False
2025-07-06 18:07:43,831 - INFO - Skipping entity SPLINE on layer Layer 1
2025-07-06 18:07:43,832 - DEBUG - Entity SPLINE original layer: 'Layer 1' cleaned: 'layer 1' | is_cut_entity: True | is_reference_entity: False
2025-07-06 18:07:43,832 - INFO - Skipping entity SPLINE on layer Layer 1
2025-07-06 18:07:43,833 - DEBUG - Entity SPLINE original layer: 'Layer 1' cleaned: 'layer 1' | is_cut_entity: True | is_reference_entity: False
2025-07-06 18:07:43,833 - INFO - Skipping entity SPLINE on layer Layer 1
2025-07-06 18:07:43,836 - DEBUG - Entity SPLINE original layer: 'Layer 1' cleaned: 'layer 1' | is_cut_entity: True | is_reference_entity: False
2025-07-06 18:07:43,836 - INFO - Skipping entity SPLINE on layer Layer 1
2025-07-06 18:07:43,836 - DEBUG - Entity SPLINE original layer: 'Layer 1' cleaned: 'layer 1' | is_cut_entity: True | is_reference_entity: False
2025-07-06 18:07:43,837 - INFO - Skipping entity SPLINE on layer Layer 1
2025-07-06 18:07:43,837 - DEBUG - Entity SPLINE original layer: 'Layer 1' cleaned: 'layer 1' | is_cut_entity: True | is_reference_entity: False
2025-07-06 18:07:43,837 - INFO - Skipping entity SPLINE on layer Layer 1
2025-07-06 18:07:43,837 - DEBUG - Entity SPLINE original layer: 'Layer 1' cleaned: 'layer 1' | is_cut_entity: True | is_reference_entity: False
2025-07-06 18:07:43,838 - INFO - Skipping entity SPLINE on layer Layer 1
2025-07-06 18:07:43,838 - DEBUG - Entity SPLINE original layer: 'Layer 1' cleaned: 'layer 1' | is_cut_entity: True | is_reference_entity: False
2025-07-06 18:07:43,838 - INFO - Skipping entity SPLINE on layer Layer 1
2025-07-06 18:07:43,838 - DEBUG - Entity SPLINE original layer: 'Layer 1' cleaned: 'layer 1' | is_cut_entity: True | is_reference_entity: False
2025-07-06 18:07:43,839 - INFO - Skipping entity SPLINE on layer Layer 1
2025-07-06 18:07:43,839 - DEBUG - Entity SPLINE original layer: 'Layer 1' cleaned: 'layer 1' | is_cut_entity: True | is_reference_entity: False
2025-07-06 18:07:43,840 - INFO - Skipping entity SPLINE on layer Layer 1
2025-07-06 18:07:43,840 - DEBUG - Entity SPLINE original layer: 'Layer 1' cleaned: 'layer 1' | is_cut_entity: True | is_reference_entity: False
2025-07-06 18:07:43,840 - INFO - Skipping entity SPLINE on layer Layer 1
2025-07-06 18:07:43,840 - DEBUG - Entity SPLINE original layer: 'Layer 1' cleaned: 'layer 1' | is_cut_entity: True | is_reference_entity: False
2025-07-06 18:07:43,841 - INFO - Skipping entity SPLINE on layer Layer 1
2025-07-06 18:07:43,841 - DEBUG - Entity SPLINE original layer: 'Layer 1' cleaned: 'layer 1' | is_cut_entity: True | is_reference_entity: False
2025-07-06 18:07:43,841 - INFO - Skipping entity SPLINE on layer Layer 1
2025-07-06 18:07:43,842 - ERROR - No preview geometry generated for C:\Users\shawng\CascadeProjects\PlasmaProject v1-1-7\instance\uploads\lDCxP-the-mandalorian-star-wars-figure.dxf. Entity counts: {'LINE': 0, 'ARC': 0, 'CIRCLE': 0, 'LWPOLYLINE': 0, 'POLYLINE': 0, 'INSERT': 0, 'SPLINE': 0, 'ELLIPSE': 0, 'HATCH': 0, '3DFACE': 0, 'POLYFACE': 0, 'OTHER': 72}
2025-07-06 18:07:43,842 - WARNING - Could not load inputs.csv from C:\Users\shawng\CascadeProjects\PlasmaProject v1-1-7\app\inputs.csv: [Errno 2] No such file or directory: 'C:\\Users\\shawng\\CascadeProjects\\PlasmaProject v1-1-7\\app\\inputs.csv'. Using safe defaults.
2025-07-06 18:07:43,843 - INFO - material_densities.csv loaded from C:\Users\shawng\CascadeProjects\PlasmaProject v1-1-7\material_densities.csv
2025-07-06 18:07:43,844 - INFO - Summary for C:\Users\shawng\CascadeProjects\PlasmaProject v1-1-7\instance\uploads\lDCxP-the-mandalorian-star-wars-figure.dxf:
2025-07-06 18:07:43,844 - INFO -   Total Cut Length: 0.00 in
2025-07-06 18:07:43,844 - INFO -   Gross Area: 0.00 sqin
2025-07-06 18:07:43,844 - INFO -   Net Area: 0.00 sqin
2025-07-06 18:07:43,845 - INFO -   Entity Counts: {'LINE': 0, 'ARC': 0, 'CIRCLE': 0, 'LWPOLYLINE': 0, 'POLYLINE': 0, 'INSERT': 0, 'SPLINE': 0, 'ELLIPSE': 0, 'HATCH': 0, '3DFACE': 0, 'POLYFACE': 0, 'OTHER': 72}
2025-07-06 18:07:43,845 - INFO - DXF PREVIEW GENERATED: [{"type": "error", "message": "No cuttable geometry could be parsed from lDCxP-the-mandalorian-star-wars-figure.dxf."}]
2025-07-06 18:07:43,845 - INFO - DXF PREVIEW TO DB for lDCxP-the-mandalorian-star-wars-figure.dxf: [{"type": "error", "message": "No cuttable geometry could be parsed from lDCxP-the-mandalorian-star-wars-figure.dxf."}]
2025-07-06 18:07:43,845 - ERROR - DXF lDCxP-the-mandalorian-star-wars-figure.dxf parsing returned error: [{'type': 'error', 'message': 'No cuttable geometry could be parsed from lDCxP-the-mandalorian-star-wars-figure.dxf.'}]
2025-07-06 18:07:43,846 - INFO - Received DXF upload: test1.dxf for order_id: 6468f905-d3c0-4655-a99b-727be5f0cba8
2025-07-06 18:07:43,848 - INFO - Saved uploaded file to: C:\Users\shawng\CascadeProjects\PlasmaProject v1-1-7\instance\uploads\test1.dxf
2025-07-06 18:07:43,848 - INFO - Parsing DXF: test1.dxf with parse_dxf()
2025-07-06 18:07:43,849 - INFO - inputs.csv loaded from C:\Users\shawng\CascadeProjects\PlasmaProject v1-1-7\inputs.csv
2025-07-06 18:07:43,850 - INFO - material_densities.csv loaded from C:\Users\shawng\CascadeProjects\PlasmaProject v1-1-7\material_densities.csv
2025-07-06 18:07:44,007 - INFO - Detected units: 1, applying scale factor: 1.0
2025-07-06 18:07:44,007 - INFO - Layers in DXF: {'0'}
2025-07-06 18:07:44,008 - DEBUG - Entity ARC original layer: '0' cleaned: '0' | is_cut_entity: True | is_reference_entity: False
2025-07-06 18:07:44,008 - INFO - ARC on layer 0: Length=1.57 in (cut)
2025-07-06 18:07:44,008 - DEBUG - Entity ARC original layer: '0' cleaned: '0' | is_cut_entity: True | is_reference_entity: False
2025-07-06 18:07:44,008 - INFO - ARC on layer 0: Length=1.57 in (cut)
2025-07-06 18:07:44,008 - DEBUG - Entity LINE original layer: '0' cleaned: '0' | is_cut_entity: True | is_reference_entity: False
2025-07-06 18:07:44,009 - INFO - LINE on layer 0: Length=0.75 in (cut)
2025-07-06 18:07:44,009 - DEBUG - Entity LINE original layer: '0' cleaned: '0' | is_cut_entity: True | is_reference_entity: False
2025-07-06 18:07:44,009 - INFO - LINE on layer 0: Length=0.75 in (cut)
2025-07-06 18:07:44,009 - DEBUG - Entity CIRCLE original layer: '0' cleaned: '0' | is_cut_entity: True | is_reference_entity: False
2025-07-06 18:07:44,010 - INFO - CIRCLE on layer 0: Length=6.28 in (cut)
2025-07-06 18:07:44,010 - WARNING - Could not load inputs.csv from C:\Users\shawng\CascadeProjects\PlasmaProject v1-1-7\app\inputs.csv: [Errno 2] No such file or directory: 'C:\\Users\\shawng\\CascadeProjects\\PlasmaProject v1-1-7\\app\\inputs.csv'. Using safe defaults.
2025-07-06 18:07:44,011 - INFO - material_densities.csv loaded from C:\Users\shawng\CascadeProjects\PlasmaProject v1-1-7\material_densities.csv
2025-07-06 18:07:44,011 - INFO - Summary for C:\Users\shawng\CascadeProjects\PlasmaProject v1-1-7\instance\uploads\test1.dxf:
2025-07-06 18:07:44,012 - INFO -   Total Cut Length: 10.92 in
2025-07-06 18:07:44,012 - INFO -   Gross Area: 5.61 sqin
2025-07-06 18:07:44,012 - INFO -   Net Area: 3.14 sqin
2025-07-06 18:07:44,012 - INFO -   Entity Counts: {'LINE': 2, 'ARC': 2, 'CIRCLE': 1, 'LWPOLYLINE': 0, 'POLYLINE': 0, 'INSERT': 0, 'SPLINE': 0, 'ELLIPSE': 0, 'HATCH': 0, '3DFACE': 0, 'POLYFACE': 0, 'OTHER': 0}
2025-07-06 18:07:44,013 - INFO - DXF PREVIEW GENERATED: [{"type": "arc", "center": [1.05080387881803, 0.6961743329908785], "radius": 0.5, "start_angle": 180.0, "end_angle": 360.0}, {"type": "arc", "center": [1.05080387881803, 1.446174332990878], "radius": 0.5, "start_angle": 0.0, "end_angle": 180.0}, {"type": "line", "start": [1.55080387881803, 1.446174332990878], "end": [1.55080387881803, 0.6961743329908785]}, {"type": "line", "start": [0.5508038788180301, 1.446174332990878], "end": [0.5508038788180301, 0.6961743329908785]}, {"type": "circle", "cent
2025-07-06 18:07:44,013 - INFO - DXF PREVIEW TO DB for test1.dxf: [{"type": "arc", "center": [1.05080387881803, 0.6961743329908785], "radius": 0.5, "start_angle": 180.0, "end_angle": 360.0}, {"type": "arc", "center": [1.05080387881803, 1.446174332990878], "radius": 0.5, "start_angle": 0.0, "end_angle": 180.0}, {"type": "line", "start": [1.55080387881803, 1.446174332990878], "end": [1.55080387881803, 0.6961743329908785]}, {"type": "line", "start": [0.5508038788180301, 1.446174332990878], "end": [0.5508038788180301, 0.6961743329908785]}, {"type": "circle", "cent
2025-07-06 18:07:44,013 - INFO - DXF parsed successfully: test1.dxf, summary: {'total_length': 10.92477796076938, 'net_area_sqin': 3.141592653589793, 'gross_min_x': -0.07419612118196994, 'gross_min_y': -0.05382566700912195, 'gross_max_x': 2.17580387881803, 'gross_max_y': 2.1961
2025-07-06 18:07:44,030 - INFO - OrderItem created: part=test1.dxf, order_id=6468f905-d3c0-4655-a99b-727be5f0cba8, cart_uid=e968e057-46c5-438a-bb5a-a4c9778b8b3b
2025-07-06 18:07:44,031 - INFO - Received DXF upload: Zz343-batman-wall-decor.dxf for order_id: 6468f905-d3c0-4655-a99b-727be5f0cba8
2025-07-06 18:07:44,035 - INFO - Saved uploaded file to: C:\Users\shawng\CascadeProjects\PlasmaProject v1-1-7\instance\uploads\Zz343-batman-wall-decor.dxf
2025-07-06 18:07:44,035 - INFO - Parsing DXF: Zz343-batman-wall-decor.dxf with parse_dxf()
2025-07-06 18:07:44,036 - INFO - inputs.csv loaded from C:\Users\shawng\CascadeProjects\PlasmaProject v1-1-7\inputs.csv
2025-07-06 18:07:44,037 - INFO - material_densities.csv loaded from C:\Users\shawng\CascadeProjects\PlasmaProject v1-1-7\material_densities.csv
2025-07-06 18:07:44,212 - INFO - creating ACAD_COLOR dictionary
2025-07-06 18:07:44,213 - INFO - Detected units: 5, applying scale factor: 0.393701
2025-07-06 18:07:44,214 - INFO - Layers in DXF: {'Plan 1'}
2025-07-06 18:07:44,214 - DEBUG - Entity SPLINE original layer: 'Plan 1' cleaned: 'plan 1' | is_cut_entity: True | is_reference_entity: False
2025-07-06 18:07:44,214 - INFO - Skipping entity SPLINE on layer Plan 1
2025-07-06 18:07:44,215 - DEBUG - Entity SPLINE original layer: 'Plan 1' cleaned: 'plan 1' | is_cut_entity: True | is_reference_entity: False
2025-07-06 18:07:44,215 - INFO - Skipping entity SPLINE on layer Plan 1
2025-07-06 18:07:44,215 - DEBUG - Entity SPLINE original layer: 'Plan 1' cleaned: 'plan 1' | is_cut_entity: True | is_reference_entity: False
2025-07-06 18:07:44,216 - INFO - Skipping entity SPLINE on layer Plan 1
2025-07-06 18:07:44,216 - DEBUG - Entity SPLINE original layer: 'Plan 1' cleaned: 'plan 1' | is_cut_entity: True | is_reference_entity: False
2025-07-06 18:07:44,217 - INFO - Skipping entity SPLINE on layer Plan 1
2025-07-06 18:07:44,217 - DEBUG - Entity SPLINE original layer: 'Plan 1' cleaned: 'plan 1' | is_cut_entity: True | is_reference_entity: False
2025-07-06 18:07:44,218 - INFO - Skipping entity SPLINE on layer Plan 1
2025-07-06 18:07:44,219 - DEBUG - Entity SPLINE original layer: 'Plan 1' cleaned: 'plan 1' | is_cut_entity: True | is_reference_entity: False
2025-07-06 18:07:44,220 - INFO - Skipping entity SPLINE on layer Plan 1
2025-07-06 18:07:44,220 - DEBUG - Entity SPLINE original layer: 'Plan 1' cleaned: 'plan 1' | is_cut_entity: True | is_reference_entity: False
2025-07-06 18:07:44,221 - INFO - Skipping entity SPLINE on layer Plan 1
2025-07-06 18:07:44,221 - DEBUG - Entity SPLINE original layer: 'Plan 1' cleaned: 'plan 1' | is_cut_entity: True | is_reference_entity: False
2025-07-06 18:07:44,221 - INFO - Skipping entity SPLINE on layer Plan 1
2025-07-06 18:07:44,222 - DEBUG - Entity SPLINE original layer: 'Plan 1' cleaned: 'plan 1' | is_cut_entity: True | is_reference_entity: False
2025-07-06 18:07:44,222 - INFO - Skipping entity SPLINE on layer Plan 1
2025-07-06 18:07:44,222 - ERROR - No preview geometry generated for C:\Users\shawng\CascadeProjects\PlasmaProject v1-1-7\instance\uploads\Zz343-batman-wall-decor.dxf. Entity counts: {'LINE': 0, 'ARC': 0, 'CIRCLE': 0, 'LWPOLYLINE': 0, 'POLYLINE': 0, 'INSERT': 0, 'SPLINE': 0, 'ELLIPSE': 0, 'HATCH': 0, '3DFACE': 0, 'POLYFACE': 0, 'OTHER': 9}
2025-07-06 18:07:44,223 - WARNING - Could not load inputs.csv from C:\Users\shawng\CascadeProjects\PlasmaProject v1-1-7\app\inputs.csv: [Errno 2] No such file or directory: 'C:\\Users\\shawng\\CascadeProjects\\PlasmaProject v1-1-7\\app\\inputs.csv'. Using safe defaults.
2025-07-06 18:07:44,224 - INFO - material_densities.csv loaded from C:\Users\shawng\CascadeProjects\PlasmaProject v1-1-7\material_densities.csv
2025-07-06 18:07:44,224 - INFO - Summary for C:\Users\shawng\CascadeProjects\PlasmaProject v1-1-7\instance\uploads\Zz343-batman-wall-decor.dxf:
2025-07-06 18:07:44,224 - INFO -   Total Cut Length: 0.00 in
2025-07-06 18:07:44,225 - INFO -   Gross Area: 0.00 sqin
2025-07-06 18:07:44,225 - INFO -   Net Area: 0.00 sqin
2025-07-06 18:07:44,225 - INFO -   Entity Counts: {'LINE': 0, 'ARC': 0, 'CIRCLE': 0, 'LWPOLYLINE': 0, 'POLYLINE': 0, 'INSERT': 0, 'SPLINE': 0, 'ELLIPSE': 0, 'HATCH': 0, '3DFACE': 0, 'POLYFACE': 0, 'OTHER': 9}
2025-07-06 18:07:44,226 - INFO - DXF PREVIEW GENERATED: [{"type": "error", "message": "No cuttable geometry could be parsed from Zz343-batman-wall-decor.dxf."}]
2025-07-06 18:07:44,226 - INFO - DXF PREVIEW TO DB for Zz343-batman-wall-decor.dxf: [{"type": "error", "message": "No cuttable geometry could be parsed from Zz343-batman-wall-decor.dxf."}]
2025-07-06 18:07:44,227 - ERROR - DXF Zz343-batman-wall-decor.dxf parsing returned error: [{'type': 'error', 'message': 'No cuttable geometry could be parsed from Zz343-batman-wall-decor.dxf.'}]

2025-07-06 18:07:45,150 - ERROR - Failure traceback for tests/test_cart_creation.py::test_cart_creation_batch:
client = <FlaskClient <Flask 'app'>>

    def test_cart_creation_batch(client):
        dxf_files = [f for f in os.listdir(PRIMARY_VALIDATION_DIR) if f.lower().endswith('.dxf')]
        assert dxf_files, f"No DXF files found in {PRIMARY_VALIDATION_DIR}"
        # Prepare all files for a single multi-file POST
        files = []
        for dxf_file in dxf_files:
            with open(os.path.join(PRIMARY_VALIDATION_DIR, dxf_file), 'rb') as f:
                files.append((io.BytesIO(f.read()), dxf_file))
        data = {
            'material': 'A36 Steel',
            'thickness': 0.25
        }
        # Use 'files[]' to match common frontend conventions for multi-upload
        multi_file_data = []
        for file_obj, filename in files:
            multi_file_data.append(('files[]', (file_obj, filename)))
        # Combine form fields and files
        from werkzeug.datastructures import MultiDict
        post_data = MultiDict(list(data.items()) + multi_file_data)
        response = client.post('/', data=post_data, content_type='multipart/form-data', follow_redirects=True)
        # Check response
        assert response.status_code == 200, f"Failed to upload files: status {response.status_code}"
        html = response.data.decode('utf-8').lower()
        assert ("cart" in html or "success" in html or "added to cart" in html), "No cart or confirmation found in response for multi-file upload"
        print(f"HTML snippet for multi-file upload:\n", html[:300])
        # Check that an OrderItem was created for each file
        with client.application.app_context():
            for dxf_file in dxf_files:
                item = OrderItem.query.filter_by(part_number=dxf_file).first()
>               assert item is not None, f"OrderItem was not created for {dxf_file}"
E               AssertionError: OrderItem was not created for lDCxP-the-mandalorian-star-wars-figure.dxf
E               assert None is not None

tests\test_cart_creation.py:51: AssertionError
__________________________ test_order_relationships ___________________________

self = <sqlalchemy.engine.base.Connection object at 0x000002E30423C890>
dialect = <sqlalchemy.dialects.sqlite.pysqlite.SQLiteDialect_pysqlite object at 0x000002E3041AB410>
context = <sqlalchemy.dialects.sqlite.base.SQLiteExecutionContext object at 0x000002E30427EEB0>
statement = <sqlalchemy.dialects.sqlite.base.SQLiteCompiler object at 0x000002E30426CF50>
parameters = [('order@test.com', None, 'Order', 'Tester', '1234567890', 'scrypt:32768:8:1$BJk075Z5NHAge58s$54bde5aaefb5c592ca9dad8511c005d0368c19cd1f12e044b373d30de05012e03e09ef4742b6a4d9ec13155d45fa8affc168cdc445d367b9004b138f7b8133c1', ...)]

    def _exec_single_context(
        self,
        dialect: Dialect,
        context: ExecutionContext,
        statement: Union[str, Compiled],
        parameters: Optional[_AnyMultiExecuteParams],
    ) -> CursorResult[Any]:
        """continue the _execute_context() method for a single DBAPI
        cursor.execute() or cursor.executemany() call.
    
        """
        if dialect.bind_typing is BindTyping.SETINPUTSIZES:
            generic_setinputsizes = context._prepare_set_input_sizes()
    
            if generic_setinputsizes:
                try:
                    dialect.do_set_input_sizes(
                        context.cursor, generic_setinputsizes, context
                    )
                except BaseException as e:
                    self._handle_dbapi_exception(
                        e, str(statement), parameters, None, context
                    )
    
        cursor, str_statement, parameters = (
            context.cursor,
            context.statement,
            context.parameters,
        )
    
        effective_parameters: Optional[_AnyExecuteParams]
    
        if not context.executemany:
            effective_parameters = parameters[0]
        else:
            effective_parameters = parameters
    
        if self._has_events or self.engine._has_events:
            for fn in self.dispatch.before_cursor_execute:
                str_statement, effective_parameters = fn(
                    self,
                    cursor,
                    str_statement,
                    effective_parameters,
                    context,
                    context.executemany,
                )
    
        if self._echo:
            self._log_info(str_statement)
    
            stats = context._get_cache_stats()
    
            if not self.engine.hide_parameters:
                self._log_info(
                    "[%s] %r",
                    stats,
                    sql_util._repr_params(
                        effective_parameters,
                        batches=10,
                        ismulti=context.executemany,
                    ),
                )
            else:
                self._log_info(
                    "[%s] [SQL parameters hidden due to hide_parameters=True]",
                    stats,
                )
    
        evt_handled: bool = False
        try:
            if context.execute_style is ExecuteStyle.EXECUTEMANY:
                effective_parameters = cast(
                    "_CoreMultiExecuteParams", effective_parameters
                )
                if self.dialect._has_events:
                    for fn in self.dialect.dispatch.do_executemany:
                        if fn(
                            cursor,
                            str_statement,
                            effective_parameters,
                            context,
                        ):
                            evt_handled = True
                            break
                if not evt_handled:
                    self.dialect.do_executemany(
                        cursor,
                        str_statement,
                        effective_parameters,
                        context,
                    )
            elif not effective_parameters and context.no_parameters:
                if self.dialect._has_events:
                    for fn in self.dialect.dispatch.do_execute_no_params:
                        if fn(cursor, str_statement, context):
                            evt_handled = True
                            break
                if not evt_handled:
                    self.dialect.do_execute_no_params(
                        cursor, str_statement, context
                    )
            else:
                effective_parameters = cast(
                    "_CoreSingleExecuteParams", effective_parameters
                )
                if self.dialect._has_events:
                    for fn in self.dialect.dispatch.do_execute:
                        if fn(
                            cursor,
                            str_statement,
                            effective_parameters,
                            context,
                        ):
                            evt_handled = True
                            break
                if not evt_handled:
>                   self.dialect.do_execute(
                        cursor, str_statement, effective_parameters, context
                    )

..\..\AppData\Local\Programs\Python\Python313\Lib\site-packages\sqlalchemy\engine\base.py:1963: 
_ _ _ _ _ _ _ _ _ _ _ _ _ _ _ _ _ _ _ _ _ _ _ _ _ _ _ _ _ _ _ _ _ _ _ _ _ _ _ _

self = <sqlalchemy.dialects.sqlite.pysqlite.SQLiteDialect_pysqlite object at 0x000002E3041AB410>
cursor = <sqlite3.Cursor object at 0x000002E305598EC0>
statement = 'INSERT INTO user (email, company, first_name, last_name, phone, password_hash, password_reset_token) VALUES (?, ?, ?, ?, ?, ?, ?)'
parameters = ('order@test.com', None, 'Order', 'Tester', '1234567890', 'scrypt:32768:8:1$BJk075Z5NHAge58s$54bde5aaefb5c592ca9dad8511c005d0368c19cd1f12e044b373d30de05012e03e09ef4742b6a4d9ec13155d45fa8affc168cdc445d367b9004b138f7b8133c1', ...)
context = <sqlalchemy.dialects.sqlite.base.SQLiteExecutionContext object at 0x000002E30427EEB0>

    def do_execute(self, cursor, statement, parameters, context=None):
>       cursor.execute(statement, parameters)
E       sqlite3.IntegrityError: UNIQUE constraint failed: user.email

..\..\AppData\Local\Programs\Python\Python313\Lib\site-packages\sqlalchemy\engine\default.py:943: IntegrityError

The above exception was the direct cause of the following exception:

session = <sqlalchemy.orm.session.Session object at 0x000002E30426E850>

    def test_order_relationships(session):
        user = User(email="order@test.com", first_name="Order", last_name="Tester", phone="1234567890")
        user.set_password("pw")
        session.add(user)
        order = Order(id="ORD1", user=user, total=100.0)
        session.add(order)
        item = OrderItem(order=order, part_number="PN1", quantity=2, material="Steel", thickness=0.25)
        session.add(item)
        session.commit()
        fetched_order = session.query(Order).filter_by(id="ORD1").one()
        assert fetched_order.user.email == "order@test.com"
        assert fetched_order.items[0].part_number == "PN1"
        user = User(email="order@test.com", first_name="Order", last_name="Tester", phone="1234567890")
        user.set_password("pw")
        session.add(user)
        order = Order(id="ORD1", user=user, total=100.0)
        session.add(order)
        item = OrderItem(order=order, part_number="PN1", quantity=2, material="Steel", thickness=0.25)
        session.add(item)
>       session.commit()

tests\test_models.py:68: 
_ _ _ _ _ _ _ _ _ _ _ _ _ _ _ _ _ _ _ _ _ _ _ _ _ _ _ _ _ _ _ _ _ _ _ _ _ _ _ _
..\..\AppData\Local\Programs\Python\Python313\Lib\site-packages\sqlalchemy\orm\session.py:2032: in commit
    trans.commit(_to_root=True)
<string>:2: in commit
    ???
..\..\AppData\Local\Programs\Python\Python313\Lib\site-packages\sqlalchemy\orm\state_changes.py:139: in _go
    ret_value = fn(self, *arg, **kw)
                ^^^^^^^^^^^^^^^^^^^^
..\..\AppData\Local\Programs\Python\Python313\Lib\site-packages\sqlalchemy\orm\session.py:1313: in commit
    self._prepare_impl()
<string>:2: in _prepare_impl
    ???
..\..\AppData\Local\Programs\Python\Python313\Lib\site-packages\sqlalchemy\orm\state_changes.py:139: in _go
    ret_value = fn(self, *arg, **kw)
                ^^^^^^^^^^^^^^^^^^^^
..\..\AppData\Local\Programs\Python\Python313\Lib\site-packages\sqlalchemy\orm\session.py:1288: in _prepare_impl
    self.session.flush()
..\..\AppData\Local\Programs\Python\Python313\Lib\site-packages\sqlalchemy\orm\session.py:4345: in flush
    self._flush(objects)
..\..\AppData\Local\Programs\Python\Python313\Lib\site-packages\sqlalchemy\orm\session.py:4480: in _flush
    with util.safe_reraise():
         ^^^^^^^^^^^^^^^^^^^
..\..\AppData\Local\Programs\Python\Python313\Lib\site-packages\sqlalchemy\util\langhelpers.py:224: in __exit__
    raise exc_value.with_traceback(exc_tb)
..\..\AppData\Local\Programs\Python\Python313\Lib\site-packages\sqlalchemy\orm\session.py:4441: in _flush
    flush_context.execute()
..\..\AppData\Local\Programs\Python\Python313\Lib\site-packages\sqlalchemy\orm\unitofwork.py:466: in execute
    rec.execute(self)
..\..\AppData\Local\Programs\Python\Python313\Lib\site-packages\sqlalchemy\orm\unitofwork.py:642: in execute
    util.preloaded.orm_persistence.save_obj(
..\..\AppData\Local\Programs\Python\Python313\Lib\site-packages\sqlalchemy\orm\persistence.py:93: in save_obj
    _emit_insert_statements(
..\..\AppData\Local\Programs\Python\Python313\Lib\site-packages\sqlalchemy\orm\persistence.py:1233: in _emit_insert_statements
    result = connection.execute(
..\..\AppData\Local\Programs\Python\Python313\Lib\site-packages\sqlalchemy\engine\base.py:1415: in execute
    return meth(
..\..\AppData\Local\Programs\Python\Python313\Lib\site-packages\sqlalchemy\sql\elements.py:523: in _execute_on_connection
    return connection._execute_clauseelement(
..\..\AppData\Local\Programs\Python\Python313\Lib\site-packages\sqlalchemy\engine\base.py:1637: in _execute_clauseelement
    ret = self._execute_context(
..\..\AppData\Local\Programs\Python\Python313\Lib\site-packages\sqlalchemy\engine\base.py:1842: in _execute_context
    return self._exec_single_context(
..\..\AppData\Local\Programs\Python\Python313\Lib\site-packages\sqlalchemy\engine\base.py:1982: in _exec_single_context
    self._handle_dbapi_exception(
..\..\AppData\Local\Programs\Python\Python313\Lib\site-packages\sqlalchemy\engine\base.py:2351: in _handle_dbapi_exception
    raise sqlalchemy_exception.with_traceback(exc_info[2]) from e
..\..\AppData\Local\Programs\Python\Python313\Lib\site-packages\sqlalchemy\engine\base.py:1963: in _exec_single_context
    self.dialect.do_execute(
_ _ _ _ _ _ _ _ _ _ _ _ _ _ _ _ _ _ _ _ _ _ _ _ _ _ _ _ _ _ _ _ _ _ _ _ _ _ _ _

self = <sqlalchemy.dialects.sqlite.pysqlite.SQLiteDialect_pysqlite object at 0x000002E3041AB410>
cursor = <sqlite3.Cursor object at 0x000002E305598EC0>
statement = 'INSERT INTO user (email, company, first_name, last_name, phone, password_hash, password_reset_token) VALUES (?, ?, ?, ?, ?, ?, ?)'
parameters = ('order@test.com', None, 'Order', 'Tester', '1234567890', 'scrypt:32768:8:1$BJk075Z5NHAge58s$54bde5aaefb5c592ca9dad8511c005d0368c19cd1f12e044b373d30de05012e03e09ef4742b6a4d9ec13155d45fa8affc168cdc445d367b9004b138f7b8133c1', ...)
context = <sqlalchemy.dialects.sqlite.base.SQLiteExecutionContext object at 0x000002E30427EEB0>

    def do_execute(self, cursor, statement, parameters, context=None):
>       cursor.execute(statement, parameters)
E       sqlalchemy.exc.IntegrityError: (sqlite3.IntegrityError) UNIQUE constraint failed: user.email
E       [SQL: INSERT INTO user (email, company, first_name, last_name, phone, password_hash, password_reset_token) VALUES (?, ?, ?, ?, ?, ?, ?)]
E       [parameters: ('order@test.com', None, 'Order', 'Tester', '1234567890', 'scrypt:32768:8:1$BJk075Z5NHAge58s$54bde5aaefb5c592ca9dad8511c005d0368c19cd1f12e044b373d30de05012e03e09ef4742b6a4d9ec13155d45fa8affc168cdc445d367b9004b138f7b8133c1', None)]
E       (Background on this error at: https://sqlalche.me/e/20/gkpj)

..\..\AppData\Local\Programs\Python\Python313\Lib\site-packages\sqlalchemy\engine\default.py:943: IntegrityError
-------------------------- Captured stderr teardown ---------------------------
2025-07-06 18:07:49,120 - ERROR - Test tests/test_models.py::test_order_relationships FAILED
Captured output:

Captured stderr:

2025-07-06 18:07:49,121 - ERROR - Failure traceback for tests/test_models.py::test_order_relationships:
self = <sqlalchemy.engine.base.Connection object at 0x000002E30423C890>
dialect = <sqlalchemy.dialects.sqlite.pysqlite.SQLiteDialect_pysqlite object at 0x000002E3041AB410>
context = <sqlalchemy.dialects.sqlite.base.SQLiteExecutionContext object at 0x000002E30427EEB0>
statement = <sqlalchemy.dialects.sqlite.base.SQLiteCompiler object at 0x000002E30426CF50>
parameters = [('order@test.com', None, 'Order', 'Tester', '1234567890', 'scrypt:32768:8:1$BJk075Z5NHAge58s$54bde5aaefb5c592ca9dad8511c005d0368c19cd1f12e044b373d30de05012e03e09ef4742b6a4d9ec13155d45fa8affc168cdc445d367b9004b138f7b8133c1', ...)]

    def _exec_single_context(
        self,
        dialect: Dialect,
        context: ExecutionContext,
        statement: Union[str, Compiled],
        parameters: Optional[_AnyMultiExecuteParams],
    ) -> CursorResult[Any]:
        """continue the _execute_context() method for a single DBAPI
        cursor.execute() or cursor.executemany() call.
    
        """
        if dialect.bind_typing is BindTyping.SETINPUTSIZES:
            generic_setinputsizes = context._prepare_set_input_sizes()
    
            if generic_setinputsizes:
                try:
                    dialect.do_set_input_sizes(
                        context.cursor, generic_setinputsizes, context
                    )
                except BaseException as e:
                    self._handle_dbapi_exception(
                        e, str(statement), parameters, None, context
                    )
    
        cursor, str_statement, parameters = (
            context.cursor,
            context.statement,
            context.parameters,
        )
    
        effective_parameters: Optional[_AnyExecuteParams]
    
        if not context.executemany:
            effective_parameters = parameters[0]
        else:
            effective_parameters = parameters
    
        if self._has_events or self.engine._has_events:
            for fn in self.dispatch.before_cursor_execute:
                str_statement, effective_parameters = fn(
                    self,
                    cursor,
                    str_statement,
                    effective_parameters,
                    context,
                    context.executemany,
                )
    
        if self._echo:
            self._log_info(str_statement)
    
            stats = context._get_cache_stats()
    
            if not self.engine.hide_parameters:
                self._log_info(
                    "[%s] %r",
                    stats,
                    sql_util._repr_params(
                        effective_parameters,
                        batches=10,
                        ismulti=context.executemany,
                    ),
                )
            else:
                self._log_info(
                    "[%s] [SQL parameters hidden due to hide_parameters=True]",
                    stats,
                )
    
        evt_handled: bool = False
        try:
            if context.execute_style is ExecuteStyle.EXECUTEMANY:
                effective_parameters = cast(
                    "_CoreMultiExecuteParams", effective_parameters
                )
                if self.dialect._has_events:
                    for fn in self.dialect.dispatch.do_executemany:
                        if fn(
                            cursor,
                            str_statement,
                            effective_parameters,
                            context,
                        ):
                            evt_handled = True
                            break
                if not evt_handled:
                    self.dialect.do_executemany(
                        cursor,
                        str_statement,
                        effective_parameters,
                        context,
                    )
            elif not effective_parameters and context.no_parameters:
                if self.dialect._has_events:
                    for fn in self.dialect.dispatch.do_execute_no_params:
                        if fn(cursor, str_statement, context):
                            evt_handled = True
                            break
                if not evt_handled:
                    self.dialect.do_execute_no_params(
                        cursor, str_statement, context
                    )
            else:
                effective_parameters = cast(
                    "_CoreSingleExecuteParams", effective_parameters
                )
                if self.dialect._has_events:
                    for fn in self.dialect.dispatch.do_execute:
                        if fn(
                            cursor,
                            str_statement,
                            effective_parameters,
                            context,
                        ):
                            evt_handled = True
                            break
                if not evt_handled:
>                   self.dialect.do_execute(
                        cursor, str_statement, effective_parameters, context
                    )

..\..\AppData\Local\Programs\Python\Python313\Lib\site-packages\sqlalchemy\engine\base.py:1963: 
_ _ _ _ _ _ _ _ _ _ _ _ _ _ _ _ _ _ _ _ _ _ _ _ _ _ _ _ _ _ _ _ _ _ _ _ _ _ _ _

self = <sqlalchemy.dialects.sqlite.pysqlite.SQLiteDialect_pysqlite object at 0x000002E3041AB410>
cursor = <sqlite3.Cursor object at 0x000002E305598EC0>
statement = 'INSERT INTO user (email, company, first_name, last_name, phone, password_hash, password_reset_token) VALUES (?, ?, ?, ?, ?, ?, ?)'
parameters = ('order@test.com', None, 'Order', 'Tester', '1234567890', 'scrypt:32768:8:1$BJk075Z5NHAge58s$54bde5aaefb5c592ca9dad8511c005d0368c19cd1f12e044b373d30de05012e03e09ef4742b6a4d9ec13155d45fa8affc168cdc445d367b9004b138f7b8133c1', ...)
context = <sqlalchemy.dialects.sqlite.base.SQLiteExecutionContext object at 0x000002E30427EEB0>

    def do_execute(self, cursor, statement, parameters, context=None):
>       cursor.execute(statement, parameters)
E       sqlite3.IntegrityError: UNIQUE constraint failed: user.email

..\..\AppData\Local\Programs\Python\Python313\Lib\site-packages\sqlalchemy\engine\default.py:943: IntegrityError

The above exception was the direct cause of the following exception:

session = <sqlalchemy.orm.session.Session object at 0x000002E30426E850>

    def test_order_relationships(session):
        user = User(email="order@test.com", first_name="Order", last_name="Tester", phone="1234567890")
        user.set_password("pw")
        session.add(user)
        order = Order(id="ORD1", user=user, total=100.0)
        session.add(order)
        item = OrderItem(order=order, part_number="PN1", quantity=2, material="Steel", thickness=0.25)
        session.add(item)
        session.commit()
        fetched_order = session.query(Order).filter_by(id="ORD1").one()
        assert fetched_order.user.email == "order@test.com"
        assert fetched_order.items[0].part_number == "PN1"
        user = User(email="order@test.com", first_name="Order", last_name="Tester", phone="1234567890")
        user.set_password("pw")
        session.add(user)
        order = Order(id="ORD1", user=user, total=100.0)
        session.add(order)
        item = OrderItem(order=order, part_number="PN1", quantity=2, material="Steel", thickness=0.25)
        session.add(item)
>       session.commit()

tests\test_models.py:68: 
_ _ _ _ _ _ _ _ _ _ _ _ _ _ _ _ _ _ _ _ _ _ _ _ _ _ _ _ _ _ _ _ _ _ _ _ _ _ _ _
..\..\AppData\Local\Programs\Python\Python313\Lib\site-packages\sqlalchemy\orm\session.py:2032: in commit
    trans.commit(_to_root=True)
<string>:2: in commit
    ???
..\..\AppData\Local\Programs\Python\Python313\Lib\site-packages\sqlalchemy\orm\state_changes.py:139: in _go
    ret_value = fn(self, *arg, **kw)
                ^^^^^^^^^^^^^^^^^^^^
..\..\AppData\Local\Programs\Python\Python313\Lib\site-packages\sqlalchemy\orm\session.py:1313: in commit
    self._prepare_impl()
<string>:2: in _prepare_impl
    ???
..\..\AppData\Local\Programs\Python\Python313\Lib\site-packages\sqlalchemy\orm\state_changes.py:139: in _go
    ret_value = fn(self, *arg, **kw)
                ^^^^^^^^^^^^^^^^^^^^
..\..\AppData\Local\Programs\Python\Python313\Lib\site-packages\sqlalchemy\orm\session.py:1288: in _prepare_impl
    self.session.flush()
..\..\AppData\Local\Programs\Python\Python313\Lib\site-packages\sqlalchemy\orm\session.py:4345: in flush
    self._flush(objects)
..\..\AppData\Local\Programs\Python\Python313\Lib\site-packages\sqlalchemy\orm\session.py:4480: in _flush
    with util.safe_reraise():
         ^^^^^^^^^^^^^^^^^^^
..\..\AppData\Local\Programs\Python\Python313\Lib\site-packages\sqlalchemy\util\langhelpers.py:224: in __exit__
    raise exc_value.with_traceback(exc_tb)
..\..\AppData\Local\Programs\Python\Python313\Lib\site-packages\sqlalchemy\orm\session.py:4441: in _flush
    flush_context.execute()
..\..\AppData\Local\Programs\Python\Python313\Lib\site-packages\sqlalchemy\orm\unitofwork.py:466: in execute
    rec.execute(self)
..\..\AppData\Local\Programs\Python\Python313\Lib\site-packages\sqlalchemy\orm\unitofwork.py:642: in execute
    util.preloaded.orm_persistence.save_obj(
..\..\AppData\Local\Programs\Python\Python313\Lib\site-packages\sqlalchemy\orm\persistence.py:93: in save_obj
    _emit_insert_statements(
..\..\AppData\Local\Programs\Python\Python313\Lib\site-packages\sqlalchemy\orm\persistence.py:1233: in _emit_insert_statements
    result = connection.execute(
..\..\AppData\Local\Programs\Python\Python313\Lib\site-packages\sqlalchemy\engine\base.py:1415: in execute
    return meth(
..\..\AppData\Local\Programs\Python\Python313\Lib\site-packages\sqlalchemy\sql\elements.py:523: in _execute_on_connection
    return connection._execute_clauseelement(
..\..\AppData\Local\Programs\Python\Python313\Lib\site-packages\sqlalchemy\engine\base.py:1637: in _execute_clauseelement
    ret = self._execute_context(
..\..\AppData\Local\Programs\Python\Python313\Lib\site-packages\sqlalchemy\engine\base.py:1842: in _execute_context
    return self._exec_single_context(
..\..\AppData\Local\Programs\Python\Python313\Lib\site-packages\sqlalchemy\engine\base.py:1982: in _exec_single_context
    self._handle_dbapi_exception(
..\..\AppData\Local\Programs\Python\Python313\Lib\site-packages\sqlalchemy\engine\base.py:2351: in _handle_dbapi_exception
    raise sqlalchemy_exception.with_traceback(exc_info[2]) from e
..\..\AppData\Local\Programs\Python\Python313\Lib\site-packages\sqlalchemy\engine\base.py:1963: in _exec_single_context
    self.dialect.do_execute(
_ _ _ _ _ _ _ _ _ _ _ _ _ _ _ _ _ _ _ _ _ _ _ _ _ _ _ _ _ _ _ _ _ _ _ _ _ _ _ _

self = <sqlalchemy.dialects.sqlite.pysqlite.SQLiteDialect_pysqlite object at 0x000002E3041AB410>
cursor = <sqlite3.Cursor object at 0x000002E305598EC0>
statement = 'INSERT INTO user (email, company, first_name, last_name, phone, password_hash, password_reset_token) VALUES (?, ?, ?, ?, ?, ?, ?)'
parameters = ('order@test.com', None, 'Order', 'Tester', '1234567890', 'scrypt:32768:8:1$BJk075Z5NHAge58s$54bde5aaefb5c592ca9dad8511c005d0368c19cd1f12e044b373d30de05012e03e09ef4742b6a4d9ec13155d45fa8affc168cdc445d367b9004b138f7b8133c1', ...)
context = <sqlalchemy.dialects.sqlite.base.SQLiteExecutionContext object at 0x000002E30427EEB0>

    def do_execute(self, cursor, statement, parameters, context=None):
>       cursor.execute(statement, parameters)
E       sqlalchemy.exc.IntegrityError: (sqlite3.IntegrityError) UNIQUE constraint failed: user.email
E       [SQL: INSERT INTO user (email, company, first_name, last_name, phone, password_hash, password_reset_token) VALUES (?, ?, ?, ?, ?, ?, ?)]
E       [parameters: ('order@test.com', None, 'Order', 'Tester', '1234567890', 'scrypt:32768:8:1$BJk075Z5NHAge58s$54bde5aaefb5c592ca9dad8511c005d0368c19cd1f12e044b373d30de05012e03e09ef4742b6a4d9ec13155d45fa8affc168cdc445d367b9004b138f7b8133c1', None)]
E       (Background on this error at: https://sqlalche.me/e/20/gkpj)

..\..\AppData\Local\Programs\Python\Python313\Lib\site-packages\sqlalchemy\engine\default.py:943: IntegrityError
___________________________ test_dev_model_summary ____________________________

self = <sqlalchemy.engine.base.Connection object at 0x000002E30423C1D0>
dialect = <sqlalchemy.dialects.sqlite.pysqlite.SQLiteDialect_pysqlite object at 0x000002E3041AB410>
context = <sqlalchemy.dialects.sqlite.base.SQLiteExecutionContext object at 0x000002E30419B930>
statement = <sqlalchemy.dialects.sqlite.base.SQLiteCompiler object at 0x000002E30426CF50>
parameters = [('dev@dev.com', None, 'Dev', 'Test', '1234567890', 'scrypt:32768:8:1$gQQh9CnNXRQF45ZG$ad07c980ea8f93bb5240ffd9a18ce5f87bc47ba24b7bc5c64afdfac7a5afeda07e8d010e2b2db24df6edf0698d08a5142d78edcbf7135661f7654aaf2838b23a', ...)]

    def _exec_single_context(
        self,
        dialect: Dialect,
        context: ExecutionContext,
        statement: Union[str, Compiled],
        parameters: Optional[_AnyMultiExecuteParams],
    ) -> CursorResult[Any]:
        """continue the _execute_context() method for a single DBAPI
        cursor.execute() or cursor.executemany() call.
    
        """
        if dialect.bind_typing is BindTyping.SETINPUTSIZES:
            generic_setinputsizes = context._prepare_set_input_sizes()
    
            if generic_setinputsizes:
                try:
                    dialect.do_set_input_sizes(
                        context.cursor, generic_setinputsizes, context
                    )
                except BaseException as e:
                    self._handle_dbapi_exception(
                        e, str(statement), parameters, None, context
                    )
    
        cursor, str_statement, parameters = (
            context.cursor,
            context.statement,
            context.parameters,
        )
    
        effective_parameters: Optional[_AnyExecuteParams]
    
        if not context.executemany:
            effective_parameters = parameters[0]
        else:
            effective_parameters = parameters
    
        if self._has_events or self.engine._has_events:
            for fn in self.dispatch.before_cursor_execute:
                str_statement, effective_parameters = fn(
                    self,
                    cursor,
                    str_statement,
                    effective_parameters,
                    context,
                    context.executemany,
                )
    
        if self._echo:
            self._log_info(str_statement)
    
            stats = context._get_cache_stats()
    
            if not self.engine.hide_parameters:
                self._log_info(
                    "[%s] %r",
                    stats,
                    sql_util._repr_params(
                        effective_parameters,
                        batches=10,
                        ismulti=context.executemany,
                    ),
                )
            else:
                self._log_info(
                    "[%s] [SQL parameters hidden due to hide_parameters=True]",
                    stats,
                )
    
        evt_handled: bool = False
        try:
            if context.execute_style is ExecuteStyle.EXECUTEMANY:
                effective_parameters = cast(
                    "_CoreMultiExecuteParams", effective_parameters
                )
                if self.dialect._has_events:
                    for fn in self.dialect.dispatch.do_executemany:
                        if fn(
                            cursor,
                            str_statement,
                            effective_parameters,
                            context,
                        ):
                            evt_handled = True
                            break
                if not evt_handled:
                    self.dialect.do_executemany(
                        cursor,
                        str_statement,
                        effective_parameters,
                        context,
                    )
            elif not effective_parameters and context.no_parameters:
                if self.dialect._has_events:
                    for fn in self.dialect.dispatch.do_execute_no_params:
                        if fn(cursor, str_statement, context):
                            evt_handled = True
                            break
                if not evt_handled:
                    self.dialect.do_execute_no_params(
                        cursor, str_statement, context
                    )
            else:
                effective_parameters = cast(
                    "_CoreSingleExecuteParams", effective_parameters
                )
                if self.dialect._has_events:
                    for fn in self.dialect.dispatch.do_execute:
                        if fn(
                            cursor,
                            str_statement,
                            effective_parameters,
                            context,
                        ):
                            evt_handled = True
                            break
                if not evt_handled:
>                   self.dialect.do_execute(
                        cursor, str_statement, effective_parameters, context
                    )

..\..\AppData\Local\Programs\Python\Python313\Lib\site-packages\sqlalchemy\engine\base.py:1963: 
_ _ _ _ _ _ _ _ _ _ _ _ _ _ _ _ _ _ _ _ _ _ _ _ _ _ _ _ _ _ _ _ _ _ _ _ _ _ _ _

self = <sqlalchemy.dialects.sqlite.pysqlite.SQLiteDialect_pysqlite object at 0x000002E3041AB410>
cursor = <sqlite3.Cursor object at 0x000002E3066C4AC0>
statement = 'INSERT INTO user (email, company, first_name, last_name, phone, password_hash, password_reset_token) VALUES (?, ?, ?, ?, ?, ?, ?)'
parameters = ('dev@dev.com', None, 'Dev', 'Test', '1234567890', 'scrypt:32768:8:1$gQQh9CnNXRQF45ZG$ad07c980ea8f93bb5240ffd9a18ce5f87bc47ba24b7bc5c64afdfac7a5afeda07e8d010e2b2db24df6edf0698d08a5142d78edcbf7135661f7654aaf2838b23a', ...)
context = <sqlalchemy.dialects.sqlite.base.SQLiteExecutionContext object at 0x000002E30419B930>

    def do_execute(self, cursor, statement, parameters, context=None):
>       cursor.execute(statement, parameters)
E       sqlite3.IntegrityError: UNIQUE constraint failed: user.email

..\..\AppData\Local\Programs\Python\Python313\Lib\site-packages\sqlalchemy\engine\default.py:943: IntegrityError

The above exception was the direct cause of the following exception:

session = <sqlalchemy.orm.session.Session object at 0x000002E30426D1D0>
capsys = <_pytest.capture.CaptureFixture object at 0x000002E30426D950>

    def test_dev_model_summary(session, capsys):
        user = User(email="dev@dev.com", first_name="Dev", last_name="Test", phone="1234567890")
        user.set_password("pw")
        session.add(user)
        session.commit()
        print(f"[DEV] User created: {user.email}")
        out, _ = capsys.readouterr()
        assert "[DEV] User created:" in out
        user = User(email="dev@dev.com", first_name="Dev", last_name="Test", phone="1234567890")
        user.set_password("pw")
        session.add(user)
>       session.commit()

tests\test_models.py:85: 
_ _ _ _ _ _ _ _ _ _ _ _ _ _ _ _ _ _ _ _ _ _ _ _ _ _ _ _ _ _ _ _ _ _ _ _ _ _ _ _
..\..\AppData\Local\Programs\Python\Python313\Lib\site-packages\sqlalchemy\orm\session.py:2032: in commit
    trans.commit(_to_root=True)
<string>:2: in commit
    ???
..\..\AppData\Local\Programs\Python\Python313\Lib\site-packages\sqlalchemy\orm\state_changes.py:139: in _go
    ret_value = fn(self, *arg, **kw)
                ^^^^^^^^^^^^^^^^^^^^
..\..\AppData\Local\Programs\Python\Python313\Lib\site-packages\sqlalchemy\orm\session.py:1313: in commit
    self._prepare_impl()
<string>:2: in _prepare_impl
    ???
..\..\AppData\Local\Programs\Python\Python313\Lib\site-packages\sqlalchemy\orm\state_changes.py:139: in _go
    ret_value = fn(self, *arg, **kw)
                ^^^^^^^^^^^^^^^^^^^^
..\..\AppData\Local\Programs\Python\Python313\Lib\site-packages\sqlalchemy\orm\session.py:1288: in _prepare_impl
    self.session.flush()
..\..\AppData\Local\Programs\Python\Python313\Lib\site-packages\sqlalchemy\orm\session.py:4345: in flush
    self._flush(objects)
..\..\AppData\Local\Programs\Python\Python313\Lib\site-packages\sqlalchemy\orm\session.py:4480: in _flush
    with util.safe_reraise():
         ^^^^^^^^^^^^^^^^^^^
..\..\AppData\Local\Programs\Python\Python313\Lib\site-packages\sqlalchemy\util\langhelpers.py:224: in __exit__
    raise exc_value.with_traceback(exc_tb)
..\..\AppData\Local\Programs\Python\Python313\Lib\site-packages\sqlalchemy\orm\session.py:4441: in _flush
    flush_context.execute()
..\..\AppData\Local\Programs\Python\Python313\Lib\site-packages\sqlalchemy\orm\unitofwork.py:466: in execute
    rec.execute(self)
..\..\AppData\Local\Programs\Python\Python313\Lib\site-packages\sqlalchemy\orm\unitofwork.py:642: in execute
    util.preloaded.orm_persistence.save_obj(
..\..\AppData\Local\Programs\Python\Python313\Lib\site-packages\sqlalchemy\orm\persistence.py:93: in save_obj
    _emit_insert_statements(
..\..\AppData\Local\Programs\Python\Python313\Lib\site-packages\sqlalchemy\orm\persistence.py:1233: in _emit_insert_statements
    result = connection.execute(
..\..\AppData\Local\Programs\Python\Python313\Lib\site-packages\sqlalchemy\engine\base.py:1415: in execute
    return meth(
..\..\AppData\Local\Programs\Python\Python313\Lib\site-packages\sqlalchemy\sql\elements.py:523: in _execute_on_connection
    return connection._execute_clauseelement(
..\..\AppData\Local\Programs\Python\Python313\Lib\site-packages\sqlalchemy\engine\base.py:1637: in _execute_clauseelement
    ret = self._execute_context(
..\..\AppData\Local\Programs\Python\Python313\Lib\site-packages\sqlalchemy\engine\base.py:1842: in _execute_context
    return self._exec_single_context(
..\..\AppData\Local\Programs\Python\Python313\Lib\site-packages\sqlalchemy\engine\base.py:1982: in _exec_single_context
    self._handle_dbapi_exception(
..\..\AppData\Local\Programs\Python\Python313\Lib\site-packages\sqlalchemy\engine\base.py:2351: in _handle_dbapi_exception
    raise sqlalchemy_exception.with_traceback(exc_info[2]) from e
..\..\AppData\Local\Programs\Python\Python313\Lib\site-packages\sqlalchemy\engine\base.py:1963: in _exec_single_context
    self.dialect.do_execute(
_ _ _ _ _ _ _ _ _ _ _ _ _ _ _ _ _ _ _ _ _ _ _ _ _ _ _ _ _ _ _ _ _ _ _ _ _ _ _ _

self = <sqlalchemy.dialects.sqlite.pysqlite.SQLiteDialect_pysqlite object at 0x000002E3041AB410>
cursor = <sqlite3.Cursor object at 0x000002E3066C4AC0>
statement = 'INSERT INTO user (email, company, first_name, last_name, phone, password_hash, password_reset_token) VALUES (?, ?, ?, ?, ?, ?, ?)'
parameters = ('dev@dev.com', None, 'Dev', 'Test', '1234567890', 'scrypt:32768:8:1$gQQh9CnNXRQF45ZG$ad07c980ea8f93bb5240ffd9a18ce5f87bc47ba24b7bc5c64afdfac7a5afeda07e8d010e2b2db24df6edf0698d08a5142d78edcbf7135661f7654aaf2838b23a', ...)
context = <sqlalchemy.dialects.sqlite.base.SQLiteExecutionContext object at 0x000002E30419B930>

    def do_execute(self, cursor, statement, parameters, context=None):
>       cursor.execute(statement, parameters)
E       sqlalchemy.exc.IntegrityError: (sqlite3.IntegrityError) UNIQUE constraint failed: user.email
E       [SQL: INSERT INTO user (email, company, first_name, last_name, phone, password_hash, password_reset_token) VALUES (?, ?, ?, ?, ?, ?, ?)]
E       [parameters: ('dev@dev.com', None, 'Dev', 'Test', '1234567890', 'scrypt:32768:8:1$gQQh9CnNXRQF45ZG$ad07c980ea8f93bb5240ffd9a18ce5f87bc47ba24b7bc5c64afdfac7a5afeda07e8d010e2b2db24df6edf0698d08a5142d78edcbf7135661f7654aaf2838b23a', None)]
E       (Background on this error at: https://sqlalche.me/e/20/gkpj)

..\..\AppData\Local\Programs\Python\Python313\Lib\site-packages\sqlalchemy\engine\default.py:943: IntegrityError
-------------------------- Captured stderr teardown ---------------------------
2025-07-06 18:07:50,236 - ERROR - Test tests/test_models.py::test_dev_model_summary FAILED
Captured output:

Captured stderr:

2025-07-06 18:07:50,238 - ERROR - Failure traceback for tests/test_models.py::test_dev_model_summary:
self = <sqlalchemy.engine.base.Connection object at 0x000002E30423C1D0>
dialect = <sqlalchemy.dialects.sqlite.pysqlite.SQLiteDialect_pysqlite object at 0x000002E3041AB410>
context = <sqlalchemy.dialects.sqlite.base.SQLiteExecutionContext object at 0x000002E30419B930>
statement = <sqlalchemy.dialects.sqlite.base.SQLiteCompiler object at 0x000002E30426CF50>
parameters = [('dev@dev.com', None, 'Dev', 'Test', '1234567890', 'scrypt:32768:8:1$gQQh9CnNXRQF45ZG$ad07c980ea8f93bb5240ffd9a18ce5f87bc47ba24b7bc5c64afdfac7a5afeda07e8d010e2b2db24df6edf0698d08a5142d78edcbf7135661f7654aaf2838b23a', ...)]

    def _exec_single_context(
        self,
        dialect: Dialect,
        context: ExecutionContext,
        statement: Union[str, Compiled],
        parameters: Optional[_AnyMultiExecuteParams],
    ) -> CursorResult[Any]:
        """continue the _execute_context() method for a single DBAPI
        cursor.execute() or cursor.executemany() call.
    
        """
        if dialect.bind_typing is BindTyping.SETINPUTSIZES:
            generic_setinputsizes = context._prepare_set_input_sizes()
    
            if generic_setinputsizes:
                try:
                    dialect.do_set_input_sizes(
                        context.cursor, generic_setinputsizes, context
                    )
                except BaseException as e:
                    self._handle_dbapi_exception(
                        e, str(statement), parameters, None, context
                    )
    
        cursor, str_statement, parameters = (
            context.cursor,
            context.statement,
            context.parameters,
        )
    
        effective_parameters: Optional[_AnyExecuteParams]
    
        if not context.executemany:
            effective_parameters = parameters[0]
        else:
            effective_parameters = parameters
    
        if self._has_events or self.engine._has_events:
            for fn in self.dispatch.before_cursor_execute:
                str_statement, effective_parameters = fn(
                    self,
                    cursor,
                    str_statement,
                    effective_parameters,
                    context,
                    context.executemany,
                )
    
        if self._echo:
            self._log_info(str_statement)
    
            stats = context._get_cache_stats()
    
            if not self.engine.hide_parameters:
                self._log_info(
                    "[%s] %r",
                    stats,
                    sql_util._repr_params(
                        effective_parameters,
                        batches=10,
                        ismulti=context.executemany,
                    ),
                )
            else:
                self._log_info(
                    "[%s] [SQL parameters hidden due to hide_parameters=True]",
                    stats,
                )
    
        evt_handled: bool = False
        try:
            if context.execute_style is ExecuteStyle.EXECUTEMANY:
                effective_parameters = cast(
                    "_CoreMultiExecuteParams", effective_parameters
                )
                if self.dialect._has_events:
                    for fn in self.dialect.dispatch.do_executemany:
                        if fn(
                            cursor,
                            str_statement,
                            effective_parameters,
                            context,
                        ):
                            evt_handled = True
                            break
                if not evt_handled:
                    self.dialect.do_executemany(
                        cursor,
                        str_statement,
                        effective_parameters,
                        context,
                    )
            elif not effective_parameters and context.no_parameters:
                if self.dialect._has_events:
                    for fn in self.dialect.dispatch.do_execute_no_params:
                        if fn(cursor, str_statement, context):
                            evt_handled = True
                            break
                if not evt_handled:
                    self.dialect.do_execute_no_params(
                        cursor, str_statement, context
                    )
            else:
                effective_parameters = cast(
                    "_CoreSingleExecuteParams", effective_parameters
                )
                if self.dialect._has_events:
                    for fn in self.dialect.dispatch.do_execute:
                        if fn(
                            cursor,
                            str_statement,
                            effective_parameters,
                            context,
                        ):
                            evt_handled = True
                            break
                if not evt_handled:
>                   self.dialect.do_execute(
                        cursor, str_statement, effective_parameters, context
                    )

..\..\AppData\Local\Programs\Python\Python313\Lib\site-packages\sqlalchemy\engine\base.py:1963: 
_ _ _ _ _ _ _ _ _ _ _ _ _ _ _ _ _ _ _ _ _ _ _ _ _ _ _ _ _ _ _ _ _ _ _ _ _ _ _ _

self = <sqlalchemy.dialects.sqlite.pysqlite.SQLiteDialect_pysqlite object at 0x000002E3041AB410>
cursor = <sqlite3.Cursor object at 0x000002E3066C4AC0>
statement = 'INSERT INTO user (email, company, first_name, last_name, phone, password_hash, password_reset_token) VALUES (?, ?, ?, ?, ?, ?, ?)'
parameters = ('dev@dev.com', None, 'Dev', 'Test', '1234567890', 'scrypt:32768:8:1$gQQh9CnNXRQF45ZG$ad07c980ea8f93bb5240ffd9a18ce5f87bc47ba24b7bc5c64afdfac7a5afeda07e8d010e2b2db24df6edf0698d08a5142d78edcbf7135661f7654aaf2838b23a', ...)
context = <sqlalchemy.dialects.sqlite.base.SQLiteExecutionContext object at 0x000002E30419B930>

    def do_execute(self, cursor, statement, parameters, context=None):
>       cursor.execute(statement, parameters)
E       sqlite3.IntegrityError: UNIQUE constraint failed: user.email

..\..\AppData\Local\Programs\Python\Python313\Lib\site-packages\sqlalchemy\engine\default.py:943: IntegrityError

The above exception was the direct cause of the following exception:

session = <sqlalchemy.orm.session.Session object at 0x000002E30426D1D0>
capsys = <_pytest.capture.CaptureFixture object at 0x000002E30426D950>

    def test_dev_model_summary(session, capsys):
        user = User(email="dev@dev.com", first_name="Dev", last_name="Test", phone="1234567890")
        user.set_password("pw")
        session.add(user)
        session.commit()
        print(f"[DEV] User created: {user.email}")
        out, _ = capsys.readouterr()
        assert "[DEV] User created:" in out
        user = User(email="dev@dev.com", first_name="Dev", last_name="Test", phone="1234567890")
        user.set_password("pw")
        session.add(user)
>       session.commit()

tests\test_models.py:85: 
_ _ _ _ _ _ _ _ _ _ _ _ _ _ _ _ _ _ _ _ _ _ _ _ _ _ _ _ _ _ _ _ _ _ _ _ _ _ _ _
..\..\AppData\Local\Programs\Python\Python313\Lib\site-packages\sqlalchemy\orm\session.py:2032: in commit
    trans.commit(_to_root=True)
<string>:2: in commit
    ???
..\..\AppData\Local\Programs\Python\Python313\Lib\site-packages\sqlalchemy\orm\state_changes.py:139: in _go
    ret_value = fn(self, *arg, **kw)
                ^^^^^^^^^^^^^^^^^^^^
..\..\AppData\Local\Programs\Python\Python313\Lib\site-packages\sqlalchemy\orm\session.py:1313: in commit
    self._prepare_impl()
<string>:2: in _prepare_impl
    ???
..\..\AppData\Local\Programs\Python\Python313\Lib\site-packages\sqlalchemy\orm\state_changes.py:139: in _go
    ret_value = fn(self, *arg, **kw)
                ^^^^^^^^^^^^^^^^^^^^
..\..\AppData\Local\Programs\Python\Python313\Lib\site-packages\sqlalchemy\orm\session.py:1288: in _prepare_impl
    self.session.flush()
..\..\AppData\Local\Programs\Python\Python313\Lib\site-packages\sqlalchemy\orm\session.py:4345: in flush
    self._flush(objects)
..\..\AppData\Local\Programs\Python\Python313\Lib\site-packages\sqlalchemy\orm\session.py:4480: in _flush
    with util.safe_reraise():
         ^^^^^^^^^^^^^^^^^^^
..\..\AppData\Local\Programs\Python\Python313\Lib\site-packages\sqlalchemy\util\langhelpers.py:224: in __exit__
    raise exc_value.with_traceback(exc_tb)
..\..\AppData\Local\Programs\Python\Python313\Lib\site-packages\sqlalchemy\orm\session.py:4441: in _flush
    flush_context.execute()
..\..\AppData\Local\Programs\Python\Python313\Lib\site-packages\sqlalchemy\orm\unitofwork.py:466: in execute
    rec.execute(self)
..\..\AppData\Local\Programs\Python\Python313\Lib\site-packages\sqlalchemy\orm\unitofwork.py:642: in execute
    util.preloaded.orm_persistence.save_obj(
..\..\AppData\Local\Programs\Python\Python313\Lib\site-packages\sqlalchemy\orm\persistence.py:93: in save_obj
    _emit_insert_statements(
..\..\AppData\Local\Programs\Python\Python313\Lib\site-packages\sqlalchemy\orm\persistence.py:1233: in _emit_insert_statements
    result = connection.execute(
..\..\AppData\Local\Programs\Python\Python313\Lib\site-packages\sqlalchemy\engine\base.py:1415: in execute
    return meth(
..\..\AppData\Local\Programs\Python\Python313\Lib\site-packages\sqlalchemy\sql\elements.py:523: in _execute_on_connection
    return connection._execute_clauseelement(
..\..\AppData\Local\Programs\Python\Python313\Lib\site-packages\sqlalchemy\engine\base.py:1637: in _execute_clauseelement
    ret = self._execute_context(
..\..\AppData\Local\Programs\Python\Python313\Lib\site-packages\sqlalchemy\engine\base.py:1842: in _execute_context
    return self._exec_single_context(
..\..\AppData\Local\Programs\Python\Python313\Lib\site-packages\sqlalchemy\engine\base.py:1982: in _exec_single_context
    self._handle_dbapi_exception(
..\..\AppData\Local\Programs\Python\Python313\Lib\site-packages\sqlalchemy\engine\base.py:2351: in _handle_dbapi_exception
    raise sqlalchemy_exception.with_traceback(exc_info[2]) from e
..\..\AppData\Local\Programs\Python\Python313\Lib\site-packages\sqlalchemy\engine\base.py:1963: in _exec_single_context
    self.dialect.do_execute(
_ _ _ _ _ _ _ _ _ _ _ _ _ _ _ _ _ _ _ _ _ _ _ _ _ _ _ _ _ _ _ _ _ _ _ _ _ _ _ _

self = <sqlalchemy.dialects.sqlite.pysqlite.SQLiteDialect_pysqlite object at 0x000002E3041AB410>
cursor = <sqlite3.Cursor object at 0x000002E3066C4AC0>
statement = 'INSERT INTO user (email, company, first_name, last_name, phone, password_hash, password_reset_token) VALUES (?, ?, ?, ?, ?, ?, ?)'
parameters = ('dev@dev.com', None, 'Dev', 'Test', '1234567890', 'scrypt:32768:8:1$gQQh9CnNXRQF45ZG$ad07c980ea8f93bb5240ffd9a18ce5f87bc47ba24b7bc5c64afdfac7a5afeda07e8d010e2b2db24df6edf0698d08a5142d78edcbf7135661f7654aaf2838b23a', ...)
context = <sqlalchemy.dialects.sqlite.base.SQLiteExecutionContext object at 0x000002E30419B930>

    def do_execute(self, cursor, statement, parameters, context=None):
>       cursor.execute(statement, parameters)
E       sqlalchemy.exc.IntegrityError: (sqlite3.IntegrityError) UNIQUE constraint failed: user.email
E       [SQL: INSERT INTO user (email, company, first_name, last_name, phone, password_hash, password_reset_token) VALUES (?, ?, ?, ?, ?, ?, ?)]
E       [parameters: ('dev@dev.com', None, 'Dev', 'Test', '1234567890', 'scrypt:32768:8:1$gQQh9CnNXRQF45ZG$ad07c980ea8f93bb5240ffd9a18ce5f87bc47ba24b7bc5c64afdfac7a5afeda07e8d010e2b2db24df6edf0698d08a5142d78edcbf7135661f7654aaf2838b23a', None)]
E       (Background on this error at: https://sqlalche.me/e/20/gkpj)

..\..\AppData\Local\Programs\Python\Python313\Lib\site-packages\sqlalchemy\engine\default.py:943: IntegrityError
___________________________ test_parse_dxf_invalid ____________________________

    def test_parse_dxf_invalid():
        # This test passes a non-existent file and expects an exception
>       with pytest.raises(Exception):
             ^^^^^^^^^^^^^^^^^^^^^^^^
E       Failed: DID NOT RAISE <class 'Exception'>

tests\test_utils.py:21: Failed
---------------------------- Captured stderr call -----------------------------
2025-07-06 18:07:51,247 - INFO - inputs.csv loaded from C:\Users\shawng\CascadeProjects\PlasmaProject v1-1-7\inputs.csv
2025-07-06 18:07:51,248 - INFO - material_densities.csv loaded from C:\Users\shawng\CascadeProjects\PlasmaProject v1-1-7\material_densities.csv
2025-07-06 18:07:51,248 - ERROR - Failed to parse /nonexistent/file.dxf: [Errno 2] No such file or directory: '/nonexistent/file.dxf'
------------------------------ Captured log call ------------------------------
INFO     root:dxf_parser.py:71 inputs.csv loaded from C:\Users\shawng\CascadeProjects\PlasmaProject v1-1-7\inputs.csv
INFO     root:dxf_parser.py:42 material_densities.csv loaded from C:\Users\shawng\CascadeProjects\PlasmaProject v1-1-7\material_densities.csv
ERROR    root:dxf_parser.py:732 Failed to parse /nonexistent/file.dxf: [Errno 2] No such file or directory: '/nonexistent/file.dxf'
-------------------------- Captured stderr teardown ---------------------------
2025-07-06 18:07:51,255 - ERROR - Test tests/test_utils.py::test_parse_dxf_invalid FAILED
Captured output:

Captured stderr:
2025-07-06 18:07:51,247 - INFO - inputs.csv loaded from C:\Users\shawng\CascadeProjects\PlasmaProject v1-1-7\inputs.csv
2025-07-06 18:07:51,248 - INFO - material_densities.csv loaded from C:\Users\shawng\CascadeProjects\PlasmaProject v1-1-7\material_densities.csv
2025-07-06 18:07:51,248 - ERROR - Failed to parse /nonexistent/file.dxf: [Errno 2] No such file or directory: '/nonexistent/file.dxf'

2025-07-06 18:07:51,255 - ERROR - Failure traceback for tests/test_utils.py::test_parse_dxf_invalid:
def test_parse_dxf_invalid():
        # This test passes a non-existent file and expects an exception
>       with pytest.raises(Exception):
             ^^^^^^^^^^^^^^^^^^^^^^^^
E       Failed: DID NOT RAISE <class 'Exception'>

tests\test_utils.py:21: Failed
=========================== short test summary info ===========================
FAILED tests/test_cart_creation.py::test_cart_creation_batch - AssertionError...
FAILED tests/test_models.py::test_order_relationships - sqlalchemy.exc.Integr...
FAILED tests/test_models.py::test_dev_model_summary - sqlalchemy.exc.Integrit...
FAILED tests/test_utils.py::test_parse_dxf_invalid - Failed: DID NOT RAISE <c...
!!!!!!!!!!!!!!!!!!!!!!!!!! stopping after 4 failures !!!!!!!!!!!!!!!!!!!!!!!!!!
============ 4 failed, 11 passed, 1 skipped, 2 warnings in 13.53s =============
